Archive member included to satisfy reference by file (symbol)

freertos/vendors/gwt/gap9/libfreertos_gap9.a(startup_gap9.S.obj)
                              (_start)
freertos/vendors/gwt/gap9/libfreertos_gap9.a(system_gap9.c.obj)
                              freertos/vendors/gwt/gap9/libfreertos_gap9.a(startup_gap9.S.obj) (system_init)
freertos/vendors/gwt/gap9/libfreertos_gap9.a(gap_io.c.obj)
                              freertos/vendors/gwt/gap9/libfreertos_gap9.a(system_gap9.c.obj) (system_exit_printf_flush)
freertos/vendors/gwt/gap9/libfreertos_gap9.a(gap9_iet.S.obj)
                              freertos/vendors/gwt/gap9/libfreertos_gap9.a(startup_gap9.S.obj) (mcause_check)
freertos/vendors/gwt/gap9/libfreertos_gap9.a(gap9_it.c.obj)
                              freertos/vendors/gwt/gap9/libfreertos_gap9.a(gap_io.c.obj) (vSetPendSV)
freertos/vendors/gwt/gap9/pmsis/libpmsis_implem_gap9.a(timer.c.obj)
                              freertos/vendors/gwt/gap9/libfreertos_gap9.a(system_gap9.c.obj) (__pi_timer_conf_init)
freertos/vendors/gwt/gap9/pmsis/libpmsis_implem_gap9.a(timer_asm.S.obj)
                              freertos/vendors/gwt/gap9/pmsis/libpmsis_implem_gap9.a(timer.c.obj) (__pi_timer_fc_0_1_irq_handler)
freertos/vendors/gwt/gap9/pmsis/libpmsis_implem_gap9.a(asm_util.S.obj)
                              freertos/vendors/gwt/gap9/libfreertos_gap9.a(startup_gap9.S.obj) (ASM_FUNC_SAVE_MINIMAL_CONTEXT)
freertos/vendors/gwt/gap9/pmsis/libpmsis_implem_gap9.a(pad.c.obj)
                              CMakeFiles/Mobv3SSDLite.dir/Mobv3SSDLite.c.obj (pi_pad_function_set)
freertos/vendors/gwt/gap9/pmsis/libpmsis_implem_gap9.a(fc_event.c.obj)
                              freertos/vendors/gwt/gap9/libfreertos_gap9.a(gap9_iet.S.obj) (fc_soc_event_handler)
freertos/vendors/gwt/gap9/pmsis/libpmsis_implem_gap9.a(ctors_dtors.c.obj)
                              freertos/vendors/gwt/gap9/libfreertos_gap9.a(startup_gap9.S.obj) (__do_ctors__)
freertos/vendors/gwt/gap9/pmsis/libpmsis_implem_gap9.a(gpio.c.obj)
                              freertos/vendors/gwt/gap9/pmsis/libpmsis_implem_gap9.a(pad.c.obj) (__pi_gpio_init)
freertos/vendors/gwt/gap9/pmsis/libpmsis_implem_gap9.a(gpio_asm.S.obj)
                              freertos/vendors/gwt/gap9/pmsis/libpmsis_implem_gap9.a(gpio.c.obj) (__pi_gpio_irq_handler)
freertos/vendors/gwt/libs/libfreertos_libs.a(stdlib.c.obj)
                              CMakeFiles/Mobv3SSDLite.dir/Mobv3SSDLite.c.obj (exit)
freertos/vendors/gwt/libs/libfreertos_libs.a(string.c.obj)
                              freertos/vendors/gwt/gap9/libfreertos_gap9.a(gap_io.c.obj) (memset)
freertos/pmsis/implem/libpmsis_implem.a(fll.c.obj)
                              freertos/vendors/gwt/gap9/libfreertos_gap9.a(system_gap9.c.obj) (__pi_fll_init_all)
freertos/pmsis/implem/libpmsis_implem.a(maestro.c.obj)
                              freertos/vendors/gwt/gap9/libfreertos_gap9.a(gap_io.c.obj) (__pi_pmu_domains_on)
freertos/pmsis/implem/libpmsis_implem.a(maestro_irq.c.obj)
                              freertos/vendors/gwt/gap9/libfreertos_gap9.a(gap9_iet.S.obj) (__pi_pmu_scu_handler)
freertos/pmsis/implem/libpmsis_implem.a(alloc.c.obj)
                              freertos/pmsis/implem/libpmsis_implem.a(maestro.c.obj) (pos_alloc_power_ctrl)
freertos/pmsis/implem/libpmsis_implem.a(alloc_pool.c.obj)
                              CMakeFiles/Mobv3SSDLite.dir/BUILD_MODEL/Mobv3SSDLiteKernels.c.obj (pi_cl_l1_malloc)
freertos/pmsis/implem/libpmsis_implem.a(pi_malloc.c.obj)
                              freertos/vendors/gwt/gap9/libfreertos_gap9.a(system_gap9.c.obj) (pi_malloc_init)
freertos/pmsis/implem/libpmsis_implem.a(cluster-cc.S.obj)
                              freertos/vendors/gwt/gap9/libfreertos_gap9.a(startup_gap9.S.obj) (pi_cl_entry)
freertos/pmsis/implem/libpmsis_implem.a(cluster.c.obj)
                              freertos/pmsis/implem/libpmsis_implem.a(cluster-cc.S.obj) (pi_cluster)
freertos/pmsis/implem/libpmsis_implem.a(cluster-pe-team.S.obj)
                              freertos/pmsis/implem/libpmsis_implem.a(cluster-cc.S.obj) (pi_cl_pe_entry)
freertos/pmsis/implem/libpmsis_implem.a(cluster-pe-workgroup.S.obj)
                              freertos/pmsis/implem/libpmsis_implem.a(cluster.c.obj) (__pi_cl_workitem_exit)
freertos/pmsis/implem/libpmsis_implem.a(udma_core.c.obj)
                              freertos/vendors/gwt/gap9/libfreertos_gap9.a(system_gap9.c.obj) (__pi_udma_chan_fifo)
freertos/pmsis/bsp/libbsp.a(bsp.c.obj)
                              freertos/vendors/gwt/gap9/libfreertos_gap9.a(system_gap9.c.obj) (pi_bsp_init)
freertos/pmsis/bsp/libbsp.a(flash.c.obj)
                              CMakeFiles/Mobv3SSDLite.dir/BUILD_MODEL/Mobv3SSDLiteKernels.c.obj (pi_flash_open)
freertos/pmsis/bsp/libbsp.a(mx25u51245g.c.obj)
                              CMakeFiles/Mobv3SSDLite.dir/BUILD_MODEL/Mobv3SSDLiteKernels.c.obj (pi_mx25u51245g_conf_init)
freertos/pmsis/bsp/libbsp.a(ram.c.obj)
[...]
Memory Configuration

Name             Origin             Length             Attributes
L2_priv0         0x000000001c000004 0x000000000000fffc
L2_priv0_aliased 0x0000000000000004 0x000000000000fffc
L2_shared        0x000000001c010000 0x0000000000180000
L1               0x0000000010000004 0x000000000001fffc
L1_aliased       0x0000000000000004 0x000000000001fffc
*default*        0x0000000000000000 0xffffffffffffffff

Linker script and memory map

LOAD /usr/lib/gap_riscv_toolchain/bin/../lib/gcc/riscv32-unknown-elf/7.1.1/rv32imcxgap9/ilp32/libgcc.a
LOAD /usr/lib/gap_riscv_toolchain/bin/../lib/gcc/riscv32-unknown-elf/7.1.1/rv32imcxgap9/ilp32/libgcc.a
LOAD CMakeFiles/Mobv3SSDLite.dir/Mobv3SSDLite.c.obj
LOAD CMakeFiles/Mobv3SSDLite.dir/home/nano/Desktop/Luca/PhD/gap9_5_2/gap_riscv_toolchain_ubuntu/gap_sdk_private/tools/autotiler_v3/CNN_Libraries/SSD_BasicKernels.c.obj
LOAD CMakeFiles/Mobv3SSDLite.dir/home/nano/Desktop/Luca/PhD/gap9_5_2/gap_riscv_toolchain_ubuntu/gap_sdk_private/tools/autotiler_v3/Generators/BilinearResizes/ResizeBasicKernels.c.obj
LOAD CMakeFiles/Mobv3SSDLite.dir/home/nano/Desktop/Luca/PhD/gap9_5_2/gap_riscv_toolchain_ubuntu/gap_sdk_private/tools/autotiler_v3/CNN_Libraries/CNN_Copy.c.obj
LOAD CMakeFiles/Mobv3SSDLite.dir/home/nano/Desktop/Luca/PhD/gap9_5_2/gap_riscv_toolchain_ubuntu/gap_sdk_private/tools/autotiler_v3/CNN_Libraries_SQ8/CNN_AT_Misc.c.obj
LOAD CMakeFiles/Mobv3SSDLite.dir/home/nano/Desktop/Luca/PhD/gap9_5_2/gap_riscv_toolchain_ubuntu/gap_sdk_private/tools/autotiler_v3/DSP_Libraries/CmplxFunctions.c.obj
LOAD CMakeFiles/Mobv3SSDLite.dir/home/nano/Desktop/Luca/PhD/gap9_5_2/gap_riscv_toolchain_ubuntu/gap_sdk_private/tools/autotiler_v3/DSP_Libraries/MatMulDSP.c.obj
LOAD CMakeFiles/Mobv3SSDLite.dir/home/nano/Desktop/Luca/PhD/gap9_5_2/gap_riscv_toolchain_ubuntu/gap_sdk_private/tools/autotiler_v3/DSP_Libraries/FFT_Library.c.obj
LOAD CMakeFiles/Mobv3SSDLite.dir/home/nano/Desktop/Luca/PhD/gap9_5_2/gap_riscv_toolchain_ubuntu/gap_sdk_private/tools/autotiler_v3/DSP_Libraries/MfccBasicKernels.c.obj
LOAD CMakeFiles/Mobv3SSDLite.dir/home/nano/Desktop/Luca/PhD/gap9_5_2/gap_riscv_toolchain_ubuntu/gap_sdk_private/tools/autotiler_v3/DSP_Libraries/PreProcessing.c.obj
LOAD CMakeFiles/Mobv3SSDLite.dir/home/nano/Desktop/Luca/PhD/gap9_5_2/gap_riscv_toolchain_ubuntu/gap_sdk_private/tools/autotiler_v3/DSP_Libraries/math_funcs.c.obj
LOAD CMakeFiles/Mobv3SSDLite.dir/home/nano/Desktop/Luca/PhD/gap9_5_2/gap_riscv_toolchain_ubuntu/gap_sdk_private/tools/autotiler_v3/DSP_Libraries/pulp_dsp/plp_cos_f32s_xpulpv2.c.obj
LOAD CMakeFiles/Mobv3SSDLite.dir/home/nano/Desktop/Luca/PhD/gap9_5_2/gap_riscv_toolchain_ubuntu/gap_sdk_private/tools/autotiler_v3/DSP_Libraries/pulp_dsp/plp_sin_f32s_xpulpv2.c.obj
LOAD CMakeFiles/Mobv3SSDLite.dir/home/nano/Desktop/Luca/PhD/gap9_5_2/gap_riscv_toolchain_ubuntu/gap_sdk_private/tools/autotiler_v3/DSP_Libraries/pulp_dsp/plp_common_tables.c.obj
LOAD CMakeFiles/Mobv3SSDLite.dir/home/nano/Desktop/Luca/PhD/gap9_5_2/gap_riscv_toolchain_ubuntu/gap_sdk_private/tools/autotiler_v3/CNN_Libraries_SQ8/CNN_Activation_SQ8.c.obj
LOAD CMakeFiles/Mobv3SSDLite.dir/home/nano/Desktop/Luca/PhD/gap9_5_2/gap_riscv_toolchain_ubuntu/gap_sdk_private/tools/autotiler_v3/CNN_Libraries_SQ8/CNN_Bias_Linear_SQ8.c.obj
LOAD CMakeFiles/Mobv3SSDLite.dir/home/nano/Desktop/Luca/PhD/gap9_5_2/gap_riscv_toolchain_ubuntu/gap_sdk_private/tools/autotiler_v3/CNN_Libraries_SQ8/CNN_Conv_SQ8.c.obj
LOAD CMakeFiles/Mobv3SSDLite.dir/home/nano/Desktop/Luca/PhD/gap9_5_2/gap_riscv_toolchain_ubuntu/gap_sdk_private/tools/autotiler_v3/CNN_Libraries_SQ8/CNN_MatMul_Conv_SQ8.c.obj
LOAD CMakeFiles/Mobv3SSDLite.dir/home/nano/Desktop/Luca/PhD/gap9_5_2/gap_riscv_toolchain_ubuntu/gap_sdk_private/tools/autotiler_v3/CNN_Libraries_SQ8/CNN_Pooling_SQ8.c.obj
LOAD CMakeFiles/Mobv3SSDLite.dir/home/nano/Desktop/Luca/PhD/gap9_5_2/gap_riscv_toolchain_ubuntu/gap_sdk_private/tools/autotiler_v3/CNN_Libraries_SQ8/CNN_Conv_DW_SQ8.c.obj
LOAD CMakeFiles/Mobv3SSDLite.dir/home/nano/Desktop/Luca/PhD/gap9_5_2/gap_riscv_toolchain_ubuntu/gap_sdk_private/tools/autotiler_v3/CNN_Libraries_SQ8/CNN_Conv_DW_Red_SQ8.c.obj
LOAD CMakeFiles/Mobv3SSDLite.dir/home/nano/Desktop/Luca/PhD/gap9_5_2/gap_riscv_toolchain_ubuntu/gap_sdk_private/tools/autotiler_v3/CNN_Libraries_SQ8/CNN_MatAlgebra_SQ8.c.obj
LOAD CMakeFiles/Mobv3SSDLite.dir/home/nano/Desktop/Luca/PhD/gap9_5_2/gap_riscv_toolchain_ubuntu/gap_sdk_private/tools/autotiler_v3/CNN_Libraries_SQ8/CNN_SoftMax_SQ8.c.obj
LOAD CMakeFiles/Mobv3SSDLite.dir/home/nano/Desktop/Luca/PhD/gap9_5_2/gap_riscv_toolchain_ubuntu/gap_sdk_private/tools/autotiler_v3/CNN_Libraries_SQ8/RNN_SQ8.c.obj
LOAD CMakeFiles/Mobv3SSDLite.dir/BUILD_MODEL/Mobv3SSDLiteKernels.c.obj
LOAD CMakeFiles/Mobv3SSDLite.dir/Expression_Kernels.c.obj
LOAD freertos/libfreertos.a
LOAD freertos/libdt.a
LOAD freertos/freertos_kernel/portable/GCC/RI5CY-GAP9/libri5cy-gap9.a
LOAD freertos/vendors/gwt/gap9/libfreertos_gap9.a
LOAD freertos/vendors/gwt/gap9/pmsis/libpmsis_implem_gap9.a
LOAD freertos/vendors/gwt/libs/libfreertos_libs.a
LOAD freertos/pmsis/implem/libpmsis_implem.a
LOAD freertos/pmsis/bsp/libbsp.a
LOAD freertos/vendors/gwt/libs/printf/libfreertos_printf.a
LOAD freertos/vendors/gwt/pmsis/rtos/libpmsis_rtos.a
LOAD freertos/vendors/gwt/pmsis/backend/libfreertos_pmsis_backend.a
LOAD freertos/libfreertos.a
LOAD freertos/libdt.a
LOAD freertos/freertos_kernel/portable/GCC/RI5CY-GAP9/libri5cy-gap9.a
LOAD freertos/vendors/gwt/gap9/libfreertos_gap9.a
LOAD freertos/vendors/gwt/gap9/pmsis/libpmsis_implem_gap9.a
LOAD freertos/vendors/gwt/libs/libfreertos_libs.a
LOAD freertos/pmsis/implem/libpmsis_implem.a
LOAD freertos/pmsis/bsp/libbsp.a
LOAD freertos/vendors/gwt/libs/printf/libfreertos_printf.a
LOAD freertos/vendors/gwt/pmsis/rtos/libpmsis_rtos.a
LOAD freertos/vendors/gwt/pmsis/backend/libfreertos_pmsis_backend.a
LOAD /usr/lib/gap_riscv_toolchain/bin/../lib/gcc/riscv32-unknown-elf/7.1.1/rv32imcxgap9/ilp32/libgcc.a
                0x0000000000001000                __STACK_FC_SIZE = 0x1000
                0x0000000000000800                __STACK_IRQ_SIZE = 0x800

.data_tiny_fc   0x0000000000000004      0x50c load address 0x000000001c000004
                0x0000000000000010                . = ALIGN (0x10)
 *fill*         0x0000000000000004        0xc 
 *(.data_tiny_fc)
 .data_tiny_fc  0x0000000000000010      0x498 freertos/vendors/gwt/gap9/pmsis/libpmsis_implem_gap9.a(fc_event.c.obj)
                0x0000000000000010                fc_event_handlers
                0x000000000000025c                fc_event_handler_args
 .data_tiny_fc  0x00000000000004a8       0x24 freertos/pmsis/implem/libpmsis_implem.a(fll.c.obj)
 .data_tiny_fc  0x00000000000004cc       0x2c freertos/pmsis/implem/libpmsis_implem.a(maestro.c.obj)
                0x00000000000004cc                __pi_pmu_pending_sequence
                0x00000000000004d0                __pi_pmu_scu_event
                0x00000000000004d4                __pi_pmu_pending_requests
                0x00000000000004dc                pi_pmu_soc_voltage
                0x00000000000004e0                __pi_pmu_sleep_slow_clk_only
                0x00000000000004e8                __pi_pmu_sleep_ctrl
                0x00000000000004ec                __pi_pmu_sleep_spis_ctrl
                0x00000000000004f0                __pi_pmu_sleep_ctrl_info
                0x00000000000004f4                __pi_pmu_prev_state
 .data_tiny_fc  0x00000000000004f8       0x10 freertos/pmsis/implem/libpmsis_implem.a(udma_core.c.obj)
                0x00000000000004f8                __pi_udma_chan_fifo
                0x00000000000004fc                __pi_udma_chan_2d
                0x0000000000000500                __pi_udma_chan_lin
 *(.data_tiny_fc.*)
 *(.fcTcdmTiny)
 *(.fcTcdmTiny.*)
                0x0000000000000510                . = ALIGN (0x10)
 *fill*         0x0000000000000508        0x8 

.boot           0x000000001c000510        0x0
                0x000000001c000510                . = ALIGN (0x10)
 *(.boot)
 *(.boot.*)
                0x000000001c000510                . = ALIGN (0x10)

.ctors          0x000000001c000510        0xc
                0x000000001c000510                . = ALIGN (0x10)
                0x000000001c000510                __CTOR_LIST__ = .
                0x000000001c000510        0x4 LONG 0x1 (((__CTOR_END__ - __CTOR_LIST__) / 0x4) - 0x2)
 *(SORT(.init_array.*))
 .init_array.00101
                0x000000001c000514        0x4 freertos/vendors/gwt/gap9/pmsis/libpmsis_implem_gap9.a(timer.c.obj)
 *(.init_array)
                0x000000001c000518        0x4 LONG 0x0
                0x000000001c00051c                __CTOR_END__ = .

.dtors          0x000000001c00051c        0xc
                0x000000001c000520                . = ALIGN (0x10)
 *fill*         0x000000001c00051c        0x4 
                0x000000001c000520                __DTOR_LIST__ = .
                0x000000001c000520        0x4 LONG 0x0 (((__DTOR_END__ - __DTOR_LIST__) / 0x4) - 0x2)
 *(SORT(.fini_array.*))
 *(.fini_array)
                0x000000001c000524        0x4 LONG 0x0
                0x000000001c000528                __DTOR_END__ = .

.data_fc        0x000000001c000528      0x278
                0x000000001c000528                . = ALIGN (0x4)
                0x000000001c000528                __printf_lock_ptr_l2 = .
                0x000000001c00052c                . = (__printf_lock_ptr_l2 + 0x4)
 *fill*         0x000000001c000528        0x4 
                0x000000001c000530                . = ALIGN (0x10)
 *fill*         0x000000001c00052c        0x4 
                0x000000001c000530                sdata = .
                0x000000001c000530                _sdata = .
 *(.sdata)
 *(.sdata.*)
 .sdata.GPIOs   0x000000001c000530        0x4 CMakeFiles/Mobv3SSDLite.dir/Mobv3SSDLite.c.obj
                0x000000001c000530                GPIOs
 .sdata.SystemCoreClock
                0x000000001c000534        0x4 freertos/vendors/gwt/gap9/libfreertos_gap9.a(system_gap9.c.obj)
                0x000000001c000534                SystemCoreClock
 .sdata.uxTopUsedPriority
                0x000000001c000538        0x4 freertos/libfreertos.a(tasks.c.obj)
                0x000000001c000538                uxTopUsedPriority
 *(.data_fc)
 .data_fc       0x000000001c00053c        0x4 freertos/vendors/gwt/pmsis/rtos/libpmsis_rtos.a(event_kernel.c.obj)
                0x000000001c00053c                default_sched
 .data_fc       0x000000001c000540      0x260 freertos/libfreertos.a(FreeRTOS_util.c.obj)
 *(.data_fc.*)
 *(.fcTcdm)
 *(.fcTcdm.*)
 *(.fcTcdm_g)
 *(.fcTcdm_g.*)
 *(.heapfcram)
 *(.heapfcram.*)
                0x000000001c0007a0                . = ALIGN (0x10)
                0x000000001c0007a0                edata = .
                0x000000001c0007a0                _edata = .

.stack_irq      0x000000001c0007a0      0x800
                0x000000001c0007a0                . = ALIGN (0x10)
                0x000000001c0007a0                __fc_bss_start__ = .
                0x000000001c0007a0                __fc_bss_end__ = .
                0x000000001c0007a0                __stack_irq_end__ = .
                0x000000001c000fa0                . = (. + __STACK_IRQ_SIZE)
 *fill*         0x000000001c0007a0      0x800 
                0x000000001c000fa0                __stack_irq_start__ = .
                0x000000001c000fa0                . = ALIGN (0x10)
                0x000000001c000fa0                __heapfcram_start = .
                0x000000000000f060                __heapfcram_size = ((ORIGIN (L2_priv0) + LENGTH (L2_priv0)) - __heapfcram_start)

.vectors_irq    0x000000001c010000       0x94
                0x000000001c010000                . = ALIGN (0x100)
                0x000000001c010000                __irq_vector_base_m__ = .
 *(.vectors_irq)
 .vectors_irq   0x000000001c010000       0x94 freertos/vendors/gwt/gap9/libfreertos_gap9.a(startup_gap9.S.obj)
                0x000000001c010090                __rt_debug_struct_ptr

.cluster_vectors_irq
                0x000000001c010094       0x6c
                0x000000001c010100                . = ALIGN (0x100)
 *fill*         0x000000001c010094       0x6c 
                0x000000001c010100                __irq_cluster_vector_base_m__ = .
 *(.cluster_vectors_irq)

.text_l2        0x000000001c010100     0x1022
                0x000000001c010100                . = ALIGN (0x10)
 *(.text.text_l2.reset)
 .text.text_l2.reset
                0x000000001c010100      0x1e0 freertos/vendors/gwt/gap9/libfreertos_gap9.a(startup_gap9.S.obj)
                0x000000001c010100                _start
                0x000000001c0101b6                _start_from_sleep_with_retention
                0x000000001c010270                __main
                0x000000001c010296                __printf_uart_close
                0x000000001c0102ac                _save_context
 *(.text.text_l2.reset.*)
 *(.text.text_l2)
 .text.text_l2  0x000000001c0102e0      0x26c freertos/vendors/gwt/gap9/libfreertos_gap9.a(gap9_iet.S.obj)
                0x000000001c0102e0                mcause_check
                0x000000001c0103ec                pi_irq_handler_wrapper
                0x000000001c010424                pendSV_handler
                0x000000001c01048c                systick_handler
                0x000000001c0104c0                fc_event_handler
                0x000000001c0104e8                pmu_event_handler
                0x000000001c010510                ecall_handler
                0x000000001c01053a                default_handler
                0x000000001c01053e                ill_ins_handler
 .text.text_l2  0x000000001c01054c       0x50 freertos/vendors/gwt/gap9/pmsis/libpmsis_implem_gap9.a(timer_asm.S.obj)
                0x000000001c01054c                __pi_timer_fc_0_1_irq_handler
                0x000000001c010574                __pi_timer_fc_1_1_irq_handler
 .text.text_l2  0x000000001c01059c      0x124 freertos/vendors/gwt/gap9/pmsis/libpmsis_implem_gap9.a(asm_util.S.obj)
                0x000000001c01059c                ASM_FUNC_SAVE_MINIMAL_CONTEXT
                0x000000001c0105e0                ASM_FUNC_RESTORE_MINIMAL_CONTEXT
                0x000000001c010624                ASM_FUNC_SAVE_SAVE_CONTEXT
                0x000000001c01063e                ASM_FUNC_RESTORE_SAVE_CONTEXT
                0x000000001c010658                ASM_FUNC_SAVE_CSR_CONTEXT
                0x000000001c010666                ASM_FUNC_RESTORE_CSR_CONTEXT
                0x000000001c010674                ASM_FUNC_SAVE_ADDITIONAL_CONTEXT
                0x000000001c01069a                ASM_FUNC_RESTORE_ADDITIONAL_CONTEXT
 .text.text_l2  0x000000001c0106c0       0x2c freertos/vendors/gwt/gap9/pmsis/libpmsis_implem_gap9.a(gpio_asm.S.obj)
                0x000000001c0106c0                __pi_gpio_irq_handler
 .text.text_l2  0x000000001c0106ec       0x3a freertos/vendors/gwt/gap9/pmsis/libpmsis_implem_gap9.a(octospi_asm.S.obj)
                0x000000001c0106ec                __pi_octospi_0_irq_handler
                0x000000001c0106fc                __pi_octospi_1_irq_handler
 *(.text.text_l2.*)
 .text_l2       0x000000001c010726      0x63e freertos/pmsis/implem/libpmsis_implem.a(fll.c.obj)
                0x000000001c010726                __pi_fll_init
                0x000000001c0107e8                __pi_fll_init_all
                0x000000001c01092e                __pi_fll_deinit
                0x000000001c010956                pi_freq_get
                0x000000001c010964                pi_freq_set
                0x000000001c010a08                pi_freq_div_by
                0x000000001c010a4e                pi_freq_mult_by
                0x000000001c010a94                pi_fll_ioctl
 .text_l2       0x000000001c010d64       0xd8 freertos/pmsis/implem/libpmsis_implem.a(maestro_irq.c.obj)
                0x000000001c010d64                __pi_pmu_scu_handler
 .text_l2       0x000000001c010e3c      0x2e6 freertos/pmsis/bsp/libbsp.a(mx25u51245g.c.obj)

.text           0x000000001c011122    0x540ae
                0x000000001c011130                . = ALIGN (0x10)
 *fill*         0x000000001c011122        0xe 
                0x000000001c011130                _stext = .
 *(.text.reset)
 *(.text)
 .text          0x000000001c011130       0x20 freertos/vendors/gwt/gap9/pmsis/libpmsis_implem_gap9.a(fc_event.c.obj)
                0x000000001c011130                fc_soc_event_handler
 .text          0x000000001c011150       0x9a freertos/freertos_kernel/portable/GCC/RI5CY-GAP9/libri5cy-gap9.a(port_asm.S.obj)
                0x000000001c011150                xPortStartScheduler
 .text          0x000000001c0111ea      0x372 /usr/lib/gap_riscv_toolchain/bin/../lib/gcc/riscv32-unknown-elf/7.1.1/rv32imcxgap9/ilp32/libgcc.a(_divdi3.o)
                0x000000001c0111ea                __divdi3
 .text          0x000000001c01155c      0x84a /usr/lib/gap_riscv_toolchain/bin/../lib/gcc/riscv32-unknown-elf/7.1.1/rv32imcxgap9/ilp32/libgcc.a(adddf3.o)
                0x000000001c01155c                __adddf3
 .text          0x000000001c011da6      0x604 /usr/lib/gap_riscv_toolchain/bin/../lib/gcc/riscv32-unknown-elf/7.1.1/rv32imcxgap9/ilp32/libgcc.a(divdf3.o)
                0x000000001c011da6                __divdf3
 .text          0x000000001c0123aa       0x90 /usr/lib/gap_riscv_toolchain/bin/../lib/gcc/riscv32-unknown-elf/7.1.1/rv32imcxgap9/ilp32/libgcc.a(eqdf2.o)
                0x000000001c0123aa                __eqdf2
                0x000000001c0123aa                __nedf2
 .text          0x000000001c01243a       0xa8 /usr/lib/gap_riscv_toolchain/bin/../lib/gcc/riscv32-unknown-elf/7.1.1/rv32imcxgap9/ilp32/libgcc.a(gedf2.o)
                0x000000001c01243a                __gtdf2
                0x000000001c01243a                __gedf2
 .text          0x000000001c0124e2       0xa8 /usr/lib/gap_riscv_toolchain/bin/../lib/gcc/riscv32-unknown-elf/7.1.1/rv32imcxgap9/ilp32/libgcc.a(ledf2.o)
                0x000000001c0124e2                __ltdf2
                0x000000001c0124e2                __ledf2
 .text          0x000000001c01258a      0x566 /usr/lib/gap_riscv_toolchain/bin/../lib/gcc/riscv32-unknown-elf/7.1.1/rv32imcxgap9/ilp32/libgcc.a(muldf3.o)
                0x000000001c01258a                __muldf3
 .text          0x000000001c012af0      0x874 /usr/lib/gap_riscv_toolchain/bin/../lib/gcc/riscv32-unknown-elf/7.1.1/rv32imcxgap9/ilp32/libgcc.a(subdf3.o)
                0x000000001c012af0                __subdf3
 .text          0x000000001c013364       0xb8 /usr/lib/gap_riscv_toolchain/bin/../lib/gcc/riscv32-unknown-elf/7.1.1/rv32imcxgap9/ilp32/libgcc.a(fixdfsi.o)
                0x000000001c013364                __fixdfsi
 .text          0x000000001c01341c       0x8e /usr/lib/gap_riscv_toolchain/bin/../lib/gcc/riscv32-unknown-elf/7.1.1/rv32imcxgap9/ilp32/libgcc.a(fixunsdfsi.o)
                0x000000001c01341c                __fixunsdfsi
 .text          0x000000001c0134aa       0x58 /usr/lib/gap_riscv_toolchain/bin/../lib/gcc/riscv32-unknown-elf/7.1.1/rv32imcxgap9/ilp32/libgcc.a(floatsidf.o)
                0x000000001c0134aa                __floatsidf
 .text          0x000000001c013502       0x4c /usr/lib/gap_riscv_toolchain/bin/../lib/gcc/riscv32-unknown-elf/7.1.1/rv32imcxgap9/ilp32/libgcc.a(floatunsidf.o)
                0x000000001c013502                __floatunsidf
 .text          0x000000001c01354e       0xa4 /usr/lib/gap_riscv_toolchain/bin/../lib/gcc/riscv32-unknown-elf/7.1.1/rv32imcxgap9/ilp32/libgcc.a(extendsfdf2.o)
                0x000000001c01354e                __extendsfdf2
 *(.text.*)
 .text.cluster  0x000000001c0135f2        0x4 CMakeFiles/Mobv3SSDLite.dir/Mobv3SSDLite.c.obj
 .text.write_outputs
                0x000000001c0135f6       0xfe CMakeFiles/Mobv3SSDLite.dir/Mobv3SSDLite.c.obj
                0x000000001c0135f6                write_outputs
 .text.test_Mobv3SSDLite
                0x000000001c0136f4      0x2a4 CMakeFiles/Mobv3SSDLite.dir/Mobv3SSDLite.c.obj
                0x000000001c0136f4                test_Mobv3SSDLite
 .text.startup.main
                0x000000001c013998       0x12 CMakeFiles/Mobv3SSDLite.dir/Mobv3SSDLite.c.obj
                0x000000001c013998                main
 .text.CNN_Transpose_Body_fps
                0x000000001c0139aa      0x292 CMakeFiles/Mobv3SSDLite.dir/home/nano/Desktop/Luca/PhD/gap9_5_2/gap_riscv_toolchain_ubuntu/gap_sdk_private/tools/autotiler_v3/CNN_Libraries/CNN_Copy.c.obj
 .text.CNN_Split_Width
                0x000000001c013c3c      0x37c CMakeFiles/Mobv3SSDLite.dir/home/nano/Desktop/Luca/PhD/gap9_5_2/gap_riscv_toolchain_ubuntu/gap_sdk_private/tools/autotiler_v3/CNN_Libraries/CNN_Copy.c.obj
                0x000000001c013c3c                CNN_Split_Width
 .text.CNN_ParTranspose_fps
                0x000000001c013fb8       0x94 CMakeFiles/Mobv3SSDLite.dir/home/nano/Desktop/Luca/PhD/gap9_5_2/gap_riscv_toolchain_ubuntu/gap_sdk_private/tools/autotiler_v3/CNN_Libraries/CNN_Copy.c.obj
                0x000000001c013fb8                CNN_ParTranspose_fps
 .text.CNN_MatPermHWC2CHW_fps
                0x000000001c01404c      0x110 CMakeFiles/Mobv3SSDLite.dir/home/nano/Desktop/Luca/PhD/gap9_5_2/gap_riscv_toolchain_ubuntu/gap_sdk_private/tools/autotiler_v3/CNN_Libraries/CNN_Copy.c.obj
                0x000000001c01404c                CNN_MatPermHWC2CHW_fps
 .text.CNN_FpsFpsScaled
                0x000000001c01415c      0x12c CMakeFiles/Mobv3SSDLite.dir/home/nano/Desktop/Luca/PhD/gap9_5_2/gap_riscv_toolchain_ubuntu/gap_sdk_private/tools/autotiler_v3/CNN_Libraries/CNN_Copy.c.obj
                0x000000001c01415c                CNN_FpsFpsScaled
 .text.exp_17_15
                0x000000001c014288      0x102 CMakeFiles/Mobv3SSDLite.dir/home/nano/Desktop/Luca/PhD/gap9_5_2/gap_riscv_toolchain_ubuntu/gap_sdk_private/tools/autotiler_v3/DSP_Libraries/math_funcs.c.obj
                0x000000001c014288                exp_17_15
 .text.KerParReduct_CC_CHW2HWC_SQ8
                0x000000001c01438a       0xa6 CMakeFiles/Mobv3SSDLite.dir/home/nano/Desktop/Luca/PhD/gap9_5_2/gap_riscv_toolchain_ubuntu/gap_sdk_private/tools/autotiler_v3/CNN_Libraries_SQ8/CNN_Activation_SQ8.c.obj
                0x000000001c01438a                KerParReduct_CC_CHW2HWC_SQ8
 .text.KerParReduct_CC_CHW2HWC_ReLU_SQ8
                0x000000001c014430       0xba CMakeFiles/Mobv3SSDLite.dir/home/nano/Desktop/Luca/PhD/gap9_5_2/gap_riscv_toolchain_ubuntu/gap_sdk_private/tools/autotiler_v3/CNN_Libraries_SQ8/CNN_Activation_SQ8.c.obj
                0x000000001c014430                KerParReduct_CC_CHW2HWC_ReLU_SQ8
 .text.KerParReduct_CC_CHW2HWC_ReLUM_SQ8
                0x000000001c0144ea       0xc4 CMakeFiles/Mobv3SSDLite.dir/home/nano/Desktop/Luca/PhD/gap9_5_2/gap_riscv_toolchain_ubuntu/gap_sdk_private/tools/autotiler_v3/CNN_Libraries_SQ8/CNN_Activation_SQ8.c.obj
                0x000000001c0144ea                KerParReduct_CC_CHW2HWC_ReLUM_SQ8
 .text.KerParLinearLayerFullFeatB32_SQ8
                0x000000001c0145ae      0x14a CMakeFiles/Mobv3SSDLite.dir/home/nano/Desktop/Luca/PhD/gap9_5_2/gap_riscv_toolchain_ubuntu/gap_sdk_private/tools/autotiler_v3/CNN_Libraries_SQ8/CNN_Bias_Linear_SQ8.c.obj
                0x000000001c0145ae                KerParLinearLayerFullFeatB32_SQ8
 .text.KerParLinearLayerFullFeatB32_ReLU_SQ8
                0x000000001c0146f8      0x168 CMakeFiles/Mobv3SSDLite.dir/home/nano/Desktop/Luca/PhD/gap9_5_2/gap_riscv_toolchain_ubuntu/gap_sdk_private/tools/autotiler_v3/CNN_Libraries_SQ8/CNN_Bias_Linear_SQ8.c.obj
                0x000000001c0146f8                KerParLinearLayerFullFeatB32_ReLU_SQ8
 .text.KerParLinearLayerFullFeatB32_HSigmoid_SQ8
                0x000000001c014860      0x182 CMakeFiles/Mobv3SSDLite.dir/home/nano/Desktop/Luca/PhD/gap9_5_2/gap_riscv_toolchain_ubuntu/gap_sdk_private/tools/autotiler_v3/CNN_Libraries_SQ8/CNN_Bias_Linear_SQ8.c.obj
                0x000000001c014860                KerParLinearLayerFullFeatB32_HSigmoid_SQ8
 .text.Ker_MM_Conv2D_HWC_SQ8
                0x000000001c0149e2     0x12a4 CMakeFiles/Mobv3SSDLite.dir/home/nano/Desktop/Luca/PhD/gap9_5_2/gap_riscv_toolchain_ubuntu/gap_sdk_private/tools/autotiler_v3/CNN_Libraries_SQ8/CNN_MatMul_Conv_SQ8.c.obj
                0x000000001c0149e2                Ker_MM_Conv2D_HWC_SQ8
 .text.KerParGlobalAvgPoolFullFeat_SQ8
                0x000000001c015c86      0x1a8 CMakeFiles/Mobv3SSDLite.dir/home/nano/Desktop/Luca/PhD/gap9_5_2/gap_riscv_toolchain_ubuntu/gap_sdk_private/tools/autotiler_v3/CNN_Libraries_SQ8/CNN_Pooling_SQ8.c.obj
                0x000000001c015c86                KerParGlobalAvgPoolFullFeat_SQ8
 .text.KerConv2x3from3x3Stride1_V_SQ8
                0x000000001c015e2e       0xc2 CMakeFiles/Mobv3SSDLite.dir/home/nano/Desktop/Luca/PhD/gap9_5_2/gap_riscv_toolchain_ubuntu/gap_sdk_private/tools/autotiler_v3/CNN_Libraries_SQ8/CNN_Conv_DW_SQ8.c.obj
 .text.KerConv2x3from3x3Stride2_V_SQ8
                0x000000001c015ef0       0xca CMakeFiles/Mobv3SSDLite.dir/home/nano/Desktop/Luca/PhD/gap9_5_2/gap_riscv_toolchain_ubuntu/gap_sdk_private/tools/autotiler_v3/CNN_Libraries_SQ8/CNN_Conv_DW_SQ8.c.obj
 .text.KerConv4x5from5x5Stride1_V_SQ8
                0x000000001c015fba      0x1de CMakeFiles/Mobv3SSDLite.dir/home/nano/Desktop/Luca/PhD/gap9_5_2/gap_riscv_toolchain_ubuntu/gap_sdk_private/tools/autotiler_v3/CNN_Libraries_SQ8/CNN_Conv_DW_SQ8.c.obj
 .text.KerConv3x3Stride1_Body_SQ8.isra.15
                0x000000001c016198       0xc2 CMakeFiles/Mobv3SSDLite.dir/home/nano/Desktop/Luca/PhD/gap9_5_2/gap_riscv_toolchain_ubuntu/gap_sdk_private/tools/autotiler_v3/CNN_Libraries_SQ8/CNN_Conv_DW_SQ8.c.obj
 .text.KerConv3x2from3x3Stride1_H_SQ8.isra.16
                0x000000001c01625a       0x50 CMakeFiles/Mobv3SSDLite.dir/home/nano/Desktop/Luca/PhD/gap9_5_2/gap_riscv_toolchain_ubuntu/gap_sdk_private/tools/autotiler_v3/CNN_Libraries_SQ8/CNN_Conv_DW_SQ8.c.obj
 .text.KerConv3x3BorderStride1_SQ8.isra.17
                0x000000001c0162aa      0x132 CMakeFiles/Mobv3SSDLite.dir/home/nano/Desktop/Luca/PhD/gap9_5_2/gap_riscv_toolchain_ubuntu/gap_sdk_private/tools/autotiler_v3/CNN_Libraries_SQ8/CNN_Conv_DW_SQ8.c.obj
 .text.KerConv3x3Stride2_Body_SQ8.isra.18
                0x000000001c0163dc       0xc8 CMakeFiles/Mobv3SSDLite.dir/home/nano/Desktop/Luca/PhD/gap9_5_2/gap_riscv_toolchain_ubuntu/gap_sdk_private/tools/autotiler_v3/CNN_Libraries_SQ8/CNN_Conv_DW_SQ8.c.obj
 .text.KerConv3x2from3x3Stride2_H_SQ8.isra.19
                0x000000001c0164a4       0x54 CMakeFiles/Mobv3SSDLite.dir/home/nano/Desktop/Luca/PhD/gap9_5_2/gap_riscv_toolchain_ubuntu/gap_sdk_private/tools/autotiler_v3/CNN_Libraries_SQ8/CNN_Conv_DW_SQ8.c.obj
 .text.KerConv3x3BorderStride2_SQ8.isra.20
                0x000000001c0164f8      0x13c CMakeFiles/Mobv3SSDLite.dir/home/nano/Desktop/Luca/PhD/gap9_5_2/gap_riscv_toolchain_ubuntu/gap_sdk_private/tools/autotiler_v3/CNN_Libraries_SQ8/CNN_Conv_DW_SQ8.c.obj
 .text.KerConv4x5from5x5Stride2_V_SQ8.isra.28
                0x000000001c016634      0x184 CMakeFiles/Mobv3SSDLite.dir/home/nano/Desktop/Luca/PhD/gap9_5_2/gap_riscv_toolchain_ubuntu/gap_sdk_private/tools/autotiler_v3/CNN_Libraries_SQ8/CNN_Conv_DW_SQ8.c.obj
 .text.KerConv5x5Stride1_Body_SQ8.isra.35
                0x000000001c0167b8      0x1b0 CMakeFiles/Mobv3SSDLite.dir/home/nano/Desktop/Luca/PhD/gap9_5_2/gap_riscv_toolchain_ubuntu/gap_sdk_private/tools/autotiler_v3/CNN_Libraries_SQ8/CNN_Conv_DW_SQ8.c.obj
 .text.KerConv5x4from5x5Stride1_H_SQ8.isra.36
                0x000000001c016968      0x1a2 CMakeFiles/Mobv3SSDLite.dir/home/nano/Desktop/Luca/PhD/gap9_5_2/gap_riscv_toolchain_ubuntu/gap_sdk_private/tools/autotiler_v3/CNN_Libraries_SQ8/CNN_Conv_DW_SQ8.c.obj
 .text.KerConv5x5BorderStride1_SQ8.isra.37
                0x000000001c016b0a      0x2ce CMakeFiles/Mobv3SSDLite.dir/home/nano/Desktop/Luca/PhD/gap9_5_2/gap_riscv_toolchain_ubuntu/gap_sdk_private/tools/autotiler_v3/CNN_Libraries_SQ8/CNN_Conv_DW_SQ8.c.obj
 .text.KerConv5x5Stride2_Body_SQ8.isra.38
                0x000000001c016dd8      0x1be CMakeFiles/Mobv3SSDLite.dir/home/nano/Desktop/Luca/PhD/gap9_5_2/gap_riscv_toolchain_ubuntu/gap_sdk_private/tools/autotiler_v3/CNN_Libraries_SQ8/CNN_Conv_DW_SQ8.c.obj
 .text.KerConv5x4from5x5Stride2_H_SQ8.isra.39
                0x000000001c016f96      0x166 CMakeFiles/Mobv3SSDLite.dir/home/nano/Desktop/Luca/PhD/gap9_5_2/gap_riscv_toolchain_ubuntu/gap_sdk_private/tools/autotiler_v3/CNN_Libraries_SQ8/CNN_Conv_DW_SQ8.c.obj
 .text.KerConv5x5BorderStride2_SQ8.isra.40
                0x000000001c0170fc      0x14c CMakeFiles/Mobv3SSDLite.dir/home/nano/Desktop/Luca/PhD/gap9_5_2/gap_riscv_toolchain_ubuntu/gap_sdk_private/tools/autotiler_v3/CNN_Libraries_SQ8/CNN_Conv_DW_SQ8.c.obj
 .text.KerParConvDW3x3Stride1B32_SQ8
                0x000000001c017248      0x1b6 CMakeFiles/Mobv3SSDLite.dir/home/nano/Desktop/Luca/PhD/gap9_5_2/gap_riscv_toolchain_ubuntu/gap_sdk_private/tools/autotiler_v3/CNN_Libraries_SQ8/CNN_Conv_DW_SQ8.c.obj
                0x000000001c017248                KerParConvDW3x3Stride1B32_SQ8
 .text.KerParConvDW3x3Stride2B32_SQ8
                0x000000001c0173fe      0x1e8 CMakeFiles/Mobv3SSDLite.dir/home/nano/Desktop/Luca/PhD/gap9_5_2/gap_riscv_toolchain_ubuntu/gap_sdk_private/tools/autotiler_v3/CNN_Libraries_SQ8/CNN_Conv_DW_SQ8.c.obj
                0x000000001c0173fe                KerParConvDW3x3Stride2B32_SQ8
 .text.KerParConvDW5x5Stride1B32_SQ8
                0x000000001c0175e6      0x1b6 CMakeFiles/Mobv3SSDLite.dir/home/nano/Desktop/Luca/PhD/gap9_5_2/gap_riscv_toolchain_ubuntu/gap_sdk_private/tools/autotiler_v3/CNN_Libraries_SQ8/CNN_Conv_DW_SQ8.c.obj
                0x000000001c0175e6                KerParConvDW5x5Stride1B32_SQ8
 .text.KerParConvDW5x5Stride2B32_SQ8
                0x000000001c01779c      0x1e4 CMakeFiles/Mobv3SSDLite.dir/home/nano/Desktop/Luca/PhD/gap9_5_2/gap_riscv_toolchain_ubuntu/gap_sdk_private/tools/autotiler_v3/CNN_Libraries_SQ8/CNN_Conv_DW_SQ8.c.obj
                0x000000001c01779c                KerParConvDW5x5Stride2B32_SQ8
 .text.KerMatAdd_SQ8
                0x000000001c017980      0x26e CMakeFiles/Mobv3SSDLite.dir/home/nano/Desktop/Luca/PhD/gap9_5_2/gap_riscv_toolchain_ubuntu/gap_sdk_private/tools/autotiler_v3/CNN_Libraries_SQ8/CNN_MatAlgebra_SQ8.c.obj
                0x000000001c017980                KerMatAdd_SQ8
 .text.KerParMatMulTransposedB32_SQ8
                0x000000001c017bee      0x764 CMakeFiles/Mobv3SSDLite.dir/home/nano/Desktop/Luca/PhD/gap9_5_2/gap_riscv_toolchain_ubuntu/gap_sdk_private/tools/autotiler_v3/CNN_Libraries_SQ8/CNN_MatAlgebra_SQ8.c.obj
                0x000000001c017bee                KerParMatMulTransposedB32_SQ8
 .text.KerParMatMulTransposedB32_ReLU_SQ8
                0x000000001c018352      0x836 CMakeFiles/Mobv3SSDLite.dir/home/nano/Desktop/Luca/PhD/gap9_5_2/gap_riscv_toolchain_ubuntu/gap_sdk_private/tools/autotiler_v3/CNN_Libraries_SQ8/CNN_MatAlgebra_SQ8.c.obj
                0x000000001c018352                KerParMatMulTransposedB32_ReLU_SQ8
 .text.KerParSoftMax_SQ8
                0x000000001c018b88      0x2e2 CMakeFiles/Mobv3SSDLite.dir/home/nano/Desktop/Luca/PhD/gap9_5_2/gap_riscv_toolchain_ubuntu/gap_sdk_private/tools/autotiler_v3/CNN_Libraries_SQ8/CNN_SoftMax_SQ8.c.obj
                0x000000001c018b88                KerParSoftMax_SQ8
 .text.S3_Conv2d_16x3x3x3_Custom
                0x000000001c018e6a      0x778 CMakeFiles/Mobv3SSDLite.dir/BUILD_MODEL/Mobv3SSDLiteKernels.c.obj
                0x000000001c018e6a                S3_Conv2d_16x3x3x3_Custom
 .text.S6_Conv2d_16x3x3x1_Relu
                0x000000001c0195e2      0x8c4 CMakeFiles/Mobv3SSDLite.dir/BUILD_MODEL/Mobv3SSDLiteKernels.c.obj
                0x000000001c0195e2                S6_Conv2d_16x3x3x1_Relu
 .text.S9_Conv2d_16x1x1x16
                0x000000001c019ea6      0x55c CMakeFiles/Mobv3SSDLite.dir/BUILD_MODEL/Mobv3SSDLiteKernels.c.obj
                0x000000001c019ea6                S9_Conv2d_16x1x1x16
 .text.S10_MatAdd_128x160x16
                0x000000001c01a402      0x522 CMakeFiles/Mobv3SSDLite.dir/BUILD_MODEL/Mobv3SSDLiteKernels.c.obj
                0x000000001c01a402                S10_MatAdd_128x160x16
 .text.S13_Conv2d_64x1x1x16_Relu
                0x000000001c01a924      0x686 CMakeFiles/Mobv3SSDLite.dir/BUILD_MODEL/Mobv3SSDLiteKernels.c.obj
                0x000000001c01a924                S13_Conv2d_64x1x1x16_Relu
 .text.S16_Conv2d_64x3x3x1_Relu
                0x000000001c01afaa      0x8d0 CMakeFiles/Mobv3SSDLite.dir/BUILD_MODEL/Mobv3SSDLiteKernels.c.obj
                0x000000001c01afaa                S16_Conv2d_64x3x3x1_Relu
 .text.S19_Conv2d_24x1x1x64
                0x000000001c01b87a      0x57e CMakeFiles/Mobv3SSDLite.dir/BUILD_MODEL/Mobv3SSDLiteKernels.c.obj
                0x000000001c01b87a                S19_Conv2d_24x1x1x64
 .text.S22_Conv2d_72x1x1x24_Relu
                0x000000001c01bdf8      0x57c CMakeFiles/Mobv3SSDLite.dir/BUILD_MODEL/Mobv3SSDLiteKernels.c.obj
                0x000000001c01bdf8                S22_Conv2d_72x1x1x24_Relu
 .text.S25_Conv2d_72x3x3x1_Relu
                0x000000001c01c374      0x72a CMakeFiles/Mobv3SSDLite.dir/BUILD_MODEL/Mobv3SSDLiteKernels.c.obj
                0x000000001c01c374                S25_Conv2d_72x3x3x1_Relu
 .text.S28_Conv2d_24x1x1x72
                0x000000001c01ca9e      0x576 CMakeFiles/Mobv3SSDLite.dir/BUILD_MODEL/Mobv3SSDLiteKernels.c.obj
                0x000000001c01ca9e                S28_Conv2d_24x1x1x72
 .text.S29_MatAdd_64x80x24
                0x000000001c01d014      0x3d4 CMakeFiles/Mobv3SSDLite.dir/BUILD_MODEL/Mobv3SSDLiteKernels.c.obj
                0x000000001c01d014                S29_MatAdd_64x80x24
 .text.S35_Conv2d_72x5x5x1_Relu
                0x000000001c01d3e8      0x710 CMakeFiles/Mobv3SSDLite.dir/BUILD_MODEL/Mobv3SSDLiteKernels.c.obj
                0x000000001c01d3e8                S35_Conv2d_72x5x5x1_Relu
 .text.S36_Op__backbone_features_0_features_0_4_block_block_2_avgpool_GlobalAveragePool_trans
                0x000000001c01daf8      0x2be CMakeFiles/Mobv3SSDLite.dir/BUILD_MODEL/Mobv3SSDLiteKernels.c.obj
                0x000000001c01daf8                S36_Op__backbone_features_0_features_0_4_block_block_2_avgpool_GlobalAveragePool_trans
 .text.S37_Op__backbone_features_0_features_0_4_block_block_2_avgpool_GlobalAveragePool
                0x000000001c01ddb6      0x212 CMakeFiles/Mobv3SSDLite.dir/BUILD_MODEL/Mobv3SSDLiteKernels.c.obj
                0x000000001c01ddb6                S37_Op__backbone_features_0_features_0_4_block_block_2_avgpool_GlobalAveragePool
 .text.S41_Conv2d_24x1x1x72_Relu
                0x000000001c01dfc8      0x47e CMakeFiles/Mobv3SSDLite.dir/BUILD_MODEL/Mobv3SSDLiteKernels.c.obj
                0x000000001c01dfc8                S41_Conv2d_24x1x1x72_Relu
 .text.S44_Conv2d_72x1x1x24_Hsigmoid
                0x000000001c01e446      0x51c CMakeFiles/Mobv3SSDLite.dir/BUILD_MODEL/Mobv3SSDLiteKernels.c.obj
                0x000000001c01e446                S44_Conv2d_72x1x1x24_Hsigmoid
 .text.S45_Op_expr_16
                0x000000001c01e962      0x346 CMakeFiles/Mobv3SSDLite.dir/BUILD_MODEL/Mobv3SSDLiteKernels.c.obj
                0x000000001c01e962                S45_Op_expr_16
 .text.S48_Conv2d_40x1x1x72
                0x000000001c01eca8      0x596 CMakeFiles/Mobv3SSDLite.dir/BUILD_MODEL/Mobv3SSDLiteKernels.c.obj
                0x000000001c01eca8                S48_Conv2d_40x1x1x72
 .text.S51_Conv2d_120x1x1x40_Relu
                0x000000001c01f23e      0x594 CMakeFiles/Mobv3SSDLite.dir/BUILD_MODEL/Mobv3SSDLiteKernels.c.obj
                0x000000001c01f23e                S51_Conv2d_120x1x1x40_Relu
 .text.S54_Conv2d_120x5x5x1_Relu
                0x000000001c01f7d2      0x662 CMakeFiles/Mobv3SSDLite.dir/BUILD_MODEL/Mobv3SSDLiteKernels.c.obj
                0x000000001c01f7d2                S54_Conv2d_120x5x5x1_Relu
 .text.S55_Op__backbone_features_0_features_0_5_block_block_2_avgpool_GlobalAveragePool_trans
                0x000000001c01fe34      0x2bc CMakeFiles/Mobv3SSDLite.dir/BUILD_MODEL/Mobv3SSDLiteKernels.c.obj
                0x000000001c01fe34                S55_Op__backbone_features_0_features_0_5_block_block_2_avgpool_GlobalAveragePool_trans
 .text.S56_Op__backbone_features_0_features_0_5_block_block_2_avgpool_GlobalAveragePool
                0x000000001c0200f0      0x302 CMakeFiles/Mobv3SSDLite.dir/BUILD_MODEL/Mobv3SSDLiteKernels.c.obj
                0x000000001c0200f0                S56_Op__backbone_features_0_features_0_5_block_block_2_avgpool_GlobalAveragePool
 .text.S60_Conv2d_32x1x1x120_Relu
                0x000000001c0203f2      0x450 CMakeFiles/Mobv3SSDLite.dir/BUILD_MODEL/Mobv3SSDLiteKernels.c.obj
                0x000000001c0203f2                S60_Conv2d_32x1x1x120_Relu
 .text.S63_Conv2d_120x1x1x32_Hsigmoid
                0x000000001c020842      0x454 CMakeFiles/Mobv3SSDLite.dir/BUILD_MODEL/Mobv3SSDLiteKernels.c.obj
                0x000000001c020842                S63_Conv2d_120x1x1x32_Hsigmoid
 .text.S64_Op_expr_17
                0x000000001c020c96      0x342 CMakeFiles/Mobv3SSDLite.dir/BUILD_MODEL/Mobv3SSDLiteKernels.c.obj
                0x000000001c020c96                S64_Op_expr_17
 .text.S67_Conv2d_40x1x1x120
                0x000000001c020fd8      0x594 CMakeFiles/Mobv3SSDLite.dir/BUILD_MODEL/Mobv3SSDLiteKernels.c.obj
                0x000000001c020fd8                S67_Conv2d_40x1x1x120
 .text.S68_MatAdd_32x40x40
                0x000000001c02156c      0x3da CMakeFiles/Mobv3SSDLite.dir/BUILD_MODEL/Mobv3SSDLiteKernels.c.obj
                0x000000001c02156c                S68_MatAdd_32x40x40
 .text.S84_Op_expr_18
                0x000000001c021946      0x342 CMakeFiles/Mobv3SSDLite.dir/BUILD_MODEL/Mobv3SSDLiteKernels.c.obj
                0x000000001c021946                S84_Op_expr_18
 .text.S91_Conv2d_240x1x1x40_Custom
                0x000000001c021c88      0x5d8 CMakeFiles/Mobv3SSDLite.dir/BUILD_MODEL/Mobv3SSDLiteKernels.c.obj
                0x000000001c021c88                S91_Conv2d_240x1x1x40_Custom
 .text.S94_Conv2d_240x3x3x1_Custom
                0x000000001c022260      0x690 CMakeFiles/Mobv3SSDLite.dir/BUILD_MODEL/Mobv3SSDLiteKernels.c.obj
                0x000000001c022260                S94_Conv2d_240x3x3x1_Custom
 .text.S97_Conv2d_80x1x1x240
                0x000000001c0228f0      0x59e CMakeFiles/Mobv3SSDLite.dir/BUILD_MODEL/Mobv3SSDLiteKernels.c.obj
                0x000000001c0228f0                S97_Conv2d_80x1x1x240
 .text.S98_Op__backbone_features_0_features_0_8_block_block_0_block_0_0_Conv_fusion_qin0
                0x000000001c022e8e      0x204 CMakeFiles/Mobv3SSDLite.dir/BUILD_MODEL/Mobv3SSDLiteKernels.c.obj
                0x000000001c022e8e                S98_Op__backbone_features_0_features_0_8_block_block_0_block_0_0_Conv_fusion_qin0
 .text.S101_Conv2d_200x1x1x80_Custom
                0x000000001c023092      0x5e0 CMakeFiles/Mobv3SSDLite.dir/BUILD_MODEL/Mobv3SSDLiteKernels.c.obj
                0x000000001c023092                S101_Conv2d_200x1x1x80_Custom
 .text.S104_Conv2d_200x3x3x1_Custom
                0x000000001c023672      0x712 CMakeFiles/Mobv3SSDLite.dir/BUILD_MODEL/Mobv3SSDLiteKernels.c.obj
                0x000000001c023672                S104_Conv2d_200x3x3x1_Custom
 .text.S107_Conv2d_80x1x1x200
                0x000000001c023d84      0x598 CMakeFiles/Mobv3SSDLite.dir/BUILD_MODEL/Mobv3SSDLiteKernels.c.obj
                0x000000001c023d84                S107_Conv2d_80x1x1x200
 .text.S108_MatAdd_16x20x80
                0x000000001c02431c      0x29e CMakeFiles/Mobv3SSDLite.dir/BUILD_MODEL/Mobv3SSDLiteKernels.c.obj
                0x000000001c02431c                S108_MatAdd_16x20x80
 .text.S111_Conv2d_184x1x1x80_Custom
                0x000000001c0245ba      0x4c6 CMakeFiles/Mobv3SSDLite.dir/BUILD_MODEL/Mobv3SSDLiteKernels.c.obj
                0x000000001c0245ba                S111_Conv2d_184x1x1x80_Custom
 .text.S114_Conv2d_184x3x3x1_Custom
                0x000000001c024a80      0x710 CMakeFiles/Mobv3SSDLite.dir/BUILD_MODEL/Mobv3SSDLiteKernels.c.obj
                0x000000001c024a80                S114_Conv2d_184x3x3x1_Custom
 .text.S117_Conv2d_80x1x1x184
                0x000000001c025190      0x482 CMakeFiles/Mobv3SSDLite.dir/BUILD_MODEL/Mobv3SSDLiteKernels.c.obj
                0x000000001c025190                S117_Conv2d_80x1x1x184
 .text.S121_Conv2d_184x1x1x80_Custom
                0x000000001c025612      0x4c6 CMakeFiles/Mobv3SSDLite.dir/BUILD_MODEL/Mobv3SSDLiteKernels.c.obj
                0x000000001c025612                S121_Conv2d_184x1x1x80_Custom
 .text.S124_Conv2d_184x3x3x1_Custom
                0x000000001c025ad8      0x710 CMakeFiles/Mobv3SSDLite.dir/BUILD_MODEL/Mobv3SSDLiteKernels.c.obj
                0x000000001c025ad8                S124_Conv2d_184x3x3x1_Custom
 .text.S131_Conv2d_480x1x1x80_Custom
                0x000000001c0261e8      0x71e CMakeFiles/Mobv3SSDLite.dir/BUILD_MODEL/Mobv3SSDLiteKernels.c.obj
                0x000000001c0261e8                S131_Conv2d_480x1x1x80_Custom
 .text.S134_Conv2d_480x3x3x1_Custom
                0x000000001c026906      0x6a4 CMakeFiles/Mobv3SSDLite.dir/BUILD_MODEL/Mobv3SSDLiteKernels.c.obj
                0x000000001c026906                S134_Conv2d_480x3x3x1_Custom
 .text.S135_Op__backbone_features_0_features_0_11_block_block_2_avgpool_GlobalAveragePool_trans
                0x000000001c026faa      0x2b8 CMakeFiles/Mobv3SSDLite.dir/BUILD_MODEL/Mobv3SSDLiteKernels.c.obj
                0x000000001c026faa                S135_Op__backbone_features_0_features_0_11_block_block_2_avgpool_GlobalAveragePool_trans
 .text.S136_Op__backbone_features_0_features_0_11_block_block_2_avgpool_GlobalAveragePool
                0x000000001c027262      0x324 CMakeFiles/Mobv3SSDLite.dir/BUILD_MODEL/Mobv3SSDLiteKernels.c.obj
                0x000000001c027262                S136_Op__backbone_features_0_features_0_11_block_block_2_avgpool_GlobalAveragePool
 .text.S140_Conv2d_120x1x1x480_Relu
                0x000000001c027586      0x4ac CMakeFiles/Mobv3SSDLite.dir/BUILD_MODEL/Mobv3SSDLiteKernels.c.obj
                0x000000001c027586                S140_Conv2d_120x1x1x480_Relu
 .text.S143_Conv2d_480x1x1x120_Hsigmoid
                0x000000001c027a32      0x4ae CMakeFiles/Mobv3SSDLite.dir/BUILD_MODEL/Mobv3SSDLiteKernels.c.obj
                0x000000001c027a32                S143_Conv2d_480x1x1x120_Hsigmoid
 .text.S144_Op_expr_11
                0x000000001c027ee0      0x362 CMakeFiles/Mobv3SSDLite.dir/BUILD_MODEL/Mobv3SSDLiteKernels.c.obj
                0x000000001c027ee0                S144_Op_expr_11
 .text.S147_Conv2d_112x1x1x480
                0x000000001c028242      0x644 CMakeFiles/Mobv3SSDLite.dir/BUILD_MODEL/Mobv3SSDLiteKernels.c.obj
                0x000000001c028242                S147_Conv2d_112x1x1x480
 .text.S148_Op__backbone_features_0_features_0_12_block_block_0_block_0_0_Conv_fusion_qin0
                0x000000001c028886      0x204 CMakeFiles/Mobv3SSDLite.dir/BUILD_MODEL/Mobv3SSDLiteKernels.c.obj
                0x000000001c028886                S148_Op__backbone_features_0_features_0_12_block_block_0_block_0_0_Conv_fusion_qin0
 .text.S151_Conv2d_672x1x1x112_Custom
                0x000000001c028a8a      0x73c CMakeFiles/Mobv3SSDLite.dir/BUILD_MODEL/Mobv3SSDLiteKernels.c.obj
                0x000000001c028a8a                S151_Conv2d_672x1x1x112_Custom
 .text.S154_Conv2d_672x3x3x1_Custom
                0x000000001c0291c6      0x6aa CMakeFiles/Mobv3SSDLite.dir/BUILD_MODEL/Mobv3SSDLiteKernels.c.obj
                0x000000001c0291c6                S154_Conv2d_672x3x3x1_Custom
 .text.S155_Op__backbone_features_0_features_0_12_block_block_2_avgpool_GlobalAveragePool_trans
                0x000000001c029870      0x2ba CMakeFiles/Mobv3SSDLite.dir/BUILD_MODEL/Mobv3SSDLiteKernels.c.obj
                0x000000001c029870                S155_Op__backbone_features_0_features_0_12_block_block_2_avgpool_GlobalAveragePool_trans
 .text.S156_Op__backbone_features_0_features_0_12_block_block_2_avgpool_GlobalAveragePool
                0x000000001c029b2a      0x330 CMakeFiles/Mobv3SSDLite.dir/BUILD_MODEL/Mobv3SSDLiteKernels.c.obj
                0x000000001c029b2a                S156_Op__backbone_features_0_features_0_12_block_block_2_avgpool_GlobalAveragePool
 .text.S160_Conv2d_168x1x1x672_Relu
                0x000000001c029e5a      0x454 CMakeFiles/Mobv3SSDLite.dir/BUILD_MODEL/Mobv3SSDLiteKernels.c.obj
                0x000000001c029e5a                S160_Conv2d_168x1x1x672_Relu
 .text.S163_Conv2d_672x1x1x168_Hsigmoid
                0x000000001c02a2ae      0x6e2 CMakeFiles/Mobv3SSDLite.dir/BUILD_MODEL/Mobv3SSDLiteKernels.c.obj
                0x000000001c02a2ae                S163_Conv2d_672x1x1x168_Hsigmoid
 .text.S164_Op_expr_14
                0x000000001c02a990      0x364 CMakeFiles/Mobv3SSDLite.dir/BUILD_MODEL/Mobv3SSDLiteKernels.c.obj
                0x000000001c02a990                S164_Op_expr_14
 .text.S167_Conv2d_112x1x1x672
                0x000000001c02acf4      0x68e CMakeFiles/Mobv3SSDLite.dir/BUILD_MODEL/Mobv3SSDLiteKernels.c.obj
                0x000000001c02acf4                S167_Conv2d_112x1x1x672
 .text.S168_MatAdd_16x20x112
                0x000000001c02b382      0x2a2 CMakeFiles/Mobv3SSDLite.dir/BUILD_MODEL/Mobv3SSDLiteKernels.c.obj
                0x000000001c02b382                S168_MatAdd_16x20x112
 .text.S171_Conv2d_672x1x1x112_Custom
                0x000000001c02b624      0x73c CMakeFiles/Mobv3SSDLite.dir/BUILD_MODEL/Mobv3SSDLiteKernels.c.obj
                0x000000001c02b624                S171_Conv2d_672x1x1x112_Custom
 .text.S174_Conv2d_672x5x5x1_Custom
                0x000000001c02bd60      0x760 CMakeFiles/Mobv3SSDLite.dir/BUILD_MODEL/Mobv3SSDLiteKernels.c.obj
                0x000000001c02bd60                S174_Conv2d_672x5x5x1_Custom
 .text.S175_Op__backbone_features_1_features_1_0_features_1_0_2_avgpool_GlobalAveragePool_trans
                0x000000001c02c4c0      0x176 CMakeFiles/Mobv3SSDLite.dir/BUILD_MODEL/Mobv3SSDLiteKernels.c.obj
                0x000000001c02c4c0                S175_Op__backbone_features_1_features_1_0_features_1_0_2_avgpool_GlobalAveragePool_trans
 .text.S176_Op__backbone_features_1_features_1_0_features_1_0_2_avgpool_GlobalAveragePool
                0x000000001c02c636      0x212 CMakeFiles/Mobv3SSDLite.dir/BUILD_MODEL/Mobv3SSDLiteKernels.c.obj
                0x000000001c02c636                S176_Op__backbone_features_1_features_1_0_features_1_0_2_avgpool_GlobalAveragePool
 .text.S180_Conv2d_168x1x1x672_Relu
                0x000000001c02c848      0x4b0 CMakeFiles/Mobv3SSDLite.dir/BUILD_MODEL/Mobv3SSDLiteKernels.c.obj
                0x000000001c02c848                S180_Conv2d_168x1x1x672_Relu
 .text.S183_Conv2d_672x1x1x168_Hsigmoid
                0x000000001c02ccf8      0x6ec CMakeFiles/Mobv3SSDLite.dir/BUILD_MODEL/Mobv3SSDLiteKernels.c.obj
                0x000000001c02ccf8                S183_Conv2d_672x1x1x168_Hsigmoid
 .text.S184_Op_expr_26
                0x000000001c02d3e4      0x200 CMakeFiles/Mobv3SSDLite.dir/BUILD_MODEL/Mobv3SSDLiteKernels.c.obj
                0x000000001c02d3e4                S184_Op_expr_26
 .text.S187_Conv2d_80x1x1x672
                0x000000001c02d5e4      0x546 CMakeFiles/Mobv3SSDLite.dir/BUILD_MODEL/Mobv3SSDLiteKernels.c.obj
                0x000000001c02d5e4                S187_Conv2d_80x1x1x672
 .text.S188_Op__backbone_features_1_features_1_1_block_block_0_block_0_0_Conv_fusion_qin0
                0x000000001c02db2a      0x204 CMakeFiles/Mobv3SSDLite.dir/BUILD_MODEL/Mobv3SSDLiteKernels.c.obj
                0x000000001c02db2a                S188_Op__backbone_features_1_features_1_1_block_block_0_block_0_0_Conv_fusion_qin0
 .text.S191_Conv2d_480x1x1x80_Custom
                0x000000001c02dd2e      0x4c0 CMakeFiles/Mobv3SSDLite.dir/BUILD_MODEL/Mobv3SSDLiteKernels.c.obj
                0x000000001c02dd2e                S191_Conv2d_480x1x1x80_Custom
 .text.S194_Conv2d_480x5x5x1_Custom
                0x000000001c02e1ee      0x70e CMakeFiles/Mobv3SSDLite.dir/BUILD_MODEL/Mobv3SSDLiteKernels.c.obj
                0x000000001c02e1ee                S194_Conv2d_480x5x5x1_Custom
 .text.S195_Op__backbone_features_1_features_1_1_block_block_2_avgpool_GlobalAveragePool_trans
                0x000000001c02e8fc      0x176 CMakeFiles/Mobv3SSDLite.dir/BUILD_MODEL/Mobv3SSDLiteKernels.c.obj
                0x000000001c02e8fc                S195_Op__backbone_features_1_features_1_1_block_block_2_avgpool_GlobalAveragePool_trans
 .text.S196_Op__backbone_features_1_features_1_1_block_block_2_avgpool_GlobalAveragePool
                0x000000001c02ea72      0x212 CMakeFiles/Mobv3SSDLite.dir/BUILD_MODEL/Mobv3SSDLiteKernels.c.obj
                0x000000001c02ea72                S196_Op__backbone_features_1_features_1_1_block_block_2_avgpool_GlobalAveragePool
 .text.S200_Conv2d_120x1x1x480_Relu
                0x000000001c02ec84      0x4b4 CMakeFiles/Mobv3SSDLite.dir/BUILD_MODEL/Mobv3SSDLiteKernels.c.obj
                0x000000001c02ec84                S200_Conv2d_120x1x1x480_Relu
 .text.S203_Conv2d_480x1x1x120_Hsigmoid
                0x000000001c02f138      0x4b6 CMakeFiles/Mobv3SSDLite.dir/BUILD_MODEL/Mobv3SSDLiteKernels.c.obj
                0x000000001c02f138                S203_Conv2d_480x1x1x120_Hsigmoid
 .text.S204_Op_expr_29
                0x000000001c02f5ee      0x200 CMakeFiles/Mobv3SSDLite.dir/BUILD_MODEL/Mobv3SSDLiteKernels.c.obj
                0x000000001c02f5ee                S204_Op_expr_29
 .text.S207_Conv2d_80x1x1x480
                0x000000001c02f7ee      0x54c CMakeFiles/Mobv3SSDLite.dir/BUILD_MODEL/Mobv3SSDLiteKernels.c.obj
                0x000000001c02f7ee                S207_Conv2d_80x1x1x480
 .text.S208_MatAdd_8x10x80
                0x000000001c02fd3a      0x29e CMakeFiles/Mobv3SSDLite.dir/BUILD_MODEL/Mobv3SSDLiteKernels.c.obj
                0x000000001c02fd3a                S208_MatAdd_8x10x80
 .text.S211_Conv2d_480x1x1x80_Custom
                0x000000001c02ffd8      0x4c0 CMakeFiles/Mobv3SSDLite.dir/BUILD_MODEL/Mobv3SSDLiteKernels.c.obj
                0x000000001c02ffd8                S211_Conv2d_480x1x1x80_Custom
 .text.S214_Conv2d_480x5x5x1_Custom
                0x000000001c030498      0x70e CMakeFiles/Mobv3SSDLite.dir/BUILD_MODEL/Mobv3SSDLiteKernels.c.obj
                0x000000001c030498                S214_Conv2d_480x5x5x1_Custom
 .text.S223_Conv2d_480x1x1x120_Hsigmoid
                0x000000001c030ba6      0x4b6 CMakeFiles/Mobv3SSDLite.dir/BUILD_MODEL/Mobv3SSDLiteKernels.c.obj
                0x000000001c030ba6                S223_Conv2d_480x1x1x120_Hsigmoid
 .text.S224_Op_expr_32
                0x000000001c03105c      0x200 CMakeFiles/Mobv3SSDLite.dir/BUILD_MODEL/Mobv3SSDLiteKernels.c.obj
                0x000000001c03105c                S224_Op_expr_32
 .text.S231_Conv2d_480x1x1x80_Custom
                0x000000001c03125c      0x4c0 CMakeFiles/Mobv3SSDLite.dir/BUILD_MODEL/Mobv3SSDLiteKernels.c.obj
                0x000000001c03125c                S231_Conv2d_480x1x1x80_Custom
 .text.S234_Conv2d_256x1x1x480_Relu6
                0x000000001c03171c      0x5c4 CMakeFiles/Mobv3SSDLite.dir/BUILD_MODEL/Mobv3SSDLiteKernels.c.obj
                0x000000001c03171c                S234_Conv2d_256x1x1x480_Relu6
 .text.S237_Conv2d_256x3x3x1_Relu6
                0x000000001c031ce0      0x518 CMakeFiles/Mobv3SSDLite.dir/BUILD_MODEL/Mobv3SSDLiteKernels.c.obj
                0x000000001c031ce0                S237_Conv2d_256x3x3x1_Relu6
 .text.S240_Conv2d_512x1x1x256_Relu6
                0x000000001c0321f8      0x5b6 CMakeFiles/Mobv3SSDLite.dir/BUILD_MODEL/Mobv3SSDLiteKernels.c.obj
                0x000000001c0321f8                S240_Conv2d_512x1x1x256_Relu6
 .text.S243_Conv2d_128x1x1x512_Relu6
                0x000000001c0327ae      0x46a CMakeFiles/Mobv3SSDLite.dir/BUILD_MODEL/Mobv3SSDLiteKernels.c.obj
                0x000000001c0327ae                S243_Conv2d_128x1x1x512_Relu6
 .text.S246_Conv2d_128x3x3x1_Relu6
                0x000000001c032c18      0x572 CMakeFiles/Mobv3SSDLite.dir/BUILD_MODEL/Mobv3SSDLiteKernels.c.obj
                0x000000001c032c18                S246_Conv2d_128x3x3x1_Relu6
 .text.S249_Conv2d_256x1x1x128_Relu6
                0x000000001c03318a      0x4c0 CMakeFiles/Mobv3SSDLite.dir/BUILD_MODEL/Mobv3SSDLiteKernels.c.obj
                0x000000001c03318a                S249_Conv2d_256x1x1x128_Relu6
 .text.S252_Conv2d_128x1x1x256_Relu6
                0x000000001c03364a      0x4be CMakeFiles/Mobv3SSDLite.dir/BUILD_MODEL/Mobv3SSDLiteKernels.c.obj
                0x000000001c03364a                S252_Conv2d_128x1x1x256_Relu6
 .text.S255_Conv2d_128x3x3x1_Relu6
                0x000000001c033b08      0x5f2 CMakeFiles/Mobv3SSDLite.dir/BUILD_MODEL/Mobv3SSDLiteKernels.c.obj
                0x000000001c033b08                S255_Conv2d_128x3x3x1_Relu6
 .text.S258_Conv2d_256x1x1x128_Relu6
                0x000000001c0340fa      0x4c0 CMakeFiles/Mobv3SSDLite.dir/BUILD_MODEL/Mobv3SSDLiteKernels.c.obj
                0x000000001c0340fa                S258_Conv2d_256x1x1x128_Relu6
 .text.S261_Conv2d_64x1x1x256_Relu6
                0x000000001c0345ba      0x4be CMakeFiles/Mobv3SSDLite.dir/BUILD_MODEL/Mobv3SSDLiteKernels.c.obj
                0x000000001c0345ba                S261_Conv2d_64x1x1x256_Relu6
 .text.S264_Conv2d_64x3x3x1_Relu6
                0x000000001c034a78      0x5ca CMakeFiles/Mobv3SSDLite.dir/BUILD_MODEL/Mobv3SSDLiteKernels.c.obj
                0x000000001c034a78                S264_Conv2d_64x3x3x1_Relu6
 .text.S267_Conv2d_128x1x1x64_Relu6
                0x000000001c035042      0x4ac CMakeFiles/Mobv3SSDLite.dir/BUILD_MODEL/Mobv3SSDLiteKernels.c.obj
                0x000000001c035042                S267_Conv2d_128x1x1x64_Relu6
 .text.S270_Conv2d_672x3x3x1_Relu6
                0x000000001c0354ee      0x660 CMakeFiles/Mobv3SSDLite.dir/BUILD_MODEL/Mobv3SSDLiteKernels.c.obj
                0x000000001c0354ee                S270_Conv2d_672x3x3x1_Relu6
 .text.S273_Conv2d_24x1x1x672_Custom
                0x000000001c035b4e      0x5ca CMakeFiles/Mobv3SSDLite.dir/BUILD_MODEL/Mobv3SSDLiteKernels.c.obj
                0x000000001c035b4e                S273_Conv2d_24x1x1x672_Custom
 .text.S277_Conv2d_480x3x3x1_Relu6
                0x000000001c036118      0x6ce CMakeFiles/Mobv3SSDLite.dir/BUILD_MODEL/Mobv3SSDLiteKernels.c.obj
                0x000000001c036118                S277_Conv2d_480x3x3x1_Relu6
 .text.S281_Conv2d_512x3x3x1_Relu6
                0x000000001c0367e6      0x51e CMakeFiles/Mobv3SSDLite.dir/BUILD_MODEL/Mobv3SSDLiteKernels.c.obj
                0x000000001c0367e6                S281_Conv2d_512x3x3x1_Relu6
 .text.S285_Conv2d_256x3x3x1_Relu6
                0x000000001c036d04      0x514 CMakeFiles/Mobv3SSDLite.dir/BUILD_MODEL/Mobv3SSDLiteKernels.c.obj
                0x000000001c036d04                S285_Conv2d_256x3x3x1_Relu6
 .text.S291_Conv2d_128x3x3x1_Relu6
                0x000000001c037218      0x5e4 CMakeFiles/Mobv3SSDLite.dir/BUILD_MODEL/Mobv3SSDLiteKernels.c.obj
                0x000000001c037218                S291_Conv2d_128x3x3x1_Relu6
 .text.S311_Conv2d_672x3x3x1_Relu6
                0x000000001c0377fc      0x660 CMakeFiles/Mobv3SSDLite.dir/BUILD_MODEL/Mobv3SSDLiteKernels.c.obj
                0x000000001c0377fc                S311_Conv2d_672x3x3x1_Relu6
 .text.S312_Conv2d_186x1x1x672
                0x000000001c037e5c      0x658 CMakeFiles/Mobv3SSDLite.dir/BUILD_MODEL/Mobv3SSDLiteKernels.c.obj
                0x000000001c037e5c                S312_Conv2d_186x1x1x672
 .text.S315_Conv2d_24x1x1x480_Custom
                0x000000001c0384b4      0x4c0 CMakeFiles/Mobv3SSDLite.dir/BUILD_MODEL/Mobv3SSDLiteKernels.c.obj
                0x000000001c0384b4                S315_Conv2d_24x1x1x480_Custom
 .text.S318_Conv2d_24x1x1x512_Custom
                0x000000001c038974      0x4a2 CMakeFiles/Mobv3SSDLite.dir/BUILD_MODEL/Mobv3SSDLiteKernels.c.obj
                0x000000001c038974                S318_Conv2d_24x1x1x512_Custom
 .text.S321_Conv2d_24x1x1x256_Custom
                0x000000001c038e16      0x4b0 CMakeFiles/Mobv3SSDLite.dir/BUILD_MODEL/Mobv3SSDLiteKernels.c.obj
                0x000000001c038e16                S321_Conv2d_24x1x1x256_Custom
 .text.S325_Conv2d_24x1x1x128_Custom
                0x000000001c0392c6      0x490 CMakeFiles/Mobv3SSDLite.dir/BUILD_MODEL/Mobv3SSDLiteKernels.c.obj
                0x000000001c0392c6                S325_Conv2d_24x1x1x128_Custom
 .text.S330_Conv2d_512x3x3x1_Relu6
                0x000000001c039756      0x51e CMakeFiles/Mobv3SSDLite.dir/BUILD_MODEL/Mobv3SSDLiteKernels.c.obj
                0x000000001c039756                S330_Conv2d_512x3x3x1_Relu6
 .text.S332_Conv2d_256x3x3x1_Relu6
                0x000000001c039c74      0x564 CMakeFiles/Mobv3SSDLite.dir/BUILD_MODEL/Mobv3SSDLiteKernels.c.obj
                0x000000001c039c74                S332_Conv2d_256x3x3x1_Relu6
 .text.S333_Conv2d_24x1x1x256_Custom
                0x000000001c03a1d8      0x4b0 CMakeFiles/Mobv3SSDLite.dir/BUILD_MODEL/Mobv3SSDLiteKernels.c.obj
                0x000000001c03a1d8                S333_Conv2d_24x1x1x256_Custom
 .text.S336_Op__Split
                0x000000001c03a688      0x342 CMakeFiles/Mobv3SSDLite.dir/BUILD_MODEL/Mobv3SSDLiteKernels.c.obj
                0x000000001c03a688                S336_Op__Split
 .text.S348_Conv2d_186x1x1x480
                0x000000001c03a9ca      0x5c4 CMakeFiles/Mobv3SSDLite.dir/BUILD_MODEL/Mobv3SSDLiteKernels.c.obj
                0x000000001c03a9ca                S348_Conv2d_186x1x1x480
 .text.S351_Conv2d_186x1x1x512
                0x000000001c03af8e      0x5ae CMakeFiles/Mobv3SSDLite.dir/BUILD_MODEL/Mobv3SSDLiteKernels.c.obj
                0x000000001c03af8e                S351_Conv2d_186x1x1x512
 .text.S354_Conv2d_186x1x1x256
                0x000000001c03b53c      0x4ce CMakeFiles/Mobv3SSDLite.dir/BUILD_MODEL/Mobv3SSDLiteKernels.c.obj
                0x000000001c03b53c                S354_Conv2d_186x1x1x256
 .text.S357_Conv2d_186x1x1x256
                0x000000001c03ba0a      0x4ce CMakeFiles/Mobv3SSDLite.dir/BUILD_MODEL/Mobv3SSDLiteKernels.c.obj
                0x000000001c03ba0a                S357_Conv2d_186x1x1x256
 .text.S360_Conv2d_186x1x1x128
                0x000000001c03bed8      0x4b4 CMakeFiles/Mobv3SSDLite.dir/BUILD_MODEL/Mobv3SSDLiteKernels.c.obj
                0x000000001c03bed8                S360_Conv2d_186x1x1x128
 .text.S363_SoftMax
                0x000000001c03c38c      0x334 CMakeFiles/Mobv3SSDLite.dir/BUILD_MODEL/Mobv3SSDLiteKernels.c.obj
                0x000000001c03c38c                S363_SoftMax
 .text.S366_Op_expr_1
                0x000000001c03c6c0      0x452 CMakeFiles/Mobv3SSDLite.dir/BUILD_MODEL/Mobv3SSDLiteKernels.c.obj
                0x000000001c03c6c0                S366_Op_expr_1
 .text.S372_Op_expr_0
                0x000000001c03cb12      0x452 CMakeFiles/Mobv3SSDLite.dir/BUILD_MODEL/Mobv3SSDLiteKernels.c.obj
                0x000000001c03cb12                S372_Op_expr_0
 .text.Mobv3SSDLiteCNN_Construct
                0x000000001c03cf64    0x10936 CMakeFiles/Mobv3SSDLite.dir/BUILD_MODEL/Mobv3SSDLiteKernels.c.obj
                0x000000001c03cf64                Mobv3SSDLiteCNN_Construct
 .text.Mobv3SSDLiteCNN_Destruct
                0x000000001c04d89a       0xe8 CMakeFiles/Mobv3SSDLite.dir/BUILD_MODEL/Mobv3SSDLiteKernels.c.obj
                0x000000001c04d89a                Mobv3SSDLiteCNN_Destruct
 .text.Mobv3SSDLiteCNN
                0x000000001c04d982     0xbcdc CMakeFiles/Mobv3SSDLite.dir/BUILD_MODEL/Mobv3SSDLiteKernels.c.obj
                0x000000001c04d982                Mobv3SSDLiteCNN
 .text.s372_kernel
                0x000000001c05965e      0x13e CMakeFiles/Mobv3SSDLite.dir/Expression_Kernels.c.obj
                0x000000001c05965e                s372_kernel
 .text.s366_kernel
                0x000000001c05979c      0x134 CMakeFiles/Mobv3SSDLite.dir/Expression_Kernels.c.obj
                0x000000001c05979c                s366_kernel
 .text.s144_kernel
                0x000000001c0598d0       0x88 CMakeFiles/Mobv3SSDLite.dir/Expression_Kernels.c.obj
                0x000000001c0598d0                s144_kernel
 .text.s164_kernel
                0x000000001c059958       0x88 CMakeFiles/Mobv3SSDLite.dir/Expression_Kernels.c.obj
                0x000000001c059958                s164_kernel
 .text.s45_kernel
                0x000000001c0599e0       0x88 CMakeFiles/Mobv3SSDLite.dir/Expression_Kernels.c.obj
                0x000000001c0599e0                s45_kernel
 .text.s64_kernel
                0x000000001c059a68       0x88 CMakeFiles/Mobv3SSDLite.dir/Expression_Kernels.c.obj
                0x000000001c059a68                s64_kernel
 .text.s84_kernel
                0x000000001c059af0       0x88 CMakeFiles/Mobv3SSDLite.dir/Expression_Kernels.c.obj
                0x000000001c059af0                s84_kernel
 .text.s184_kernel
                0x000000001c059b78       0x88 CMakeFiles/Mobv3SSDLite.dir/Expression_Kernels.c.obj
                0x000000001c059b78                s184_kernel
 .text.s204_kernel
                0x000000001c059c00       0x88 CMakeFiles/Mobv3SSDLite.dir/Expression_Kernels.c.obj
                0x000000001c059c00                s204_kernel
 .text.s224_kernel
                0x000000001c059c88       0x82 CMakeFiles/Mobv3SSDLite.dir/Expression_Kernels.c.obj
                0x000000001c059c88                s224_kernel
 .text.expr_6   0x000000001c059d0a       0x84 CMakeFiles/Mobv3SSDLite.dir/Expression_Kernels.c.obj
                0x000000001c059d0a                expr_6
 .text.expr_19  0x000000001c059d8e       0x84 CMakeFiles/Mobv3SSDLite.dir/Expression_Kernels.c.obj
                0x000000001c059d8e                expr_19
 .text.expr_20  0x000000001c059e12       0x84 CMakeFiles/Mobv3SSDLite.dir/Expression_Kernels.c.obj
                0x000000001c059e12                expr_20
 .text.expr_21  0x000000001c059e96       0x86 CMakeFiles/Mobv3SSDLite.dir/Expression_Kernels.c.obj
                0x000000001c059e96                expr_21
 .text.expr_22  0x000000001c059f1c       0x84 CMakeFiles/Mobv3SSDLite.dir/Expression_Kernels.c.obj
                0x000000001c059f1c                expr_22
 .text.expr_23  0x000000001c059fa0       0x7e CMakeFiles/Mobv3SSDLite.dir/Expression_Kernels.c.obj
                0x000000001c059fa0                expr_23
 .text.expr_24  0x000000001c05a01e       0x84 CMakeFiles/Mobv3SSDLite.dir/Expression_Kernels.c.obj
                0x000000001c05a01e                expr_24
 .text.expr_7   0x000000001c05a0a2       0x84 CMakeFiles/Mobv3SSDLite.dir/Expression_Kernels.c.obj
                0x000000001c05a0a2                expr_7
 .text.expr_8   0x000000001c05a126       0x84 CMakeFiles/Mobv3SSDLite.dir/Expression_Kernels.c.obj
                0x000000001c05a126                expr_8
 .text.expr_9   0x000000001c05a1aa       0x84 CMakeFiles/Mobv3SSDLite.dir/Expression_Kernels.c.obj
                0x000000001c05a1aa                expr_9
 .text.expr_10  0x000000001c05a22e       0x86 CMakeFiles/Mobv3SSDLite.dir/Expression_Kernels.c.obj
                0x000000001c05a22e                expr_10
 .text.expr_12  0x000000001c05a2b4       0x84 CMakeFiles/Mobv3SSDLite.dir/Expression_Kernels.c.obj
                0x000000001c05a2b4                expr_12
 .text.expr_13  0x000000001c05a338       0x84 CMakeFiles/Mobv3SSDLite.dir/Expression_Kernels.c.obj
                0x000000001c05a338                expr_13
 .text.expr_15  0x000000001c05a3bc       0x84 CMakeFiles/Mobv3SSDLite.dir/Expression_Kernels.c.obj
                0x000000001c05a3bc                expr_15
 .text.expr_25  0x000000001c05a440       0x84 CMakeFiles/Mobv3SSDLite.dir/Expression_Kernels.c.obj
                0x000000001c05a440                expr_25
 .text.expr_27  0x000000001c05a4c4       0x84 CMakeFiles/Mobv3SSDLite.dir/Expression_Kernels.c.obj
                0x000000001c05a4c4                expr_27
 .text.expr_28  0x000000001c05a548       0x86 CMakeFiles/Mobv3SSDLite.dir/Expression_Kernels.c.obj
                0x000000001c05a548                expr_28
 .text.expr_30  0x000000001c05a5ce       0x84 CMakeFiles/Mobv3SSDLite.dir/Expression_Kernels.c.obj
                0x000000001c05a5ce                expr_30
 .text.expr_31  0x000000001c05a652       0x86 CMakeFiles/Mobv3SSDLite.dir/Expression_Kernels.c.obj
                0x000000001c05a652                expr_31
 .text.expr_33  0x000000001c05a6d8       0x84 CMakeFiles/Mobv3SSDLite.dir/Expression_Kernels.c.obj
                0x000000001c05a6d8                expr_33
 .text.expr_2   0x000000001c05a75c       0x70 CMakeFiles/Mobv3SSDLite.dir/Expression_Kernels.c.obj
                0x000000001c05a75c                expr_2
 .text.expr_2_1
                0x000000001c05a7cc       0x70 CMakeFiles/Mobv3SSDLite.dir/Expression_Kernels.c.obj
                0x000000001c05a7cc                expr_2_1
 .text.expr_2_2
                0x000000001c05a83c       0x70 CMakeFiles/Mobv3SSDLite.dir/Expression_Kernels.c.obj
                0x000000001c05a83c                expr_2_2
 .text.expr_2_3
                0x000000001c05a8ac       0x70 CMakeFiles/Mobv3SSDLite.dir/Expression_Kernels.c.obj
                0x000000001c05a8ac                expr_2_3
 .text.expr_2_4
                0x000000001c05a91c       0x70 CMakeFiles/Mobv3SSDLite.dir/Expression_Kernels.c.obj
                0x000000001c05a91c                expr_2_4
 .text.expr_2_5
                0x000000001c05a98c       0x70 CMakeFiles/Mobv3SSDLite.dir/Expression_Kernels.c.obj
                0x000000001c05a98c                expr_2_5
 .text.system_init
                0x000000001c05a9fc      0x124 freertos/vendors/gwt/gap9/libfreertos_gap9.a(system_gap9.c.obj)
                0x000000001c05a9fc                system_init
 .text.system_init_finalize
                0x000000001c05ab20       0x18 freertos/vendors/gwt/gap9/libfreertos_gap9.a(system_gap9.c.obj)
                0x000000001c05ab20                system_init_finalize
 .text._system_init_from_sleep_with_retention
                0x000000001c05ab38       0xda freertos/vendors/gwt/gap9/libfreertos_gap9.a(system_gap9.c.obj)
                0x000000001c05ab38                _system_init_from_sleep_with_retention
 .text.system_printf_uart_close
                0x000000001c05ac12        0x2 freertos/vendors/gwt/gap9/libfreertos_gap9.a(system_gap9.c.obj)
                0x000000001c05ac12                system_printf_uart_close
 .text.deallocate_init_stack
                0x000000001c05ac14        0xc freertos/vendors/gwt/gap9/libfreertos_gap9.a(system_gap9.c.obj)
                0x000000001c05ac14                deallocate_init_stack
 .text.system_setup_systick
                0x000000001c05ac20       0xb0 freertos/vendors/gwt/gap9/libfreertos_gap9.a(system_gap9.c.obj)
                0x000000001c05ac20                system_setup_systick
 .text.system_core_clock_update
                0x000000001c05acd0       0x5c freertos/vendors/gwt/gap9/libfreertos_gap9.a(system_gap9.c.obj)
                0x000000001c05acd0                system_core_clock_update
 .text.system_exit
                0x000000001c05ad2c       0x52 freertos/vendors/gwt/gap9/libfreertos_gap9.a(system_gap9.c.obj)
                0x000000001c05ad2c                system_exit
 .text.__semihost_putc_cluster_req
                0x000000001c05ad7e       0x3a freertos/vendors/gwt/gap9/libfreertos_gap9.a(gap_io.c.obj)
 .text.__io_lock
                0x000000001c05adb8       0xca freertos/vendors/gwt/gap9/libfreertos_gap9.a(gap_io.c.obj)
                0x000000001c05adb8                __io_lock
 .text.__io_unlock
                0x000000001c05ae82       0x5e freertos/vendors/gwt/gap9/libfreertos_gap9.a(gap_io.c.obj)
                0x000000001c05ae82                __io_unlock
 .text._putchar
                0x000000001c05aee0      0x156 freertos/vendors/gwt/gap9/libfreertos_gap9.a(gap_io.c.obj)
                0x000000001c05aee0                _putchar
 .text.puts     0x000000001c05b036      0x26c freertos/vendors/gwt/gap9/libfreertos_gap9.a(gap_io.c.obj)
                0x000000001c05b036                puts
 .text.system_exit_printf_flush
                0x000000001c05b2a2       0x3e freertos/vendors/gwt/gap9/libfreertos_gap9.a(gap_io.c.obj)
                0x000000001c05b2a2                system_exit_printf_flush
 .text._procid  0x000000001c05b2e0        0xa freertos/vendors/gwt/gap9/libfreertos_gap9.a(gap9_it.c.obj)
                0x000000001c05b2e0                _procid
 .text._clusterid
                0x000000001c05b2ea        0x8 freertos/vendors/gwt/gap9/libfreertos_gap9.a(gap9_it.c.obj)
                0x000000001c05b2ea                _clusterid
 .text._priv_drop
                0x000000001c05b2f2       0x10 freertos/vendors/gwt/gap9/libfreertos_gap9.a(gap9_it.c.obj)
                0x000000001c05b2f2                _priv_drop
 .text._isr_default
                0x000000001c05b302       0x18 freertos/vendors/gwt/gap9/libfreertos_gap9.a(gap9_it.c.obj)
                0x000000001c05b302                _isr_default
 .text._puts    0x000000001c05b31a       0x10 freertos/vendors/gwt/gap9/libfreertos_gap9.a(gap9_it.c.obj)
                0x000000001c05b31a                _puts
 .text.vSetPendSV
                0x000000001c05b32a        0xa freertos/vendors/gwt/gap9/libfreertos_gap9.a(gap9_it.c.obj)
                0x000000001c05b32a                vSetPendSV
 .text.pmp_exception_handler
                0x000000001c05b334       0x22 freertos/vendors/gwt/gap9/libfreertos_gap9.a(gap9_it.c.obj)
                0x000000001c05b334                pmp_exception_handler
 .text.xip_insn_exception_handler
                0x000000001c05b356       0x56 freertos/vendors/gwt/gap9/libfreertos_gap9.a(gap9_it.c.obj)
                0x000000001c05b356                xip_insn_exception_handler
 .text.xip_data_exception_handler
                0x000000001c05b3ac       0x5c freertos/vendors/gwt/gap9/libfreertos_gap9.a(gap9_it.c.obj)
                0x000000001c05b3ac                xip_data_exception_handler
 .text._ill_insn_print
                0x000000001c05b408        0xc freertos/vendors/gwt/gap9/libfreertos_gap9.a(gap9_it.c.obj)
                0x000000001c05b408                _ill_insn_print
 .text.startup.__pi_timer_init__
                0x000000001c05b414        0x8 freertos/vendors/gwt/gap9/pmsis/libpmsis_implem_gap9.a(timer.c.obj)
                0x000000001c05b414                __pi_timer_init__
 .text.__pi_timer_fc_0_1_handler
                0x000000001c05b41c       0xa0 freertos/vendors/gwt/gap9/pmsis/libpmsis_implem_gap9.a(timer.c.obj)
                0x000000001c05b41c                __pi_timer_fc_0_1_handler
 .text.__pi_timer_fc_1_1_handler
                0x000000001c05b4bc       0xfc freertos/vendors/gwt/gap9/pmsis/libpmsis_implem_gap9.a(timer.c.obj)
                0x000000001c05b4bc                __pi_timer_fc_1_1_handler
 .text.__pi_timer_conf_init
                0x000000001c05b5b8        0x6 freertos/vendors/gwt/gap9/pmsis/libpmsis_implem_gap9.a(timer.c.obj)
                0x000000001c05b5b8                __pi_timer_conf_init
 .text.__pi_timer_init
                0x000000001c05b5be       0x52 freertos/vendors/gwt/gap9/pmsis/libpmsis_implem_gap9.a(timer.c.obj)
                0x000000001c05b5be                __pi_timer_init
 .text.__pi_timer_stop
                0x000000001c05b610       0x42 freertos/vendors/gwt/gap9/pmsis/libpmsis_implem_gap9.a(timer.c.obj)
                0x000000001c05b610                __pi_timer_stop
 .text.pi_timer_conf_init
                0x000000001c05b652       0x12 freertos/vendors/gwt/gap9/pmsis/libpmsis_implem_gap9.a(timer.c.obj)
                0x000000001c05b652                pi_timer_conf_init
 .text.pi_timer_open
                0x000000001c05b664      0x19e freertos/vendors/gwt/gap9/pmsis/libpmsis_implem_gap9.a(timer.c.obj)
                0x000000001c05b664                pi_timer_open
 .text.pi_timer_start
                0x000000001c05b802       0x2a freertos/vendors/gwt/gap9/pmsis/libpmsis_implem_gap9.a(timer.c.obj)
                0x000000001c05b802                pi_timer_start
 .text.pi_timer_task_add
                0x000000001c05b82c       0xbe freertos/vendors/gwt/gap9/pmsis/libpmsis_implem_gap9.a(timer.c.obj)
                0x000000001c05b82c                pi_timer_task_add
 .text.pi_pad_function_set
                0x000000001c05b8ea       0x3c freertos/vendors/gwt/gap9/pmsis/libpmsis_implem_gap9.a(pad.c.obj)
                0x000000001c05b8ea                pi_pad_function_set
 .text.pi_pad_init
                0x000000001c05b926       0x2a freertos/vendors/gwt/gap9/pmsis/libpmsis_implem_gap9.a(pad.c.obj)
                0x000000001c05b926                pi_pad_init
 .text.__do_ctors__
                0x000000001c05b950       0x32 freertos/vendors/gwt/gap9/pmsis/libpmsis_implem_gap9.a(ctors_dtors.c.obj)
                0x000000001c05b950                __do_ctors__
 .text.__do_dtors__
                0x000000001c05b982       0x32 freertos/vendors/gwt/gap9/pmsis/libpmsis_implem_gap9.a(ctors_dtors.c.obj)
                0x000000001c05b982                __do_dtors__
 .text.__pi_gpio_handler
                0x000000001c05b9b4      0x124 freertos/vendors/gwt/gap9/pmsis/libpmsis_implem_gap9.a(gpio.c.obj)
                0x000000001c05b9b4                __pi_gpio_handler
 .text.__pi_gpio_init
                0x000000001c05bad8      0x180 freertos/vendors/gwt/gap9/pmsis/libpmsis_implem_gap9.a(gpio.c.obj)
                0x000000001c05bad8                __pi_gpio_init
 .text.__pi_gpio_deinit
                0x000000001c05bc58       0x6c freertos/vendors/gwt/gap9/pmsis/libpmsis_implem_gap9.a(gpio.c.obj)
                0x000000001c05bc58                __pi_gpio_deinit
 .text.pi_gpio_pin_configure
                0x000000001c05bcc4       0xa8 freertos/vendors/gwt/gap9/pmsis/libpmsis_implem_gap9.a(gpio.c.obj)
                0x000000001c05bcc4                pi_gpio_pin_configure
 .text.pi_gpio_pin_write
                0x000000001c05bd6c       0x5e freertos/vendors/gwt/gap9/pmsis/libpmsis_implem_gap9.a(gpio.c.obj)
                0x000000001c05bd6c                pi_gpio_pin_write
 .text.exit     0x000000001c05bdca        0xa freertos/vendors/gwt/libs/libfreertos_libs.a(stdlib.c.obj)
                0x000000001c05bdca                exit
 .text.memcpy   0x000000001c05bdd4      0x10a freertos/vendors/gwt/libs/libfreertos_libs.a(string.c.obj)
                0x000000001c05bdd4                memcpy
 .text.memset   0x000000001c05bede       0xb6 freertos/vendors/gwt/libs/libfreertos_libs.a(string.c.obj)
                0x000000001c05bede                memset
 .text.strcmp   0x000000001c05bf94       0x36 freertos/vendors/gwt/libs/libfreertos_libs.a(string.c.obj)
                0x000000001c05bf94                strcmp
 .text.strncmp  0x000000001c05bfca       0x3c freertos/vendors/gwt/libs/libfreertos_libs.a(string.c.obj)
                0x000000001c05bfca                strncmp
 .text.strlen   0x000000001c05c006       0x1c freertos/vendors/gwt/libs/libfreertos_libs.a(string.c.obj)
                0x000000001c05c006                strlen
 .text.pi_ref_fast_clock_frequency_set
                0x000000001c05c022       0x4e freertos/pmsis/implem/libpmsis_implem.a(fll.c.obj)
                0x000000001c05c022                pi_ref_fast_clock_frequency_set
 .text.pi_ref_fast_clock_frequency_get
                0x000000001c05c070       0x1a freertos/pmsis/implem/libpmsis_implem.a(fll.c.obj)
                0x000000001c05c070                pi_ref_fast_clock_frequency_get
 .text.__pi_pmu_change_domain_power_async
                0x000000001c05c08a       0xf2 freertos/pmsis/implem/libpmsis_implem.a(maestro.c.obj)
 .text.pi_pmu_voltage_get
                0x000000001c05c17c        0x6 freertos/pmsis/implem/libpmsis_implem.a(maestro.c.obj)
                0x000000001c05c17c                pi_pmu_voltage_get
 .text.pi_pmu_domain_state_change
                0x000000001c05c182      0x284 freertos/pmsis/implem/libpmsis_implem.a(maestro.c.obj)
                0x000000001c05c182                pi_pmu_domain_state_change
 .text.__pi_pmu_init
                0x000000001c05c406       0xc4 freertos/pmsis/implem/libpmsis_implem.a(maestro.c.obj)
                0x000000001c05c406                __pi_pmu_init
 .text.pi_pmu_voltage_set
                0x000000001c05c4ca       0xc8 freertos/pmsis/implem/libpmsis_implem.a(maestro.c.obj)
                0x000000001c05c4ca                pi_pmu_voltage_set
 .text.pos_alloc_account.constprop.3
                0x000000001c05c592      0x116 freertos/pmsis/implem/libpmsis_implem.a(alloc.c.obj)
 .text.pos_alloc_power_ctrl
                0x000000001c05c6a8       0x60 freertos/pmsis/implem/libpmsis_implem.a(alloc.c.obj)
                0x000000001c05c6a8                pos_alloc_power_ctrl
 .text.pos_alloc_dump
                0x000000001c05c708       0x68 freertos/pmsis/implem/libpmsis_implem.a(alloc.c.obj)
                0x000000001c05c708                pos_alloc_dump
 .text.pos_alloc_account_free
                0x000000001c05c770        0xc freertos/pmsis/implem/libpmsis_implem.a(alloc.c.obj)
                0x000000001c05c770                pos_alloc_account_free
 .text.pos_alloc_init
                0x000000001c05c77c       0x24 freertos/pmsis/implem/libpmsis_implem.a(alloc.c.obj)
                0x000000001c05c77c                pos_alloc_init
 .text.pos_alloc
                0x000000001c05c7a0       0xc4 freertos/pmsis/implem/libpmsis_implem.a(alloc.c.obj)
                0x000000001c05c7a0                pos_alloc
 .text.pos_free
                0x000000001c05c864       0xd2 freertos/pmsis/implem/libpmsis_implem.a(alloc.c.obj)
                0x000000001c05c864                pos_free
 .text.pi_alloc_fail
                0x000000001c05c936       0x7a freertos/pmsis/implem/libpmsis_implem.a(alloc_pool.c.obj)
                0x000000001c05c936                pi_alloc_fail
 .text.pos_alloc_init_l1
                0x000000001c05c9b0       0x14 freertos/pmsis/implem/libpmsis_implem.a(alloc_pool.c.obj)
                0x000000001c05c9b0                pos_alloc_init_l1
 .text.pos_allocs_init
                0x000000001c05c9c4       0xf8 freertos/pmsis/implem/libpmsis_implem.a(alloc_pool.c.obj)
                0x000000001c05c9c4                pos_allocs_init
 .text.pi_cl_l1_malloc
                0x000000001c05cabc       0x70 freertos/pmsis/implem/libpmsis_implem.a(alloc_pool.c.obj)
                0x000000001c05cabc                pi_cl_l1_malloc
 .text.pi_cl_l1_free
                0x000000001c05cb2c       0x2a freertos/pmsis/implem/libpmsis_implem.a(alloc_pool.c.obj)
                0x000000001c05cb2c                pi_cl_l1_free
 .text.pi_l2_malloc
                0x000000001c05cb56       0x50 freertos/pmsis/implem/libpmsis_implem.a(alloc_pool.c.obj)
                0x000000001c05cb56                pi_l2_malloc
 .text.pi_l2_free
                0x000000001c05cba6       0x26 freertos/pmsis/implem/libpmsis_implem.a(alloc_pool.c.obj)
                0x000000001c05cba6                pi_l2_free
 .text.pi_fc_l1_malloc
                0x000000001c05cbcc       0x4e freertos/pmsis/implem/libpmsis_implem.a(alloc_pool.c.obj)
                0x000000001c05cbcc                pi_fc_l1_malloc
 .text.pi_fc_l1_free
                0x000000001c05cc1a       0x26 freertos/pmsis/implem/libpmsis_implem.a(alloc_pool.c.obj)
                0x000000001c05cc1a                pi_fc_l1_free
 .text.pi_malloc_init
                0x000000001c05cc40        0x4 freertos/pmsis/implem/libpmsis_implem.a(pi_malloc.c.obj)
                0x000000001c05cc40                pi_malloc_init
 .text.pi_malloc
                0x000000001c05cc44       0x1c freertos/pmsis/implem/libpmsis_implem.a(pi_malloc.c.obj)
                0x000000001c05cc44                pi_malloc
 .text.pi_free  0x000000001c05cc60       0x14 freertos/pmsis/implem/libpmsis_implem.a(pi_malloc.c.obj)
                0x000000001c05cc60                pi_free
 .text.pi_task_remote_enqueue
                0x000000001c05cc74       0x6e freertos/pmsis/implem/libpmsis_implem.a(cluster.c.obj)
 .text.__pi_cluster_task_set_stack.isra.4
                0x000000001c05cce2       0x5a freertos/pmsis/implem/libpmsis_implem.a(cluster.c.obj)
 .text.pi_cluster_conf_init
                0x000000001c05cd3c       0x16 freertos/pmsis/implem/libpmsis_implem.a(cluster.c.obj)
                0x000000001c05cd3c                pi_cluster_conf_init
 .text.pi_cluster_open
                0x000000001c05cd52      0x268 freertos/pmsis/implem/libpmsis_implem.a(cluster.c.obj)
                0x000000001c05cd52                pi_cluster_open
 .text.pi_cluster_send_task_to_cl
                0x000000001c05cfba       0x88 freertos/pmsis/implem/libpmsis_implem.a(cluster.c.obj)
                0x000000001c05cfba                pi_cluster_send_task_to_cl
 .text.pi_cl_send_task_to_fc
                0x000000001c05d042       0x66 freertos/pmsis/implem/libpmsis_implem.a(cluster.c.obj)
                0x000000001c05d042                pi_cl_send_task_to_fc
 .text.pi_bsp_init
                0x000000001c05d0a8       0x2c freertos/pmsis/bsp/libbsp.a(bsp.c.obj)
                0x000000001c05d0a8                pi_bsp_init
 .text.pi_flash_open
                0x000000001c05d0d4        0xc freertos/pmsis/bsp/libbsp.a(flash.c.obj)
                0x000000001c05d0d4                pi_flash_open
 .text.__flash_conf_init
                0x000000001c05d0e0        0x6 freertos/pmsis/bsp/libbsp.a(flash.c.obj)
                0x000000001c05d0e0                __flash_conf_init
 .text.mx25u_erase_chip_async
                0x000000001c05d0e6       0x7a freertos/pmsis/bsp/libbsp.a(mx25u51245g.c.obj)
 .text.mx25u_erase_sector_async
                0x000000001c05d160       0xde freertos/pmsis/bsp/libbsp.a(mx25u51245g.c.obj)
 .text.mx25u_read_async
                0x000000001c05d23e       0x90 freertos/pmsis/bsp/libbsp.a(mx25u51245g.c.obj)
 .text.mx25u_close
                0x000000001c05d2ce       0x28 freertos/pmsis/bsp/libbsp.a(mx25u51245g.c.obj)
 .text.mx25u_open
                0x000000001c05d2f6      0x116 freertos/pmsis/bsp/libbsp.a(mx25u51245g.c.obj)
 .text.mx25u_ioctl
                0x000000001c05d40c       0x3a freertos/pmsis/bsp/libbsp.a(mx25u51245g.c.obj)
 .text.mx25u_copy_2d_async
                0x000000001c05d446       0xb4 freertos/pmsis/bsp/libbsp.a(mx25u51245g.c.obj)
 .text.mx25u_copy_2d
                0x000000001c05d4fa       0xc4 freertos/pmsis/bsp/libbsp.a(mx25u51245g.c.obj)
 .text.mx25u_erase_chip
                0x000000001c05d5be       0xa0 freertos/pmsis/bsp/libbsp.a(mx25u51245g.c.obj)
 .text.mx25u_read
                0x000000001c05d65e       0xbe freertos/pmsis/bsp/libbsp.a(mx25u51245g.c.obj)
 .text.mx25u_erase_sector
                0x000000001c05d71c       0xe2 freertos/pmsis/bsp/libbsp.a(mx25u51245g.c.obj)
 .text.mx25u_erase
                0x000000001c05d7fe       0x70 freertos/pmsis/bsp/libbsp.a(mx25u51245g.c.obj)
 .text.mx25u_handle_pending_task
                0x000000001c05d86e      0x332 freertos/pmsis/bsp/libbsp.a(mx25u51245g.c.obj)
 .text.mx25u_reg_get_async
                0x000000001c05dba0       0x4e freertos/pmsis/bsp/libbsp.a(mx25u51245g.c.obj)
 .text.mx25u_reg_set_async
                0x000000001c05dbee       0x4e freertos/pmsis/bsp/libbsp.a(mx25u51245g.c.obj)
 .text.mx25u_check_erase
                0x000000001c05dc3c       0xa0 freertos/pmsis/bsp/libbsp.a(mx25u51245g.c.obj)
 .text.mx25u_check_program
                0x000000001c05dcdc       0x9e freertos/pmsis/bsp/libbsp.a(mx25u51245g.c.obj)
 .text.mx25u_program
                0x000000001c05dd7a       0x80 freertos/pmsis/bsp/libbsp.a(mx25u51245g.c.obj)
 .text.mx25u_copy_async
                0x000000001c05ddfa       0xf6 freertos/pmsis/bsp/libbsp.a(mx25u51245g.c.obj)
 .text.mx25u_copy
                0x000000001c05def0       0xfe freertos/pmsis/bsp/libbsp.a(mx25u51245g.c.obj)
 .text.mx25u_reg_set
                0x000000001c05dfee       0x76 freertos/pmsis/bsp/libbsp.a(mx25u51245g.c.obj)
 .text.mx25u_reg_get
                0x000000001c05e064       0x76 freertos/pmsis/bsp/libbsp.a(mx25u51245g.c.obj)
 .text.mx25u_erase_async
                0x000000001c05e0da      0x20a freertos/pmsis/bsp/libbsp.a(mx25u51245g.c.obj)
 .text.pi_mx25u51245g_conf_init
                0x000000001c05e2e4       0x32 freertos/pmsis/bsp/libbsp.a(mx25u51245g.c.obj)
                0x000000001c05e2e4                pi_mx25u51245g_conf_init
 .text.__pi_ram_cluster_req_done
                0x000000001c05e316       0x28 freertos/pmsis/bsp/libbsp.a(ram.c.obj)
 .text.__pi_ram_cluster_req
                0x000000001c05e33e       0x7c freertos/pmsis/bsp/libbsp.a(ram.c.obj)
 .text.pi_ram_open
                0x000000001c05e3ba        0xc freertos/pmsis/bsp/libbsp.a(ram.c.obj)
                0x000000001c05e3ba                pi_ram_open
 .text.pi_cl_ram_copy
                0x000000001c05e3c6       0x50 freertos/pmsis/bsp/libbsp.a(ram.c.obj)
                0x000000001c05e3c6                pi_cl_ram_copy
 .text.pi_cl_ram_copy_2d
                0x000000001c05e416       0x66 freertos/pmsis/bsp/libbsp.a(ram.c.obj)
                0x000000001c05e416                pi_cl_ram_copy_2d
 .text.aps256xxn_alloc
                0x000000001c05e47c       0x22 freertos/pmsis/bsp/libbsp.a(aps256xxn.c.obj)
                0x000000001c05e47c                aps256xxn_alloc
 .text.aps256xxn_free
                0x000000001c05e49e        0xe freertos/pmsis/bsp/libbsp.a(aps256xxn.c.obj)
                0x000000001c05e49e                aps256xxn_free
 .text.aps256xxn_copy_2d_async
                0x000000001c05e4ac       0x10 freertos/pmsis/bsp/libbsp.a(aps256xxn.c.obj)
 .text.aps256xxn_copy_async
                0x000000001c05e4bc        0xe freertos/pmsis/bsp/libbsp.a(aps256xxn.c.obj)
 .text.aps256xxn_close
                0x000000001c05e4ca       0x36 freertos/pmsis/bsp/libbsp.a(aps256xxn.c.obj)
 .text.aps256xxn_open
                0x000000001c05e500      0x140 freertos/pmsis/bsp/libbsp.a(aps256xxn.c.obj)
 .text.aps256xxn_ioctl
                0x000000001c05e640       0x28 freertos/pmsis/bsp/libbsp.a(aps256xxn.c.obj)
 .text.pi_aps256xxn_conf_init
                0x000000001c05e668       0x28 freertos/pmsis/bsp/libbsp.a(aps256xxn.c.obj)
                0x000000001c05e668                pi_aps256xxn_conf_init
 .text.pi_fs_conf_init
                0x000000001c05e690       0x1a freertos/pmsis/bsp/libbsp.a(fs.c.obj)
                0x000000001c05e690                pi_fs_conf_init
 .text.pi_fs_mount
                0x000000001c05e6aa       0x2e freertos/pmsis/bsp/libbsp.a(fs.c.obj)
                0x000000001c05e6aa                pi_fs_mount
 .text.pi_fs_unmount
                0x000000001c05e6d8        0x8 freertos/pmsis/bsp/libbsp.a(fs.c.obj)
                0x000000001c05e6d8                pi_fs_unmount
 .text.pi_fs_open
                0x000000001c05e6e0        0xe freertos/pmsis/bsp/libbsp.a(fs.c.obj)
                0x000000001c05e6e0                pi_fs_open
 .text.pi_fs_close
                0x000000001c05e6ee        0x8 freertos/pmsis/bsp/libbsp.a(fs.c.obj)
                0x000000001c05e6ee                pi_fs_close
 .text.pi_fs_read
                0x000000001c05e6f6       0x3a freertos/pmsis/bsp/libbsp.a(fs.c.obj)
                0x000000001c05e6f6                pi_fs_read
 .text.pi_fs_write
                0x000000001c05e730       0x3a freertos/pmsis/bsp/libbsp.a(fs.c.obj)
                0x000000001c05e730                pi_fs_write
 .text.pi_fs_copy_async
                0x000000001c05e76a        0xa freertos/pmsis/bsp/libbsp.a(fs.c.obj)
                0x000000001c05e76a                pi_fs_copy_async
 .text.__pi_host_fs_mount
                0x000000001c05e774        0xc freertos/pmsis/bsp/libbsp.a(host_fs.c.obj)
 .text.__pi_host_fs_unmount
                0x000000001c05e780        0x2 freertos/pmsis/bsp/libbsp.a(host_fs.c.obj)
 .text.__pi_host_fs_seek
                0x000000001c05e782       0x1c freertos/pmsis/bsp/libbsp.a(host_fs.c.obj)
 .text.__pi_host_fs_ls
                0x000000001c05e79e        0x6 freertos/pmsis/bsp/libbsp.a(host_fs.c.obj)
 .text.__pi_host_fs_dir_open
                0x000000001c05e7a4        0x4 freertos/pmsis/bsp/libbsp.a(host_fs.c.obj)
 .text.__pi_host_fs_close
                0x000000001c05e7a8       0x1a freertos/pmsis/bsp/libbsp.a(host_fs.c.obj)
 .text.__pi_host_fs_open
                0x000000001c05e7c2       0x92 freertos/pmsis/bsp/libbsp.a(host_fs.c.obj)
 .text.__pi_host_fs_remove
                0x000000001c05e854        0x6 freertos/pmsis/bsp/libbsp.a(host_fs.c.obj)
 .text.__pi_host_fs_dir_close
                0x000000001c05e85a        0x2 freertos/pmsis/bsp/libbsp.a(host_fs.c.obj)
 .text.__pi_host_fs_dir_read
                0x000000001c05e85c        0x6 freertos/pmsis/bsp/libbsp.a(host_fs.c.obj)
 .text.__pi_host_fs_mkdir
                0x000000001c05e862        0x6 freertos/pmsis/bsp/libbsp.a(host_fs.c.obj)
 .text.__pi_host_fs_direct_read_async
                0x000000001c05e868       0x9c freertos/pmsis/bsp/libbsp.a(host_fs.c.obj)
 .text.__pi_host_fs_write_async
                0x000000001c05e904       0x9a freertos/pmsis/bsp/libbsp.a(host_fs.c.obj)
 .text.__pi_host_fs_read_async
                0x000000001c05e99e       0x9c freertos/pmsis/bsp/libbsp.a(host_fs.c.obj)
 .text.__pi_host_fs_copy_2d_async
                0x000000001c05ea3a      0x132 freertos/pmsis/bsp/libbsp.a(host_fs.c.obj)
 .text.__pi_host_fs_copy_async
                0x000000001c05eb6c       0xc4 freertos/pmsis/bsp/libbsp.a(host_fs.c.obj)
 .text.__pi_read_fs_copy_async
                0x000000001c05ec30       0x1a freertos/pmsis/bsp/libbsp.a(read_fs.c.obj)
 .text.__pi_read_fs_copy_2d_async
                0x000000001c05ec4a       0x1a freertos/pmsis/bsp/libbsp.a(read_fs.c.obj)
 .text.__pi_read_fs_ls
                0x000000001c05ec64        0x6 freertos/pmsis/bsp/libbsp.a(read_fs.c.obj)
 .text.__pi_read_fs_dir_open
                0x000000001c05ec6a        0x4 freertos/pmsis/bsp/libbsp.a(read_fs.c.obj)
 .text.__pi_read_fs_dir_close
                0x000000001c05ec6e        0x2 freertos/pmsis/bsp/libbsp.a(read_fs.c.obj)
 .text.__pi_read_fs_write
                0x000000001c05ec70       0x4a freertos/pmsis/bsp/libbsp.a(read_fs.c.obj)
 .text.__pi_read_fs_seek
                0x000000001c05ecba       0x1c freertos/pmsis/bsp/libbsp.a(read_fs.c.obj)
 .text.__pi_read_fs_open
                0x000000001c05ecd6      0x11a freertos/pmsis/bsp/libbsp.a(read_fs.c.obj)
 .text.__pi_read_fs_close
                0x000000001c05edf0       0x58 freertos/pmsis/bsp/libbsp.a(read_fs.c.obj)
 .text.__pi_read_fs_remove
                0x000000001c05ee48        0x6 freertos/pmsis/bsp/libbsp.a(read_fs.c.obj)
 .text.__pi_read_fs_dir_read
                0x000000001c05ee4e        0x6 freertos/pmsis/bsp/libbsp.a(read_fs.c.obj)
 .text.__pi_read_fs_mkdir
                0x000000001c05ee54        0x6 freertos/pmsis/bsp/libbsp.a(read_fs.c.obj)
 .text.__pi_read_fs_unmount
                0x000000001c05ee5a       0x3a freertos/pmsis/bsp/libbsp.a(read_fs.c.obj)
 .text.__pi_read_fs_direct_read_async
                0x000000001c05ee94       0x98 freertos/pmsis/bsp/libbsp.a(read_fs.c.obj)
 .text.__pi_fs_mount_step
                0x000000001c05ef2c      0x19a freertos/pmsis/bsp/libbsp.a(read_fs.c.obj)
 .text.__pi_read_fs_seek_and_read
                0x000000001c05f0c6       0xae freertos/pmsis/bsp/libbsp.a(read_fs.c.obj)
 .text.__pi_read_fs_mount
                0x000000001c05f174      0x250 freertos/pmsis/bsp/libbsp.a(read_fs.c.obj)
 .text.pi_partition_get_flash_offset
                0x000000001c05f3c4        0xa freertos/pmsis/bsp/libbsp.a(partition.c.obj)
                0x000000001c05f3c4                pi_partition_get_flash_offset
 .text.pi_partition_table_free
                0x000000001c05f3ce        0x2 freertos/pmsis/bsp/libbsp.a(partition.c.obj)
                0x000000001c05f3ce                pi_partition_table_free
 .text.pi_partition_table_load
                0x000000001c05f3d0        0x4 freertos/pmsis/bsp/libbsp.a(partition.c.obj)
                0x000000001c05f3d0                pi_partition_table_load
 .text.pi_partition_find_first
                0x000000001c05f3d4       0x5e freertos/pmsis/bsp/libbsp.a(partition.c.obj)
                0x000000001c05f3d4                pi_partition_find_first
 .text.flash_partition_table_load
                0x000000001c05f432      0x166 freertos/pmsis/bsp/libbsp.a(flash_partition.c.obj)
                0x000000001c05f432                flash_partition_table_load
 .text.flash_partition_table_free
                0x000000001c05f598       0x24 freertos/pmsis/bsp/libbsp.a(flash_partition.c.obj)
                0x000000001c05f598                flash_partition_table_free
 .text.flash_partition_find_first
                0x000000001c05f5bc       0xb0 freertos/pmsis/bsp/libbsp.a(flash_partition.c.obj)
                0x000000001c05f5bc                flash_partition_find_first
 .text.bsp_mx25u51245g_conf_init
                0x000000001c05f66c       0x18 freertos/pmsis/bsp/libbsp.a(bsp_gap9mod_v1_0_b.c.obj)
                0x000000001c05f66c                bsp_mx25u51245g_conf_init
 .text.bsp_aps256xxn_conf_init
                0x000000001c05f684       0x1a freertos/pmsis/bsp/libbsp.a(bsp_gap9mod_v1_0_b.c.obj)
                0x000000001c05f684                bsp_aps256xxn_conf_init
 .text.extern_alloc_init
                0x000000001c05f69e       0x60 freertos/pmsis/bsp/libbsp.a(alloc_extern.c.obj)
                0x000000001c05f69e                extern_alloc_init
 .text.extern_alloc_deinit
                0x000000001c05f6fe        0x8 freertos/pmsis/bsp/libbsp.a(alloc_extern.c.obj)
                0x000000001c05f6fe                extern_alloc_deinit
 .text.extern_alloc
                0x000000001c05f706       0x6e freertos/pmsis/bsp/libbsp.a(alloc_extern.c.obj)
                0x000000001c05f706                extern_alloc
 .text.extern_free
                0x000000001c05f774       0xbe freertos/pmsis/bsp/libbsp.a(alloc_extern.c.obj)
                0x000000001c05f774                extern_free
 .text.body     0x000000001c05f832      0x8f0 freertos/pmsis/bsp/libbsp.a(md5.c.obj)
 .text.MD5_Init
                0x000000001c060122       0x32 freertos/pmsis/bsp/libbsp.a(md5.c.obj)
                0x000000001c060122                MD5_Init
 .text.MD5_Update
                0x000000001c060154       0x9c freertos/pmsis/bsp/libbsp.a(md5.c.obj)
                0x000000001c060154                MD5_Update
 .text.MD5_Final
                0x000000001c0601f0      0x12e freertos/pmsis/bsp/libbsp.a(md5.c.obj)
                0x000000001c0601f0                MD5_Final
 .text._out_null