Archive member included to satisfy reference by file (symbol)

freertos/vendors/gwt/gap9/libfreertos_gap9.a(startup_gap9.S.obj)
                              (_start)
freertos/vendors/gwt/gap9/libfreertos_gap9.a(system_gap9.c.obj)
                              freertos/vendors/gwt/gap9/libfreertos_gap9.a(startup_gap9.S.obj) (system_init)
freertos/vendors/gwt/gap9/libfreertos_gap9.a(gap_io.c.obj)
                              freertos/vendors/gwt/gap9/libfreertos_gap9.a(system_gap9.c.obj) (system_exit_printf_flush)
freertos/vendors/gwt/gap9/libfreertos_gap9.a(gap9_iet.S.obj)
                              freertos/vendors/gwt/gap9/libfreertos_gap9.a(startup_gap9.S.obj) (mcause_check)
freertos/vendors/gwt/gap9/libfreertos_gap9.a(gap9_it.c.obj)
                              freertos/vendors/gwt/gap9/libfreertos_gap9.a(gap_io.c.obj) (vSetPendSV)
freertos/vendors/gwt/gap9/pmsis/libpmsis_implem_gap9.a(timer.c.obj)
                              freertos/vendors/gwt/gap9/libfreertos_gap9.a(system_gap9.c.obj) (__pi_timer_conf_init)
freertos/vendors/gwt/gap9/pmsis/libpmsis_implem_gap9.a(timer_asm.S.obj)
                              freertos/vendors/gwt/gap9/pmsis/libpmsis_implem_gap9.a(timer.c.obj) (__pi_timer_fc_0_1_irq_handler)
freertos/vendors/gwt/gap9/pmsis/libpmsis_implem_gap9.a(asm_util.S.obj)
                              freertos/vendors/gwt/gap9/libfreertos_gap9.a(startup_gap9.S.obj) (ASM_FUNC_SAVE_MINIMAL_CONTEXT)
freertos/vendors/gwt/gap9/pmsis/libpmsis_implem_gap9.a(pad.c.obj)
                              CMakeFiles/Mobv3SSDLite.dir/Mobv3SSDLite.c.obj (pi_pad_function_set)
freertos/vendors/gwt/gap9/pmsis/libpmsis_implem_gap9.a(fc_event.c.obj)
                              freertos/vendors/gwt/gap9/libfreertos_gap9.a(gap9_iet.S.obj) (fc_soc_event_handler)
freertos/vendors/gwt/gap9/pmsis/libpmsis_implem_gap9.a(ctors_dtors.c.obj)
                              freertos/vendors/gwt/gap9/libfreertos_gap9.a(startup_gap9.S.obj) (__do_ctors__)
freertos/vendors/gwt/gap9/pmsis/libpmsis_implem_gap9.a(gpio.c.obj)
                              freertos/vendors/gwt/gap9/pmsis/libpmsis_implem_gap9.a(pad.c.obj) (__pi_gpio_init)
freertos/vendors/gwt/gap9/pmsis/libpmsis_implem_gap9.a(gpio_asm.S.obj)
                              freertos/vendors/gwt/gap9/pmsis/libpmsis_implem_gap9.a(gpio.c.obj) (__pi_gpio_irq_handler)
freertos/vendors/gwt/libs/libfreertos_libs.a(stdlib.c.obj)
                              CMakeFiles/Mobv3SSDLite.dir/Mobv3SSDLite.c.obj (exit)
freertos/vendors/gwt/libs/libfreertos_libs.a(string.c.obj)
                              freertos/vendors/gwt/gap9/libfreertos_gap9.a(gap_io.c.obj) (memset)
freertos/pmsis/implem/libpmsis_implem.a(fll.c.obj)
                              freertos/vendors/gwt/gap9/libfreertos_gap9.a(system_gap9.c.obj) (__pi_fll_init_all)
freertos/pmsis/implem/libpmsis_implem.a(maestro.c.obj)
                              freertos/vendors/gwt/gap9/libfreertos_gap9.a(gap_io.c.obj) (__pi_pmu_domains_on)
freertos/pmsis/implem/libpmsis_implem.a(maestro_irq.c.obj)
                              freertos/vendors/gwt/gap9/libfreertos_gap9.a(gap9_iet.S.obj) (__pi_pmu_scu_handler)
freertos/pmsis/implem/libpmsis_implem.a(alloc.c.obj)
                              freertos/pmsis/implem/libpmsis_implem.a(maestro.c.obj) (pos_alloc_power_ctrl)
freertos/pmsis/implem/libpmsis_implem.a(alloc_pool.c.obj)
                              CMakeFiles/Mobv3SSDLite.dir/BUILD_MODEL/Mobv3SSDLiteKernels.c.obj (pi_cl_l1_malloc)
freertos/pmsis/implem/libpmsis_implem.a(pi_malloc.c.obj)
                              freertos/vendors/gwt/gap9/libfreertos_gap9.a(system_gap9.c.obj) (pi_malloc_init)
freertos/pmsis/implem/libpmsis_implem.a(cluster-cc.S.obj)
                              freertos/vendors/gwt/gap9/libfreertos_gap9.a(startup_gap9.S.obj) (pi_cl_entry)
freertos/pmsis/implem/libpmsis_implem.a(cluster.c.obj)
                              freertos/pmsis/implem/libpmsis_implem.a(cluster-cc.S.obj) (pi_cluster)
freertos/pmsis/implem/libpmsis_implem.a(cluster-pe-team.S.obj)
                              freertos/pmsis/implem/libpmsis_implem.a(cluster-cc.S.obj) (pi_cl_pe_entry)
freertos/pmsis/implem/libpmsis_implem.a(cluster-pe-workgroup.S.obj)
                              freertos/pmsis/implem/libpmsis_implem.a(cluster.c.obj) (__pi_cl_workitem_exit)
freertos/pmsis/implem/libpmsis_implem.a(udma_core.c.obj)
                              freertos/vendors/gwt/gap9/libfreertos_gap9.a(system_gap9.c.obj) (__pi_udma_chan_fifo)
freertos/pmsis/bsp/libbsp.a(bsp.c.obj)
                              freertos/vendors/gwt/gap9/libfreertos_gap9.a(system_gap9.c.obj) (pi_bsp_init)
freertos/pmsis/bsp/libbsp.a(flash.c.obj)
                              CMakeFiles/Mobv3SSDLite.dir/BUILD_MODEL/Mobv3SSDLiteKernels.c.obj (pi_flash_open)
freertos/pmsis/bsp/libbsp.a(mx25u51245g.c.obj)
                              CMakeFiles/Mobv3SSDLite.dir/BUILD_MODEL/Mobv3SSDLiteKernels.c.obj (pi_mx25u51245g_conf_init)
freertos/pmsis/bsp/libbsp.a(ram.c.obj)
[...]
Memory Configuration

Name             Origin             Length             Attributes
L2_priv0         0x000000001c000004 0x000000000000fffc
L2_priv0_aliased 0x0000000000000004 0x000000000000fffc
L2_shared        0x000000001c010000 0x0000000000180000
L1               0x0000000010000004 0x000000000001fffc
L1_aliased       0x0000000000000004 0x000000000001fffc
*default*        0x0000000000000000 0xffffffffffffffff

Linker script and memory map

LOAD /usr/lib/gap_riscv_toolchain/bin/../lib/gcc/riscv32-unknown-elf/7.1.1/rv32imcxgap9/ilp32/libgcc.a
LOAD /usr/lib/gap_riscv_toolchain/bin/../lib/gcc/riscv32-unknown-elf/7.1.1/rv32imcxgap9/ilp32/libgcc.a
LOAD CMakeFiles/Mobv3SSDLite.dir/Mobv3SSDLite.c.obj
LOAD CMakeFiles/Mobv3SSDLite.dir/home/nano/Desktop/Luca/PhD/gap9_5_2/gap_riscv_toolchain_ubuntu/gap_sdk_private/tools/autotiler_v3/CNN_Libraries/SSD_BasicKernels.c.obj
LOAD CMakeFiles/Mobv3SSDLite.dir/home/nano/Desktop/Luca/PhD/gap9_5_2/gap_riscv_toolchain_ubuntu/gap_sdk_private/tools/autotiler_v3/Generators/BilinearResizes/ResizeBasicKernels.c.obj
LOAD CMakeFiles/Mobv3SSDLite.dir/home/nano/Desktop/Luca/PhD/gap9_5_2/gap_riscv_toolchain_ubuntu/gap_sdk_private/tools/autotiler_v3/CNN_Libraries/CNN_Copy.c.obj
LOAD CMakeFiles/Mobv3SSDLite.dir/home/nano/Desktop/Luca/PhD/gap9_5_2/gap_riscv_toolchain_ubuntu/gap_sdk_private/tools/autotiler_v3/CNN_Libraries_SQ8/CNN_AT_Misc.c.obj
LOAD CMakeFiles/Mobv3SSDLite.dir/home/nano/Desktop/Luca/PhD/gap9_5_2/gap_riscv_toolchain_ubuntu/gap_sdk_private/tools/autotiler_v3/DSP_Libraries/CmplxFunctions.c.obj
LOAD CMakeFiles/Mobv3SSDLite.dir/home/nano/Desktop/Luca/PhD/gap9_5_2/gap_riscv_toolchain_ubuntu/gap_sdk_private/tools/autotiler_v3/DSP_Libraries/MatMulDSP.c.obj
LOAD CMakeFiles/Mobv3SSDLite.dir/home/nano/Desktop/Luca/PhD/gap9_5_2/gap_riscv_toolchain_ubuntu/gap_sdk_private/tools/autotiler_v3/DSP_Libraries/FFT_Library.c.obj
LOAD CMakeFiles/Mobv3SSDLite.dir/home/nano/Desktop/Luca/PhD/gap9_5_2/gap_riscv_toolchain_ubuntu/gap_sdk_private/tools/autotiler_v3/DSP_Libraries/MfccBasicKernels.c.obj
LOAD CMakeFiles/Mobv3SSDLite.dir/home/nano/Desktop/Luca/PhD/gap9_5_2/gap_riscv_toolchain_ubuntu/gap_sdk_private/tools/autotiler_v3/DSP_Libraries/PreProcessing.c.obj
LOAD CMakeFiles/Mobv3SSDLite.dir/home/nano/Desktop/Luca/PhD/gap9_5_2/gap_riscv_toolchain_ubuntu/gap_sdk_private/tools/autotiler_v3/DSP_Libraries/math_funcs.c.obj
LOAD CMakeFiles/Mobv3SSDLite.dir/home/nano/Desktop/Luca/PhD/gap9_5_2/gap_riscv_toolchain_ubuntu/gap_sdk_private/tools/autotiler_v3/DSP_Libraries/pulp_dsp/plp_cos_f32s_xpulpv2.c.obj
LOAD CMakeFiles/Mobv3SSDLite.dir/home/nano/Desktop/Luca/PhD/gap9_5_2/gap_riscv_toolchain_ubuntu/gap_sdk_private/tools/autotiler_v3/DSP_Libraries/pulp_dsp/plp_sin_f32s_xpulpv2.c.obj
LOAD CMakeFiles/Mobv3SSDLite.dir/home/nano/Desktop/Luca/PhD/gap9_5_2/gap_riscv_toolchain_ubuntu/gap_sdk_private/tools/autotiler_v3/DSP_Libraries/pulp_dsp/plp_common_tables.c.obj
LOAD CMakeFiles/Mobv3SSDLite.dir/home/nano/Desktop/Luca/PhD/gap9_5_2/gap_riscv_toolchain_ubuntu/gap_sdk_private/tools/autotiler_v3/CNN_Libraries_SQ8/CNN_Activation_SQ8.c.obj
LOAD CMakeFiles/Mobv3SSDLite.dir/home/nano/Desktop/Luca/PhD/gap9_5_2/gap_riscv_toolchain_ubuntu/gap_sdk_private/tools/autotiler_v3/CNN_Libraries_SQ8/CNN_Bias_Linear_SQ8.c.obj
LOAD CMakeFiles/Mobv3SSDLite.dir/home/nano/Desktop/Luca/PhD/gap9_5_2/gap_riscv_toolchain_ubuntu/gap_sdk_private/tools/autotiler_v3/CNN_Libraries_SQ8/CNN_Conv_SQ8.c.obj
LOAD CMakeFiles/Mobv3SSDLite.dir/home/nano/Desktop/Luca/PhD/gap9_5_2/gap_riscv_toolchain_ubuntu/gap_sdk_private/tools/autotiler_v3/CNN_Libraries_SQ8/CNN_MatMul_Conv_SQ8.c.obj
LOAD CMakeFiles/Mobv3SSDLite.dir/home/nano/Desktop/Luca/PhD/gap9_5_2/gap_riscv_toolchain_ubuntu/gap_sdk_private/tools/autotiler_v3/CNN_Libraries_SQ8/CNN_Pooling_SQ8.c.obj
LOAD CMakeFiles/Mobv3SSDLite.dir/home/nano/Desktop/Luca/PhD/gap9_5_2/gap_riscv_toolchain_ubuntu/gap_sdk_private/tools/autotiler_v3/CNN_Libraries_SQ8/CNN_Conv_DW_SQ8.c.obj
LOAD CMakeFiles/Mobv3SSDLite.dir/home/nano/Desktop/Luca/PhD/gap9_5_2/gap_riscv_toolchain_ubuntu/gap_sdk_private/tools/autotiler_v3/CNN_Libraries_SQ8/CNN_Conv_DW_Red_SQ8.c.obj
LOAD CMakeFiles/Mobv3SSDLite.dir/home/nano/Desktop/Luca/PhD/gap9_5_2/gap_riscv_toolchain_ubuntu/gap_sdk_private/tools/autotiler_v3/CNN_Libraries_SQ8/CNN_MatAlgebra_SQ8.c.obj
LOAD CMakeFiles/Mobv3SSDLite.dir/home/nano/Desktop/Luca/PhD/gap9_5_2/gap_riscv_toolchain_ubuntu/gap_sdk_private/tools/autotiler_v3/CNN_Libraries_SQ8/CNN_SoftMax_SQ8.c.obj
LOAD CMakeFiles/Mobv3SSDLite.dir/home/nano/Desktop/Luca/PhD/gap9_5_2/gap_riscv_toolchain_ubuntu/gap_sdk_private/tools/autotiler_v3/CNN_Libraries_SQ8/RNN_SQ8.c.obj
LOAD CMakeFiles/Mobv3SSDLite.dir/home/nano/Desktop/Luca/PhD/gap9_5_2/gap_riscv_toolchain_ubuntu/gap_sdk_private/tools/autotiler_v3/CNN_Libraries_NE16/CNN_BasicKernels_NE16.c.obj
LOAD CMakeFiles/Mobv3SSDLite.dir/home/nano/Desktop/Luca/PhD/gap9_5_2/gap_riscv_toolchain_ubuntu/gap_sdk_private/tools/autotiler_v3/CNN_Libraries_NE16/RNN_BasicKernels_NE16.c.obj
LOAD CMakeFiles/Mobv3SSDLite.dir/BUILD_MODEL/Mobv3SSDLiteKernels.c.obj
LOAD CMakeFiles/Mobv3SSDLite.dir/Expression_Kernels.c.obj
LOAD freertos/libfreertos.a
LOAD freertos/libdt.a
LOAD freertos/freertos_kernel/portable/GCC/RI5CY-GAP9/libri5cy-gap9.a
LOAD freertos/vendors/gwt/gap9/libfreertos_gap9.a
LOAD freertos/vendors/gwt/gap9/pmsis/libpmsis_implem_gap9.a
LOAD freertos/vendors/gwt/libs/libfreertos_libs.a
LOAD freertos/pmsis/implem/libpmsis_implem.a
LOAD freertos/pmsis/bsp/libbsp.a
LOAD freertos/vendors/gwt/libs/printf/libfreertos_printf.a
LOAD freertos/vendors/gwt/pmsis/rtos/libpmsis_rtos.a
LOAD freertos/vendors/gwt/pmsis/backend/libfreertos_pmsis_backend.a
LOAD freertos/libfreertos.a
LOAD freertos/libdt.a
LOAD freertos/freertos_kernel/portable/GCC/RI5CY-GAP9/libri5cy-gap9.a
LOAD freertos/vendors/gwt/gap9/libfreertos_gap9.a
LOAD freertos/vendors/gwt/gap9/pmsis/libpmsis_implem_gap9.a
LOAD freertos/vendors/gwt/libs/libfreertos_libs.a
LOAD freertos/pmsis/implem/libpmsis_implem.a
LOAD freertos/pmsis/bsp/libbsp.a
LOAD freertos/vendors/gwt/libs/printf/libfreertos_printf.a
LOAD freertos/vendors/gwt/pmsis/rtos/libpmsis_rtos.a
LOAD freertos/vendors/gwt/pmsis/backend/libfreertos_pmsis_backend.a
LOAD /usr/lib/gap_riscv_toolchain/bin/../lib/gcc/riscv32-unknown-elf/7.1.1/rv32imcxgap9/ilp32/libgcc.a
                0x0000000000001000                __STACK_FC_SIZE = 0x1000
                0x0000000000000800                __STACK_IRQ_SIZE = 0x800

.data_tiny_fc   0x0000000000000004      0x50c load address 0x000000001c000004
                0x0000000000000010                . = ALIGN (0x10)
 *fill*         0x0000000000000004        0xc 
 *(.data_tiny_fc)
 .data_tiny_fc  0x0000000000000010      0x498 freertos/vendors/gwt/gap9/pmsis/libpmsis_implem_gap9.a(fc_event.c.obj)
                0x0000000000000010                fc_event_handlers
                0x000000000000025c                fc_event_handler_args
 .data_tiny_fc  0x00000000000004a8       0x24 freertos/pmsis/implem/libpmsis_implem.a(fll.c.obj)
 .data_tiny_fc  0x00000000000004cc       0x2c freertos/pmsis/implem/libpmsis_implem.a(maestro.c.obj)
                0x00000000000004cc                __pi_pmu_pending_sequence
                0x00000000000004d0                __pi_pmu_scu_event
                0x00000000000004d4                __pi_pmu_pending_requests
                0x00000000000004dc                pi_pmu_soc_voltage
                0x00000000000004e0                __pi_pmu_sleep_slow_clk_only
                0x00000000000004e8                __pi_pmu_sleep_ctrl
                0x00000000000004ec                __pi_pmu_sleep_spis_ctrl
                0x00000000000004f0                __pi_pmu_sleep_ctrl_info
                0x00000000000004f4                __pi_pmu_prev_state
 .data_tiny_fc  0x00000000000004f8       0x10 freertos/pmsis/implem/libpmsis_implem.a(udma_core.c.obj)
                0x00000000000004f8                __pi_udma_chan_fifo
                0x00000000000004fc                __pi_udma_chan_2d
                0x0000000000000500                __pi_udma_chan_lin
 *(.data_tiny_fc.*)
 *(.fcTcdmTiny)
 *(.fcTcdmTiny.*)
                0x0000000000000510                . = ALIGN (0x10)
 *fill*         0x0000000000000508        0x8 

.boot           0x000000001c000510        0x0
                0x000000001c000510                . = ALIGN (0x10)
 *(.boot)
 *(.boot.*)
                0x000000001c000510                . = ALIGN (0x10)

.ctors          0x000000001c000510        0xc
                0x000000001c000510                . = ALIGN (0x10)
                0x000000001c000510                __CTOR_LIST__ = .
                0x000000001c000510        0x4 LONG 0x1 (((__CTOR_END__ - __CTOR_LIST__) / 0x4) - 0x2)
 *(SORT(.init_array.*))
 .init_array.00101
                0x000000001c000514        0x4 freertos/vendors/gwt/gap9/pmsis/libpmsis_implem_gap9.a(timer.c.obj)
 *(.init_array)
                0x000000001c000518        0x4 LONG 0x0
                0x000000001c00051c                __CTOR_END__ = .

.dtors          0x000000001c00051c        0xc
                0x000000001c000520                . = ALIGN (0x10)
 *fill*         0x000000001c00051c        0x4 
                0x000000001c000520                __DTOR_LIST__ = .
                0x000000001c000520        0x4 LONG 0x0 (((__DTOR_END__ - __DTOR_LIST__) / 0x4) - 0x2)
 *(SORT(.fini_array.*))
 *(.fini_array)
                0x000000001c000524        0x4 LONG 0x0
                0x000000001c000528                __DTOR_END__ = .

.data_fc        0x000000001c000528      0x278
                0x000000001c000528                . = ALIGN (0x4)
                0x000000001c000528                __printf_lock_ptr_l2 = .
                0x000000001c00052c                . = (__printf_lock_ptr_l2 + 0x4)
 *fill*         0x000000001c000528        0x4 
                0x000000001c000530                . = ALIGN (0x10)
 *fill*         0x000000001c00052c        0x4 
                0x000000001c000530                sdata = .
                0x000000001c000530                _sdata = .
 *(.sdata)
 *(.sdata.*)
 .sdata.GPIOs   0x000000001c000530        0x4 CMakeFiles/Mobv3SSDLite.dir/Mobv3SSDLite.c.obj
                0x000000001c000530                GPIOs
 .sdata.SystemCoreClock
                0x000000001c000534        0x4 freertos/vendors/gwt/gap9/libfreertos_gap9.a(system_gap9.c.obj)
                0x000000001c000534                SystemCoreClock
 .sdata.uxTopUsedPriority
                0x000000001c000538        0x4 freertos/libfreertos.a(tasks.c.obj)
                0x000000001c000538                uxTopUsedPriority
 *(.data_fc)
 .data_fc       0x000000001c00053c        0x4 freertos/vendors/gwt/pmsis/rtos/libpmsis_rtos.a(event_kernel.c.obj)
                0x000000001c00053c                default_sched
 .data_fc       0x000000001c000540      0x260 freertos/libfreertos.a(FreeRTOS_util.c.obj)
 *(.data_fc.*)
 *(.fcTcdm)
 *(.fcTcdm.*)
 *(.fcTcdm_g)
 *(.fcTcdm_g.*)
 *(.heapfcram)
 *(.heapfcram.*)
                0x000000001c0007a0                . = ALIGN (0x10)
                0x000000001c0007a0                edata = .
                0x000000001c0007a0                _edata = .

.stack_irq      0x000000001c0007a0      0x800
                0x000000001c0007a0                . = ALIGN (0x10)
                0x000000001c0007a0                __fc_bss_start__ = .
                0x000000001c0007a0                __fc_bss_end__ = .
                0x000000001c0007a0                __stack_irq_end__ = .
                0x000000001c000fa0                . = (. + __STACK_IRQ_SIZE)
 *fill*         0x000000001c0007a0      0x800 
                0x000000001c000fa0                __stack_irq_start__ = .
                0x000000001c000fa0                . = ALIGN (0x10)
                0x000000001c000fa0                __heapfcram_start = .
                0x000000000000f060                __heapfcram_size = ((ORIGIN (L2_priv0) + LENGTH (L2_priv0)) - __heapfcram_start)

.vectors_irq    0x000000001c010000       0x94
                0x000000001c010000                . = ALIGN (0x100)
                0x000000001c010000                __irq_vector_base_m__ = .
 *(.vectors_irq)
 .vectors_irq   0x000000001c010000       0x94 freertos/vendors/gwt/gap9/libfreertos_gap9.a(startup_gap9.S.obj)
                0x000000001c010090                __rt_debug_struct_ptr

.cluster_vectors_irq
                0x000000001c010094       0x6c
                0x000000001c010100                . = ALIGN (0x100)
 *fill*         0x000000001c010094       0x6c 
                0x000000001c010100                __irq_cluster_vector_base_m__ = .
 *(.cluster_vectors_irq)

.text_l2        0x000000001c010100     0x1022
                0x000000001c010100                . = ALIGN (0x10)
 *(.text.text_l2.reset)
 .text.text_l2.reset
                0x000000001c010100      0x1e0 freertos/vendors/gwt/gap9/libfreertos_gap9.a(startup_gap9.S.obj)
                0x000000001c010100                _start
                0x000000001c0101b6                _start_from_sleep_with_retention
                0x000000001c010270                __main
                0x000000001c010296                __printf_uart_close
                0x000000001c0102ac                _save_context
 *(.text.text_l2.reset.*)
 *(.text.text_l2)
 .text.text_l2  0x000000001c0102e0      0x26c freertos/vendors/gwt/gap9/libfreertos_gap9.a(gap9_iet.S.obj)
                0x000000001c0102e0                mcause_check
                0x000000001c0103ec                pi_irq_handler_wrapper
                0x000000001c010424                pendSV_handler
                0x000000001c01048c                systick_handler
                0x000000001c0104c0                fc_event_handler
                0x000000001c0104e8                pmu_event_handler
                0x000000001c010510                ecall_handler
                0x000000001c01053a                default_handler
                0x000000001c01053e                ill_ins_handler
 .text.text_l2  0x000000001c01054c       0x50 freertos/vendors/gwt/gap9/pmsis/libpmsis_implem_gap9.a(timer_asm.S.obj)
                0x000000001c01054c                __pi_timer_fc_0_1_irq_handler
                0x000000001c010574                __pi_timer_fc_1_1_irq_handler
 .text.text_l2  0x000000001c01059c      0x124 freertos/vendors/gwt/gap9/pmsis/libpmsis_implem_gap9.a(asm_util.S.obj)
                0x000000001c01059c                ASM_FUNC_SAVE_MINIMAL_CONTEXT
                0x000000001c0105e0                ASM_FUNC_RESTORE_MINIMAL_CONTEXT
                0x000000001c010624                ASM_FUNC_SAVE_SAVE_CONTEXT
                0x000000001c01063e                ASM_FUNC_RESTORE_SAVE_CONTEXT
                0x000000001c010658                ASM_FUNC_SAVE_CSR_CONTEXT
                0x000000001c010666                ASM_FUNC_RESTORE_CSR_CONTEXT
                0x000000001c010674                ASM_FUNC_SAVE_ADDITIONAL_CONTEXT
                0x000000001c01069a                ASM_FUNC_RESTORE_ADDITIONAL_CONTEXT
 .text.text_l2  0x000000001c0106c0       0x2c freertos/vendors/gwt/gap9/pmsis/libpmsis_implem_gap9.a(gpio_asm.S.obj)
                0x000000001c0106c0                __pi_gpio_irq_handler
 .text.text_l2  0x000000001c0106ec       0x3a freertos/vendors/gwt/gap9/pmsis/libpmsis_implem_gap9.a(octospi_asm.S.obj)
                0x000000001c0106ec                __pi_octospi_0_irq_handler
                0x000000001c0106fc                __pi_octospi_1_irq_handler
 *(.text.text_l2.*)
 .text_l2       0x000000001c010726      0x63e freertos/pmsis/implem/libpmsis_implem.a(fll.c.obj)
                0x000000001c010726                __pi_fll_init
                0x000000001c0107e8                __pi_fll_init_all
                0x000000001c01092e                __pi_fll_deinit
                0x000000001c010956                pi_freq_get
                0x000000001c010964                pi_freq_set
                0x000000001c010a08                pi_freq_div_by
                0x000000001c010a4e                pi_freq_mult_by
                0x000000001c010a94                pi_fll_ioctl
 .text_l2       0x000000001c010d64       0xd8 freertos/pmsis/implem/libpmsis_implem.a(maestro_irq.c.obj)
                0x000000001c010d64                __pi_pmu_scu_handler
 .text_l2       0x000000001c010e3c      0x2e6 freertos/pmsis/bsp/libbsp.a(mx25u51245g.c.obj)

.text           0x000000001c011122    0x5667e
                0x000000001c011130                . = ALIGN (0x10)
 *fill*         0x000000001c011122        0xe 
                0x000000001c011130                _stext = .
 *(.text.reset)
 *(.text)
 .text          0x000000001c011130       0x20 freertos/vendors/gwt/gap9/pmsis/libpmsis_implem_gap9.a(fc_event.c.obj)
                0x000000001c011130                fc_soc_event_handler
 .text          0x000000001c011150       0x9a freertos/freertos_kernel/portable/GCC/RI5CY-GAP9/libri5cy-gap9.a(port_asm.S.obj)
                0x000000001c011150                xPortStartScheduler
 .text          0x000000001c0111ea      0x372 /usr/lib/gap_riscv_toolchain/bin/../lib/gcc/riscv32-unknown-elf/7.1.1/rv32imcxgap9/ilp32/libgcc.a(_divdi3.o)
                0x000000001c0111ea                __divdi3
 .text          0x000000001c01155c      0x84a /usr/lib/gap_riscv_toolchain/bin/../lib/gcc/riscv32-unknown-elf/7.1.1/rv32imcxgap9/ilp32/libgcc.a(adddf3.o)
                0x000000001c01155c                __adddf3
 .text          0x000000001c011da6      0x604 /usr/lib/gap_riscv_toolchain/bin/../lib/gcc/riscv32-unknown-elf/7.1.1/rv32imcxgap9/ilp32/libgcc.a(divdf3.o)
                0x000000001c011da6                __divdf3
 .text          0x000000001c0123aa       0x90 /usr/lib/gap_riscv_toolchain/bin/../lib/gcc/riscv32-unknown-elf/7.1.1/rv32imcxgap9/ilp32/libgcc.a(eqdf2.o)
                0x000000001c0123aa                __eqdf2
                0x000000001c0123aa                __nedf2
 .text          0x000000001c01243a       0xa8 /usr/lib/gap_riscv_toolchain/bin/../lib/gcc/riscv32-unknown-elf/7.1.1/rv32imcxgap9/ilp32/libgcc.a(gedf2.o)
                0x000000001c01243a                __gtdf2
                0x000000001c01243a                __gedf2
 .text          0x000000001c0124e2       0xa8 /usr/lib/gap_riscv_toolchain/bin/../lib/gcc/riscv32-unknown-elf/7.1.1/rv32imcxgap9/ilp32/libgcc.a(ledf2.o)
                0x000000001c0124e2                __ltdf2
                0x000000001c0124e2                __ledf2
 .text          0x000000001c01258a      0x566 /usr/lib/gap_riscv_toolchain/bin/../lib/gcc/riscv32-unknown-elf/7.1.1/rv32imcxgap9/ilp32/libgcc.a(muldf3.o)
                0x000000001c01258a                __muldf3
 .text          0x000000001c012af0      0x874 /usr/lib/gap_riscv_toolchain/bin/../lib/gcc/riscv32-unknown-elf/7.1.1/rv32imcxgap9/ilp32/libgcc.a(subdf3.o)
                0x000000001c012af0                __subdf3
 .text          0x000000001c013364       0xb8 /usr/lib/gap_riscv_toolchain/bin/../lib/gcc/riscv32-unknown-elf/7.1.1/rv32imcxgap9/ilp32/libgcc.a(fixdfsi.o)
                0x000000001c013364                __fixdfsi
 .text          0x000000001c01341c       0x8e /usr/lib/gap_riscv_toolchain/bin/../lib/gcc/riscv32-unknown-elf/7.1.1/rv32imcxgap9/ilp32/libgcc.a(fixunsdfsi.o)
                0x000000001c01341c                __fixunsdfsi
 .text          0x000000001c0134aa       0x58 /usr/lib/gap_riscv_toolchain/bin/../lib/gcc/riscv32-unknown-elf/7.1.1/rv32imcxgap9/ilp32/libgcc.a(floatsidf.o)
                0x000000001c0134aa                __floatsidf
 .text          0x000000001c013502       0x4c /usr/lib/gap_riscv_toolchain/bin/../lib/gcc/riscv32-unknown-elf/7.1.1/rv32imcxgap9/ilp32/libgcc.a(floatunsidf.o)
                0x000000001c013502                __floatunsidf
 .text          0x000000001c01354e       0xa4 /usr/lib/gap_riscv_toolchain/bin/../lib/gcc/riscv32-unknown-elf/7.1.1/rv32imcxgap9/ilp32/libgcc.a(extendsfdf2.o)
                0x000000001c01354e                __extendsfdf2
 *(.text.*)
 .text.cluster  0x000000001c0135f2        0x4 CMakeFiles/Mobv3SSDLite.dir/Mobv3SSDLite.c.obj
 .text.write_outputs
                0x000000001c0135f6       0xfe CMakeFiles/Mobv3SSDLite.dir/Mobv3SSDLite.c.obj
                0x000000001c0135f6                write_outputs
 .text.test_Mobv3SSDLite
                0x000000001c0136f4      0x2a4 CMakeFiles/Mobv3SSDLite.dir/Mobv3SSDLite.c.obj
                0x000000001c0136f4                test_Mobv3SSDLite
 .text.startup.main
                0x000000001c013998       0x12 CMakeFiles/Mobv3SSDLite.dir/Mobv3SSDLite.c.obj
                0x000000001c013998                main
 .text.CNN_Transpose_Body_fps
                0x000000001c0139aa      0x292 CMakeFiles/Mobv3SSDLite.dir/home/nano/Desktop/Luca/PhD/gap9_5_2/gap_riscv_toolchain_ubuntu/gap_sdk_private/tools/autotiler_v3/CNN_Libraries/CNN_Copy.c.obj
 .text.CNN_Split_Width
                0x000000001c013c3c      0x37c CMakeFiles/Mobv3SSDLite.dir/home/nano/Desktop/Luca/PhD/gap9_5_2/gap_riscv_toolchain_ubuntu/gap_sdk_private/tools/autotiler_v3/CNN_Libraries/CNN_Copy.c.obj
                0x000000001c013c3c                CNN_Split_Width
 .text.CNN_ParTranspose_fps
                0x000000001c013fb8       0x94 CMakeFiles/Mobv3SSDLite.dir/home/nano/Desktop/Luca/PhD/gap9_5_2/gap_riscv_toolchain_ubuntu/gap_sdk_private/tools/autotiler_v3/CNN_Libraries/CNN_Copy.c.obj
                0x000000001c013fb8                CNN_ParTranspose_fps
 .text.CNN_MatPermHWC2CHW_fps
                0x000000001c01404c      0x110 CMakeFiles/Mobv3SSDLite.dir/home/nano/Desktop/Luca/PhD/gap9_5_2/gap_riscv_toolchain_ubuntu/gap_sdk_private/tools/autotiler_v3/CNN_Libraries/CNN_Copy.c.obj
                0x000000001c01404c                CNN_MatPermHWC2CHW_fps
 .text.CNN_UFpsFpsScaled
                0x000000001c01415c      0x12c CMakeFiles/Mobv3SSDLite.dir/home/nano/Desktop/Luca/PhD/gap9_5_2/gap_riscv_toolchain_ubuntu/gap_sdk_private/tools/autotiler_v3/CNN_Libraries/CNN_Copy.c.obj
                0x000000001c01415c                CNN_UFpsFpsScaled
 .text.CNN_FpsUFpsScaled
                0x000000001c014288      0x12c CMakeFiles/Mobv3SSDLite.dir/home/nano/Desktop/Luca/PhD/gap9_5_2/gap_riscv_toolchain_ubuntu/gap_sdk_private/tools/autotiler_v3/CNN_Libraries/CNN_Copy.c.obj
                0x000000001c014288                CNN_FpsUFpsScaled
 .text.CNN_FpsUFps
                0x000000001c0143b4      0x1a4 CMakeFiles/Mobv3SSDLite.dir/home/nano/Desktop/Luca/PhD/gap9_5_2/gap_riscv_toolchain_ubuntu/gap_sdk_private/tools/autotiler_v3/CNN_Libraries/CNN_Copy.c.obj
                0x000000001c0143b4                CNN_FpsUFps
 .text.exp_17_15
                0x000000001c014558      0x102 CMakeFiles/Mobv3SSDLite.dir/home/nano/Desktop/Luca/PhD/gap9_5_2/gap_riscv_toolchain_ubuntu/gap_sdk_private/tools/autotiler_v3/DSP_Libraries/math_funcs.c.obj
                0x000000001c014558                exp_17_15
 .text.KerParReduct_CC_CHW2HWC_SQ8
                0x000000001c01465a       0xa6 CMakeFiles/Mobv3SSDLite.dir/home/nano/Desktop/Luca/PhD/gap9_5_2/gap_riscv_toolchain_ubuntu/gap_sdk_private/tools/autotiler_v3/CNN_Libraries_SQ8/CNN_Activation_SQ8.c.obj
                0x000000001c01465a                KerParReduct_CC_CHW2HWC_SQ8
 .text.KerParReduct_CC_CHW2HWC_ReLU_SQ8
                0x000000001c014700       0xba CMakeFiles/Mobv3SSDLite.dir/home/nano/Desktop/Luca/PhD/gap9_5_2/gap_riscv_toolchain_ubuntu/gap_sdk_private/tools/autotiler_v3/CNN_Libraries_SQ8/CNN_Activation_SQ8.c.obj
                0x000000001c014700                KerParReduct_CC_CHW2HWC_ReLU_SQ8
 .text.KerReduct_CC_NoScale_SQ8
                0x000000001c0147ba       0x6c CMakeFiles/Mobv3SSDLite.dir/home/nano/Desktop/Luca/PhD/gap9_5_2/gap_riscv_toolchain_ubuntu/gap_sdk_private/tools/autotiler_v3/CNN_Libraries_SQ8/CNN_Activation_SQ8.c.obj
                0x000000001c0147ba                KerReduct_CC_NoScale_SQ8
 .text.KerReduct_CC_NoScale_HSigmoid_SQ8
                0x000000001c014826       0x98 CMakeFiles/Mobv3SSDLite.dir/home/nano/Desktop/Luca/PhD/gap9_5_2/gap_riscv_toolchain_ubuntu/gap_sdk_private/tools/autotiler_v3/CNN_Libraries_SQ8/CNN_Activation_SQ8.c.obj
                0x000000001c014826                KerReduct_CC_NoScale_HSigmoid_SQ8
 .text.KerReduct_CC_NoScale_USQ8
                0x000000001c0148be       0x6c CMakeFiles/Mobv3SSDLite.dir/home/nano/Desktop/Luca/PhD/gap9_5_2/gap_riscv_toolchain_ubuntu/gap_sdk_private/tools/autotiler_v3/CNN_Libraries_SQ8/CNN_Activation_SQ8.c.obj
                0x000000001c0148be                KerReduct_CC_NoScale_USQ8
 .text.KerParGlobalAvgPoolFullFeat_SQ8
                0x000000001c01492a      0x1a8 CMakeFiles/Mobv3SSDLite.dir/home/nano/Desktop/Luca/PhD/gap9_5_2/gap_riscv_toolchain_ubuntu/gap_sdk_private/tools/autotiler_v3/CNN_Libraries_SQ8/CNN_Pooling_SQ8.c.obj
                0x000000001c01492a                KerParGlobalAvgPoolFullFeat_SQ8
 .text.KerConv4x5from5x5Stride1_V_SQ8
                0x000000001c014ad2      0x1de CMakeFiles/Mobv3SSDLite.dir/home/nano/Desktop/Luca/PhD/gap9_5_2/gap_riscv_toolchain_ubuntu/gap_sdk_private/tools/autotiler_v3/CNN_Libraries_SQ8/CNN_Conv_DW_SQ8.c.obj
 .text.KerConv4x5from5x5Stride2_V_SQ8.isra.28
                0x000000001c014cb0      0x184 CMakeFiles/Mobv3SSDLite.dir/home/nano/Desktop/Luca/PhD/gap9_5_2/gap_riscv_toolchain_ubuntu/gap_sdk_private/tools/autotiler_v3/CNN_Libraries_SQ8/CNN_Conv_DW_SQ8.c.obj
 .text.KerConv5x5Stride1_Body_SQ8.isra.35
                0x000000001c014e34      0x1b0 CMakeFiles/Mobv3SSDLite.dir/home/nano/Desktop/Luca/PhD/gap9_5_2/gap_riscv_toolchain_ubuntu/gap_sdk_private/tools/autotiler_v3/CNN_Libraries_SQ8/CNN_Conv_DW_SQ8.c.obj
 .text.KerConv5x4from5x5Stride1_H_SQ8.isra.36
                0x000000001c014fe4      0x1a2 CMakeFiles/Mobv3SSDLite.dir/home/nano/Desktop/Luca/PhD/gap9_5_2/gap_riscv_toolchain_ubuntu/gap_sdk_private/tools/autotiler_v3/CNN_Libraries_SQ8/CNN_Conv_DW_SQ8.c.obj
 .text.KerConv5x5BorderStride1_SQ8.isra.37
                0x000000001c015186      0x2ce CMakeFiles/Mobv3SSDLite.dir/home/nano/Desktop/Luca/PhD/gap9_5_2/gap_riscv_toolchain_ubuntu/gap_sdk_private/tools/autotiler_v3/CNN_Libraries_SQ8/CNN_Conv_DW_SQ8.c.obj
 .text.KerConv5x5Stride2_Body_SQ8.isra.38
                0x000000001c015454      0x1be CMakeFiles/Mobv3SSDLite.dir/home/nano/Desktop/Luca/PhD/gap9_5_2/gap_riscv_toolchain_ubuntu/gap_sdk_private/tools/autotiler_v3/CNN_Libraries_SQ8/CNN_Conv_DW_SQ8.c.obj
 .text.KerConv5x4from5x5Stride2_H_SQ8.isra.39
                0x000000001c015612      0x166 CMakeFiles/Mobv3SSDLite.dir/home/nano/Desktop/Luca/PhD/gap9_5_2/gap_riscv_toolchain_ubuntu/gap_sdk_private/tools/autotiler_v3/CNN_Libraries_SQ8/CNN_Conv_DW_SQ8.c.obj
 .text.KerConv5x5BorderStride2_SQ8.isra.40
                0x000000001c015778      0x14c CMakeFiles/Mobv3SSDLite.dir/home/nano/Desktop/Luca/PhD/gap9_5_2/gap_riscv_toolchain_ubuntu/gap_sdk_private/tools/autotiler_v3/CNN_Libraries_SQ8/CNN_Conv_DW_SQ8.c.obj
 .text.KerParConvDW5x5Stride1B32_SQ8
                0x000000001c0158c4      0x1b6 CMakeFiles/Mobv3SSDLite.dir/home/nano/Desktop/Luca/PhD/gap9_5_2/gap_riscv_toolchain_ubuntu/gap_sdk_private/tools/autotiler_v3/CNN_Libraries_SQ8/CNN_Conv_DW_SQ8.c.obj
                0x000000001c0158c4                KerParConvDW5x5Stride1B32_SQ8
 .text.KerParConvDW5x5Stride2B32_SQ8
                0x000000001c015a7a      0x1e2 CMakeFiles/Mobv3SSDLite.dir/home/nano/Desktop/Luca/PhD/gap9_5_2/gap_riscv_toolchain_ubuntu/gap_sdk_private/tools/autotiler_v3/CNN_Libraries_SQ8/CNN_Conv_DW_SQ8.c.obj
                0x000000001c015a7a                KerParConvDW5x5Stride2B32_SQ8
 .text.KerMatAdd_USQ8
                0x000000001c015c5c      0x11a CMakeFiles/Mobv3SSDLite.dir/home/nano/Desktop/Luca/PhD/gap9_5_2/gap_riscv_toolchain_ubuntu/gap_sdk_private/tools/autotiler_v3/CNN_Libraries_SQ8/CNN_MatAlgebra_SQ8.c.obj
                0x000000001c015c5c                KerMatAdd_USQ8
 .text.KerParSoftMax_SQ8
                0x000000001c015d76      0x2e2 CMakeFiles/Mobv3SSDLite.dir/home/nano/Desktop/Luca/PhD/gap9_5_2/gap_riscv_toolchain_ubuntu/gap_sdk_private/tools/autotiler_v3/CNN_Libraries_SQ8/CNN_SoftMax_SQ8.c.obj
                0x000000001c015d76                KerParSoftMax_SQ8
 .text.KerConvDW3x3Stride1_NE16
                0x000000001c016058      0x25e CMakeFiles/Mobv3SSDLite.dir/home/nano/Desktop/Luca/PhD/gap9_5_2/gap_riscv_toolchain_ubuntu/gap_sdk_private/tools/autotiler_v3/CNN_Libraries_NE16/CNN_BasicKernels_NE16.c.obj
                0x000000001c016058                KerConvDW3x3Stride1_NE16
 .text.KerConv3x3Stride2_NE16
                0x000000001c0162b6      0x8c8 CMakeFiles/Mobv3SSDLite.dir/home/nano/Desktop/Luca/PhD/gap9_5_2/gap_riscv_toolchain_ubuntu/gap_sdk_private/tools/autotiler_v3/CNN_Libraries_NE16/CNN_BasicKernels_NE16.c.obj
                0x000000001c0162b6                KerConv3x3Stride2_NE16
 .text.KerConvDW3x3Stride2_NE16
                0x000000001c016b7e      0x83c CMakeFiles/Mobv3SSDLite.dir/home/nano/Desktop/Luca/PhD/gap9_5_2/gap_riscv_toolchain_ubuntu/gap_sdk_private/tools/autotiler_v3/CNN_Libraries_NE16/CNN_BasicKernels_NE16.c.obj
                0x000000001c016b7e                KerConvDW3x3Stride2_NE16
 .text.KerConv1D_StrideS_New_NE16
                0x000000001c0173ba      0x308 CMakeFiles/Mobv3SSDLite.dir/home/nano/Desktop/Luca/PhD/gap9_5_2/gap_riscv_toolchain_ubuntu/gap_sdk_private/tools/autotiler_v3/CNN_Libraries_NE16/CNN_BasicKernels_NE16.c.obj
                0x000000001c0173ba                KerConv1D_StrideS_New_NE16
 .text.KerConv1x1Stride1_NE16
                0x000000001c0176c2      0x272 CMakeFiles/Mobv3SSDLite.dir/home/nano/Desktop/Luca/PhD/gap9_5_2/gap_riscv_toolchain_ubuntu/gap_sdk_private/tools/autotiler_v3/CNN_Libraries_NE16/CNN_BasicKernels_NE16.c.obj
                0x000000001c0176c2                KerConv1x1Stride1_NE16
 .text.KerLinear_8a_NE16
                0x000000001c017934      0x262 CMakeFiles/Mobv3SSDLite.dir/home/nano/Desktop/Luca/PhD/gap9_5_2/gap_riscv_toolchain_ubuntu/gap_sdk_private/tools/autotiler_v3/CNN_Libraries_NE16/CNN_BasicKernels_NE16.c.obj
                0x000000001c017934                KerLinear_8a_NE16
 .text.S3_Conv2d_16x3x3x3_Custom
                0x000000001c017b96      0x87a CMakeFiles/Mobv3SSDLite.dir/BUILD_MODEL/Mobv3SSDLiteKernels.c.obj
                0x000000001c017b96                S3_Conv2d_16x3x3x3_Custom
 .text.S6_Conv2d_16x1x3x3_Relu
                0x000000001c018410      0x77e CMakeFiles/Mobv3SSDLite.dir/BUILD_MODEL/Mobv3SSDLiteKernels.c.obj
                0x000000001c018410                S6_Conv2d_16x1x3x3_Relu
 .text.S9_Conv2d_16x16x1x1
                0x000000001c018b8e      0x616 CMakeFiles/Mobv3SSDLite.dir/BUILD_MODEL/Mobv3SSDLiteKernels.c.obj
                0x000000001c018b8e                S9_Conv2d_16x16x1x1
 .text.S10_MatAdd_128x160x16
                0x000000001c0191a4      0x522 CMakeFiles/Mobv3SSDLite.dir/BUILD_MODEL/Mobv3SSDLiteKernels.c.obj
                0x000000001c0191a4                S10_MatAdd_128x160x16
 .text.S13_Conv2d_64x16x1x1_Relu
                0x000000001c0196c6      0x756 CMakeFiles/Mobv3SSDLite.dir/BUILD_MODEL/Mobv3SSDLiteKernels.c.obj
                0x000000001c0196c6                S13_Conv2d_64x16x1x1_Relu
 .text.S16_Conv2d_64x1x3x3_Relu
                0x000000001c019e1c      0x75a CMakeFiles/Mobv3SSDLite.dir/BUILD_MODEL/Mobv3SSDLiteKernels.c.obj
                0x000000001c019e1c                S16_Conv2d_64x1x3x3_Relu
 .text.S19_Conv2d_24x64x1x1
                0x000000001c01a576      0x632 CMakeFiles/Mobv3SSDLite.dir/BUILD_MODEL/Mobv3SSDLiteKernels.c.obj
                0x000000001c01a576                S19_Conv2d_24x64x1x1
 .text.S22_Conv2d_72x24x1x1_Relu
                0x000000001c01aba8      0x774 CMakeFiles/Mobv3SSDLite.dir/BUILD_MODEL/Mobv3SSDLiteKernels.c.obj
                0x000000001c01aba8                S22_Conv2d_72x24x1x1_Relu
 .text.S25_Conv2d_72x1x3x3_Relu
                0x000000001c01b31c      0x68c CMakeFiles/Mobv3SSDLite.dir/BUILD_MODEL/Mobv3SSDLiteKernels.c.obj
                0x000000001c01b31c                S25_Conv2d_72x1x3x3_Relu
 .text.S28_Conv2d_24x72x1x1
                0x000000001c01b9a8      0x638 CMakeFiles/Mobv3SSDLite.dir/BUILD_MODEL/Mobv3SSDLiteKernels.c.obj
                0x000000001c01b9a8                S28_Conv2d_24x72x1x1
 .text.S29_MatAdd_64x80x24
                0x000000001c01bfe0      0x3d4 CMakeFiles/Mobv3SSDLite.dir/BUILD_MODEL/Mobv3SSDLiteKernels.c.obj
                0x000000001c01bfe0                S29_MatAdd_64x80x24
 .text.S32_Conv2d_72x24x1x1_Relu
                0x000000001c01c3b4      0x774 CMakeFiles/Mobv3SSDLite.dir/BUILD_MODEL/Mobv3SSDLiteKernels.c.obj
                0x000000001c01c3b4                S32_Conv2d_72x24x1x1_Relu
 .text.S33_Op__backbone_features_0_features_0_4_block_block_1_block_1_0_Conv_fusion_qin0
                0x000000001c01cb28      0x31a CMakeFiles/Mobv3SSDLite.dir/BUILD_MODEL/Mobv3SSDLiteKernels.c.obj
                0x000000001c01cb28                S33_Op__backbone_features_0_features_0_4_block_block_1_block_1_0_Conv_fusion_qin0
 .text.S36_Conv2d_72x5x5x1_Relu
                0x000000001c01ce42      0x710 CMakeFiles/Mobv3SSDLite.dir/BUILD_MODEL/Mobv3SSDLiteKernels.c.obj
                0x000000001c01ce42                S36_Conv2d_72x5x5x1_Relu
 .text.S37_Op__backbone_features_0_features_0_4_block_block_2_avgpool_GlobalAveragePool_trans
                0x000000001c01d552      0x2be CMakeFiles/Mobv3SSDLite.dir/BUILD_MODEL/Mobv3SSDLiteKernels.c.obj
                0x000000001c01d552                S37_Op__backbone_features_0_features_0_4_block_block_2_avgpool_GlobalAveragePool_trans
 .text.S38_Op__backbone_features_0_features_0_4_block_block_2_avgpool_GlobalAveragePool
                0x000000001c01d810      0x212 CMakeFiles/Mobv3SSDLite.dir/BUILD_MODEL/Mobv3SSDLiteKernels.c.obj
                0x000000001c01d810                S38_Op__backbone_features_0_features_0_4_block_block_2_avgpool_GlobalAveragePool
 .text.S40_Op__backbone_features_0_features_0_4_block_block_2_fc1_Conv_fusion_qin0
                0x000000001c01da22      0x1f4 CMakeFiles/Mobv3SSDLite.dir/BUILD_MODEL/Mobv3SSDLiteKernels.c.obj
                0x000000001c01da22                S40_Op__backbone_features_0_features_0_4_block_block_2_fc1_Conv_fusion_qin0
 .text.S43_Conv2d_24x72x1x1_Relu
                0x000000001c01dc16      0x47e CMakeFiles/Mobv3SSDLite.dir/BUILD_MODEL/Mobv3SSDLiteKernels.c.obj
                0x000000001c01dc16                S43_Conv2d_24x72x1x1_Relu
 .text.S46_Conv2d_72x24x1x1_Hsigmoid
                0x000000001c01e094      0x560 CMakeFiles/Mobv3SSDLite.dir/BUILD_MODEL/Mobv3SSDLiteKernels.c.obj
                0x000000001c01e094                S46_Conv2d_72x24x1x1_Hsigmoid
 .text.S47_Op_expr_16
                0x000000001c01e5f4      0x346 CMakeFiles/Mobv3SSDLite.dir/BUILD_MODEL/Mobv3SSDLiteKernels.c.obj
                0x000000001c01e5f4                S47_Op_expr_16
 .text.S50_Conv2d_40x72x1x1
                0x000000001c01e93a      0x776 CMakeFiles/Mobv3SSDLite.dir/BUILD_MODEL/Mobv3SSDLiteKernels.c.obj
                0x000000001c01e93a                S50_Conv2d_40x72x1x1
 .text.S53_Conv2d_120x40x1x1_Relu
                0x000000001c01f0b0      0x77c CMakeFiles/Mobv3SSDLite.dir/BUILD_MODEL/Mobv3SSDLiteKernels.c.obj
                0x000000001c01f0b0                S53_Conv2d_120x40x1x1_Relu
 .text.S54_Op__backbone_features_0_features_0_5_block_block_1_block_1_0_Conv_fusion_qin0
                0x000000001c01f82c      0x31e CMakeFiles/Mobv3SSDLite.dir/BUILD_MODEL/Mobv3SSDLiteKernels.c.obj
                0x000000001c01f82c                S54_Op__backbone_features_0_features_0_5_block_block_1_block_1_0_Conv_fusion_qin0
 .text.S57_Conv2d_120x5x5x1_Relu
                0x000000001c01fb4a      0x662 CMakeFiles/Mobv3SSDLite.dir/BUILD_MODEL/Mobv3SSDLiteKernels.c.obj
                0x000000001c01fb4a                S57_Conv2d_120x5x5x1_Relu
 .text.S58_Op__backbone_features_0_features_0_5_block_block_2_avgpool_GlobalAveragePool_trans
                0x000000001c0201ac      0x2bc CMakeFiles/Mobv3SSDLite.dir/BUILD_MODEL/Mobv3SSDLiteKernels.c.obj
                0x000000001c0201ac                S58_Op__backbone_features_0_features_0_5_block_block_2_avgpool_GlobalAveragePool_trans
 .text.S59_Op__backbone_features_0_features_0_5_block_block_2_avgpool_GlobalAveragePool
                0x000000001c020468      0x302 CMakeFiles/Mobv3SSDLite.dir/BUILD_MODEL/Mobv3SSDLiteKernels.c.obj
                0x000000001c020468                S59_Op__backbone_features_0_features_0_5_block_block_2_avgpool_GlobalAveragePool
 .text.S61_Op__backbone_features_0_features_0_5_block_block_2_fc1_Conv_fusion_qin0
                0x000000001c02076a      0x1f4 CMakeFiles/Mobv3SSDLite.dir/BUILD_MODEL/Mobv3SSDLiteKernels.c.obj
                0x000000001c02076a                S61_Op__backbone_features_0_features_0_5_block_block_2_fc1_Conv_fusion_qin0
 .text.S64_Conv2d_32x120x1x1_Relu
                0x000000001c02095e      0x486 CMakeFiles/Mobv3SSDLite.dir/BUILD_MODEL/Mobv3SSDLiteKernels.c.obj
                0x000000001c02095e                S64_Conv2d_32x120x1x1_Relu
 .text.S67_Conv2d_120x32x1x1_Hsigmoid
                0x000000001c020de4      0x4ea CMakeFiles/Mobv3SSDLite.dir/BUILD_MODEL/Mobv3SSDLiteKernels.c.obj
                0x000000001c020de4                S67_Conv2d_120x32x1x1_Hsigmoid
 .text.S68_Op_expr_17
                0x000000001c0212ce      0x342 CMakeFiles/Mobv3SSDLite.dir/BUILD_MODEL/Mobv3SSDLiteKernels.c.obj
                0x000000001c0212ce                S68_Op_expr_17
 .text.S71_Conv2d_40x120x1x1
                0x000000001c021610      0x754 CMakeFiles/Mobv3SSDLite.dir/BUILD_MODEL/Mobv3SSDLiteKernels.c.obj
                0x000000001c021610                S71_Conv2d_40x120x1x1
 .text.S72_MatAdd_32x40x40
                0x000000001c021d64      0x3da CMakeFiles/Mobv3SSDLite.dir/BUILD_MODEL/Mobv3SSDLiteKernels.c.obj
                0x000000001c021d64                S72_MatAdd_32x40x40
 .text.S75_Conv2d_120x40x1x1_Relu
                0x000000001c02213e      0x77c CMakeFiles/Mobv3SSDLite.dir/BUILD_MODEL/Mobv3SSDLiteKernels.c.obj
                0x000000001c02213e                S75_Conv2d_120x40x1x1_Relu
 .text.S90_Op_expr_18
                0x000000001c0228ba      0x342 CMakeFiles/Mobv3SSDLite.dir/BUILD_MODEL/Mobv3SSDLiteKernels.c.obj
                0x000000001c0228ba                S90_Op_expr_18
 .text.S97_Conv2d_240x40x1x1_Custom
                0x000000001c022bfc      0x8c2 CMakeFiles/Mobv3SSDLite.dir/BUILD_MODEL/Mobv3SSDLiteKernels.c.obj
                0x000000001c022bfc                S97_Conv2d_240x40x1x1_Custom
 .text.S100_Conv2d_240x1x3x3_Custom
                0x000000001c0234be      0x6d4 CMakeFiles/Mobv3SSDLite.dir/BUILD_MODEL/Mobv3SSDLiteKernels.c.obj
                0x000000001c0234be                S100_Conv2d_240x1x3x3_Custom
 .text.S103_Conv2d_80x240x1x1
                0x000000001c023b92      0x76e CMakeFiles/Mobv3SSDLite.dir/BUILD_MODEL/Mobv3SSDLiteKernels.c.obj
                0x000000001c023b92                S103_Conv2d_80x240x1x1
 .text.S106_Conv2d_200x80x1x1_Custom
                0x000000001c024300      0x846 CMakeFiles/Mobv3SSDLite.dir/BUILD_MODEL/Mobv3SSDLiteKernels.c.obj
                0x000000001c024300                S106_Conv2d_200x80x1x1_Custom
 .text.S109_Conv2d_200x1x3x3_Custom
                0x000000001c024b46      0x73a CMakeFiles/Mobv3SSDLite.dir/BUILD_MODEL/Mobv3SSDLiteKernels.c.obj
                0x000000001c024b46                S109_Conv2d_200x1x3x3_Custom
 .text.S112_Conv2d_80x200x1x1
                0x000000001c025280      0x4dc CMakeFiles/Mobv3SSDLite.dir/BUILD_MODEL/Mobv3SSDLiteKernels.c.obj
                0x000000001c025280                S112_Conv2d_80x200x1x1
 .text.S113_MatAdd_16x20x80
                0x000000001c02575c      0x29e CMakeFiles/Mobv3SSDLite.dir/BUILD_MODEL/Mobv3SSDLiteKernels.c.obj
                0x000000001c02575c                S113_MatAdd_16x20x80
 .text.S116_Conv2d_184x80x1x1_Custom
                0x000000001c0259fa      0x83e CMakeFiles/Mobv3SSDLite.dir/BUILD_MODEL/Mobv3SSDLiteKernels.c.obj
                0x000000001c0259fa                S116_Conv2d_184x80x1x1_Custom
 .text.S119_Conv2d_184x1x3x3_Custom
                0x000000001c026238      0x73a CMakeFiles/Mobv3SSDLite.dir/BUILD_MODEL/Mobv3SSDLiteKernels.c.obj
                0x000000001c026238                S119_Conv2d_184x1x3x3_Custom
 .text.S122_Conv2d_80x184x1x1
                0x000000001c026972      0x4dc CMakeFiles/Mobv3SSDLite.dir/BUILD_MODEL/Mobv3SSDLiteKernels.c.obj
                0x000000001c026972                S122_Conv2d_80x184x1x1
 .text.S126_Conv2d_184x80x1x1_Custom
                0x000000001c026e4e      0x83e CMakeFiles/Mobv3SSDLite.dir/BUILD_MODEL/Mobv3SSDLiteKernels.c.obj
                0x000000001c026e4e                S126_Conv2d_184x80x1x1_Custom
 .text.S129_Conv2d_184x1x3x3_Custom
                0x000000001c02768c      0x73a CMakeFiles/Mobv3SSDLite.dir/BUILD_MODEL/Mobv3SSDLiteKernels.c.obj
                0x000000001c02768c                S129_Conv2d_184x1x3x3_Custom
 .text.S136_Conv2d_480x80x1x1_Custom
                0x000000001c027dc6      0x87c CMakeFiles/Mobv3SSDLite.dir/BUILD_MODEL/Mobv3SSDLiteKernels.c.obj
                0x000000001c027dc6                S136_Conv2d_480x80x1x1_Custom
 .text.S139_Conv2d_480x1x3x3_Custom
                0x000000001c028642      0x6fe CMakeFiles/Mobv3SSDLite.dir/BUILD_MODEL/Mobv3SSDLiteKernels.c.obj
                0x000000001c028642                S139_Conv2d_480x1x3x3_Custom
 .text.S140_Op__backbone_features_0_features_0_11_block_block_2_avgpool_GlobalAveragePool_trans
                0x000000001c028d40      0x2b8 CMakeFiles/Mobv3SSDLite.dir/BUILD_MODEL/Mobv3SSDLiteKernels.c.obj
                0x000000001c028d40                S140_Op__backbone_features_0_features_0_11_block_block_2_avgpool_GlobalAveragePool_trans
 .text.S141_Op__backbone_features_0_features_0_11_block_block_2_avgpool_GlobalAveragePool
                0x000000001c028ff8      0x324 CMakeFiles/Mobv3SSDLite.dir/BUILD_MODEL/Mobv3SSDLiteKernels.c.obj
                0x000000001c028ff8                S141_Op__backbone_features_0_features_0_11_block_block_2_avgpool_GlobalAveragePool
 .text.S143_Op__backbone_features_0_features_0_11_block_block_2_fc1_Conv_fusion_qin0
                0x000000001c02931c      0x1f4 CMakeFiles/Mobv3SSDLite.dir/BUILD_MODEL/Mobv3SSDLiteKernels.c.obj
                0x000000001c02931c                S143_Op__backbone_features_0_features_0_11_block_block_2_fc1_Conv_fusion_qin0
 .text.S146_Conv2d_120x480x1x1_Relu
                0x000000001c029510      0x500 CMakeFiles/Mobv3SSDLite.dir/BUILD_MODEL/Mobv3SSDLiteKernels.c.obj
                0x000000001c029510                S146_Conv2d_120x480x1x1_Relu
 .text.S149_Conv2d_480x120x1x1_Hsigmoid
                0x000000001c029a10      0x55a CMakeFiles/Mobv3SSDLite.dir/BUILD_MODEL/Mobv3SSDLiteKernels.c.obj
                0x000000001c029a10                S149_Conv2d_480x120x1x1_Hsigmoid
 .text.S150_Op_expr_11
                0x000000001c029f6a      0x362 CMakeFiles/Mobv3SSDLite.dir/BUILD_MODEL/Mobv3SSDLiteKernels.c.obj
                0x000000001c029f6a                S150_Op_expr_11
 .text.S153_Conv2d_112x480x1x1
                0x000000001c02a2cc      0x7a6 CMakeFiles/Mobv3SSDLite.dir/BUILD_MODEL/Mobv3SSDLiteKernels.c.obj
                0x000000001c02a2cc                S153_Conv2d_112x480x1x1
 .text.S156_Conv2d_672x112x1x1_Custom
                0x000000001c02aa72      0x870 CMakeFiles/Mobv3SSDLite.dir/BUILD_MODEL/Mobv3SSDLiteKernels.c.obj
                0x000000001c02aa72                S156_Conv2d_672x112x1x1_Custom
 .text.S159_Conv2d_672x1x3x3_Custom
                0x000000001c02b2e2      0x700 CMakeFiles/Mobv3SSDLite.dir/BUILD_MODEL/Mobv3SSDLiteKernels.c.obj
                0x000000001c02b2e2                S159_Conv2d_672x1x3x3_Custom
 .text.S160_Op__backbone_features_0_features_0_12_block_block_2_avgpool_GlobalAveragePool_trans
                0x000000001c02b9e2      0x2ba CMakeFiles/Mobv3SSDLite.dir/BUILD_MODEL/Mobv3SSDLiteKernels.c.obj
                0x000000001c02b9e2                S160_Op__backbone_features_0_features_0_12_block_block_2_avgpool_GlobalAveragePool_trans
 .text.S161_Op__backbone_features_0_features_0_12_block_block_2_avgpool_GlobalAveragePool
                0x000000001c02bc9c      0x330 CMakeFiles/Mobv3SSDLite.dir/BUILD_MODEL/Mobv3SSDLiteKernels.c.obj
                0x000000001c02bc9c                S161_Op__backbone_features_0_features_0_12_block_block_2_avgpool_GlobalAveragePool
 .text.S163_Op__backbone_features_0_features_0_12_block_block_2_fc1_Conv_fusion_qin0
                0x000000001c02bfcc      0x1f4 CMakeFiles/Mobv3SSDLite.dir/BUILD_MODEL/Mobv3SSDLiteKernels.c.obj
                0x000000001c02bfcc                S163_Op__backbone_features_0_features_0_12_block_block_2_fc1_Conv_fusion_qin0
 .text.S166_Conv2d_168x672x1x1_Relu
                0x000000001c02c1c0      0x4f2 CMakeFiles/Mobv3SSDLite.dir/BUILD_MODEL/Mobv3SSDLiteKernels.c.obj
                0x000000001c02c1c0                S166_Conv2d_168x672x1x1_Relu
 .text.S169_Conv2d_672x168x1x1_Hsigmoid
                0x000000001c02c6b2      0x6fc CMakeFiles/Mobv3SSDLite.dir/BUILD_MODEL/Mobv3SSDLiteKernels.c.obj
                0x000000001c02c6b2                S169_Conv2d_672x168x1x1_Hsigmoid
 .text.S170_Op_expr_14
                0x000000001c02cdae      0x364 CMakeFiles/Mobv3SSDLite.dir/BUILD_MODEL/Mobv3SSDLiteKernels.c.obj
                0x000000001c02cdae                S170_Op_expr_14
 .text.S173_Conv2d_112x672x1x1
                0x000000001c02d112      0x75a CMakeFiles/Mobv3SSDLite.dir/BUILD_MODEL/Mobv3SSDLiteKernels.c.obj
                0x000000001c02d112                S173_Conv2d_112x672x1x1
 .text.S174_MatAdd_16x20x112
                0x000000001c02d86c      0x2a2 CMakeFiles/Mobv3SSDLite.dir/BUILD_MODEL/Mobv3SSDLiteKernels.c.obj
                0x000000001c02d86c                S174_MatAdd_16x20x112
 .text.S177_Conv2d_672x112x1x1_Custom
                0x000000001c02db0e      0x870 CMakeFiles/Mobv3SSDLite.dir/BUILD_MODEL/Mobv3SSDLiteKernels.c.obj
                0x000000001c02db0e                S177_Conv2d_672x112x1x1_Custom
 .text.S178_Op__head_regression_head_module_list_0_module_list_0_0_module_list_0_0_0_Conv_fusion_qin0
                0x000000001c02e37e      0x31a CMakeFiles/Mobv3SSDLite.dir/BUILD_MODEL/Mobv3SSDLiteKernels.c.obj
                0x000000001c02e37e                S178_Op__head_regression_head_module_list_0_module_list_0_0_module_list_0_0_0_Conv_fusion_qin0
 .text.S182_Conv2d_672x5x5x1_Custom
                0x000000001c02e698      0x760 CMakeFiles/Mobv3SSDLite.dir/BUILD_MODEL/Mobv3SSDLiteKernels.c.obj
                0x000000001c02e698                S182_Conv2d_672x5x5x1_Custom
 .text.S183_Op__backbone_features_1_features_1_0_features_1_0_2_avgpool_GlobalAveragePool_trans
                0x000000001c02edf8      0x176 CMakeFiles/Mobv3SSDLite.dir/BUILD_MODEL/Mobv3SSDLiteKernels.c.obj
                0x000000001c02edf8                S183_Op__backbone_features_1_features_1_0_features_1_0_2_avgpool_GlobalAveragePool_trans
 .text.S184_Op__backbone_features_1_features_1_0_features_1_0_2_avgpool_GlobalAveragePool
                0x000000001c02ef6e      0x212 CMakeFiles/Mobv3SSDLite.dir/BUILD_MODEL/Mobv3SSDLiteKernels.c.obj
                0x000000001c02ef6e                S184_Op__backbone_features_1_features_1_0_features_1_0_2_avgpool_GlobalAveragePool
 .text.S189_Conv2d_168x672x1x1_Relu
                0x000000001c02f180      0x4fe CMakeFiles/Mobv3SSDLite.dir/BUILD_MODEL/Mobv3SSDLiteKernels.c.obj
                0x000000001c02f180                S189_Conv2d_168x672x1x1_Relu
 .text.S192_Conv2d_672x168x1x1_Hsigmoid
                0x000000001c02f67e      0x716 CMakeFiles/Mobv3SSDLite.dir/BUILD_MODEL/Mobv3SSDLiteKernels.c.obj
                0x000000001c02f67e                S192_Conv2d_672x168x1x1_Hsigmoid
 .text.S193_Op_expr_26
                0x000000001c02fd94      0x200 CMakeFiles/Mobv3SSDLite.dir/BUILD_MODEL/Mobv3SSDLiteKernels.c.obj
                0x000000001c02fd94                S193_Op_expr_26
 .text.S196_Conv2d_80x672x1x1
                0x000000001c02ff94      0x4dc CMakeFiles/Mobv3SSDLite.dir/BUILD_MODEL/Mobv3SSDLiteKernels.c.obj
                0x000000001c02ff94                S196_Conv2d_80x672x1x1
 .text.S199_Conv2d_480x80x1x1_Custom
                0x000000001c030470      0x84c CMakeFiles/Mobv3SSDLite.dir/BUILD_MODEL/Mobv3SSDLiteKernels.c.obj
                0x000000001c030470                S199_Conv2d_480x80x1x1_Custom
 .text.S202_Conv2d_480x5x5x1_Custom
                0x000000001c030cbc      0x70e CMakeFiles/Mobv3SSDLite.dir/BUILD_MODEL/Mobv3SSDLiteKernels.c.obj
                0x000000001c030cbc                S202_Conv2d_480x5x5x1_Custom
 .text.S203_Op__backbone_features_1_features_1_1_block_block_2_avgpool_GlobalAveragePool_trans
                0x000000001c0313ca      0x176 CMakeFiles/Mobv3SSDLite.dir/BUILD_MODEL/Mobv3SSDLiteKernels.c.obj
                0x000000001c0313ca                S203_Op__backbone_features_1_features_1_1_block_block_2_avgpool_GlobalAveragePool_trans
 .text.S204_Op__backbone_features_1_features_1_1_block_block_2_avgpool_GlobalAveragePool
                0x000000001c031540      0x212 CMakeFiles/Mobv3SSDLite.dir/BUILD_MODEL/Mobv3SSDLiteKernels.c.obj
                0x000000001c031540                S204_Op__backbone_features_1_features_1_1_block_block_2_avgpool_GlobalAveragePool
 .text.S209_Conv2d_120x480x1x1_Relu
                0x000000001c031752      0x4f8 CMakeFiles/Mobv3SSDLite.dir/BUILD_MODEL/Mobv3SSDLiteKernels.c.obj
                0x000000001c031752                S209_Conv2d_120x480x1x1_Relu
 .text.S212_Conv2d_480x120x1x1_Hsigmoid
                0x000000001c031c4a      0x552 CMakeFiles/Mobv3SSDLite.dir/BUILD_MODEL/Mobv3SSDLiteKernels.c.obj
                0x000000001c031c4a                S212_Conv2d_480x120x1x1_Hsigmoid
 .text.S213_Op_expr_29
                0x000000001c03219c      0x200 CMakeFiles/Mobv3SSDLite.dir/BUILD_MODEL/Mobv3SSDLiteKernels.c.obj
                0x000000001c03219c                S213_Op_expr_29
 .text.S216_Conv2d_80x480x1x1
                0x000000001c03239c      0x4dc CMakeFiles/Mobv3SSDLite.dir/BUILD_MODEL/Mobv3SSDLiteKernels.c.obj
                0x000000001c03239c                S216_Conv2d_80x480x1x1
 .text.S217_MatAdd_8x10x80
                0x000000001c032878      0x29e CMakeFiles/Mobv3SSDLite.dir/BUILD_MODEL/Mobv3SSDLiteKernels.c.obj
                0x000000001c032878                S217_MatAdd_8x10x80
 .text.S220_Conv2d_480x80x1x1_Custom
                0x000000001c032b16      0x84c CMakeFiles/Mobv3SSDLite.dir/BUILD_MODEL/Mobv3SSDLiteKernels.c.obj
                0x000000001c032b16                S220_Conv2d_480x80x1x1_Custom
 .text.S223_Conv2d_480x5x5x1_Custom
                0x000000001c033362      0x70e CMakeFiles/Mobv3SSDLite.dir/BUILD_MODEL/Mobv3SSDLiteKernels.c.obj
                0x000000001c033362                S223_Conv2d_480x5x5x1_Custom
 .text.S234_Op_expr_32
                0x000000001c033a70      0x200 CMakeFiles/Mobv3SSDLite.dir/BUILD_MODEL/Mobv3SSDLiteKernels.c.obj
                0x000000001c033a70                S234_Op_expr_32
 .text.S237_Conv2d_80x480x1x1
                0x000000001c033c70      0x4dc CMakeFiles/Mobv3SSDLite.dir/BUILD_MODEL/Mobv3SSDLiteKernels.c.obj
                0x000000001c033c70                S237_Conv2d_80x480x1x1
 .text.S241_Conv2d_480x80x1x1_Custom
                0x000000001c03414c      0x84c CMakeFiles/Mobv3SSDLite.dir/BUILD_MODEL/Mobv3SSDLiteKernels.c.obj
                0x000000001c03414c                S241_Conv2d_480x80x1x1_Custom
 .text.S244_Conv2d_256x480x1x1_Relu6
                0x000000001c034998      0x74c CMakeFiles/Mobv3SSDLite.dir/BUILD_MODEL/Mobv3SSDLiteKernels.c.obj
                0x000000001c034998                S244_Conv2d_256x480x1x1_Relu6
 .text.S247_Conv2d_256x1x3x3_Relu6
                0x000000001c0350e4      0x4d6 CMakeFiles/Mobv3SSDLite.dir/BUILD_MODEL/Mobv3SSDLiteKernels.c.obj
                0x000000001c0350e4                S247_Conv2d_256x1x3x3_Relu6
 .text.S250_Conv2d_512x256x1x1_Relu6
                0x000000001c0355ba      0x79a CMakeFiles/Mobv3SSDLite.dir/BUILD_MODEL/Mobv3SSDLiteKernels.c.obj
                0x000000001c0355ba                S250_Conv2d_512x256x1x1_Relu6
 .text.S253_Conv2d_128x512x1x1_Relu6
                0x000000001c035d54      0x4d6 CMakeFiles/Mobv3SSDLite.dir/BUILD_MODEL/Mobv3SSDLiteKernels.c.obj
                0x000000001c035d54                S253_Conv2d_128x512x1x1_Relu6
 .text.S256_Conv2d_128x1x3x3_Relu6
                0x000000001c03622a      0x54e CMakeFiles/Mobv3SSDLite.dir/BUILD_MODEL/Mobv3SSDLiteKernels.c.obj
                0x000000001c03622a                S256_Conv2d_128x1x3x3_Relu6
 .text.S259_Conv2d_256x128x1x1_Relu6
                0x000000001c036778      0x53e CMakeFiles/Mobv3SSDLite.dir/BUILD_MODEL/Mobv3SSDLiteKernels.c.obj
                0x000000001c036778                S259_Conv2d_256x128x1x1_Relu6
 .text.S262_Conv2d_128x256x1x1_Relu6
                0x000000001c036cb6      0x544 CMakeFiles/Mobv3SSDLite.dir/BUILD_MODEL/Mobv3SSDLiteKernels.c.obj
                0x000000001c036cb6                S262_Conv2d_128x256x1x1_Relu6
 .text.S265_Conv2d_128x1x3x3_Relu6
                0x000000001c0371fa      0x5c8 CMakeFiles/Mobv3SSDLite.dir/BUILD_MODEL/Mobv3SSDLiteKernels.c.obj
                0x000000001c0371fa                S265_Conv2d_128x1x3x3_Relu6
 .text.S268_Conv2d_256x128x1x1_Relu6
                0x000000001c0377c2      0x540 CMakeFiles/Mobv3SSDLite.dir/BUILD_MODEL/Mobv3SSDLiteKernels.c.obj
                0x000000001c0377c2                S268_Conv2d_256x128x1x1_Relu6
 .text.S271_Conv2d_64x256x1x1_Relu6
                0x000000001c037d02      0x53a CMakeFiles/Mobv3SSDLite.dir/BUILD_MODEL/Mobv3SSDLiteKernels.c.obj
                0x000000001c037d02                S271_Conv2d_64x256x1x1_Relu6
 .text.S274_Conv2d_64x1x3x3_Relu6
                0x000000001c03823c      0x5ba CMakeFiles/Mobv3SSDLite.dir/BUILD_MODEL/Mobv3SSDLiteKernels.c.obj
                0x000000001c03823c                S274_Conv2d_64x1x3x3_Relu6
 .text.S277_Conv2d_128x64x1x1_Relu6
                0x000000001c0387f6      0x4f4 CMakeFiles/Mobv3SSDLite.dir/BUILD_MODEL/Mobv3SSDLiteKernels.c.obj
                0x000000001c0387f6                S277_Conv2d_128x64x1x1_Relu6
 .text.S280_Conv2d_672x1x3x3_Relu6
                0x000000001c038cea      0x67c CMakeFiles/Mobv3SSDLite.dir/BUILD_MODEL/Mobv3SSDLiteKernels.c.obj
                0x000000001c038cea                S280_Conv2d_672x1x3x3_Relu6
 .text.S283_Conv2d_24x672x1x1_Custom
                0x000000001c039366      0x6f2 CMakeFiles/Mobv3SSDLite.dir/BUILD_MODEL/Mobv3SSDLiteKernels.c.obj
                0x000000001c039366                S283_Conv2d_24x672x1x1_Custom
 .text.S287_Conv2d_480x1x3x3_Relu6
                0x000000001c039a58      0x4de CMakeFiles/Mobv3SSDLite.dir/BUILD_MODEL/Mobv3SSDLiteKernels.c.obj
                0x000000001c039a58                S287_Conv2d_480x1x3x3_Relu6
 .text.S291_Conv2d_512x1x3x3_Relu6
                0x000000001c039f36      0x4d0 CMakeFiles/Mobv3SSDLite.dir/BUILD_MODEL/Mobv3SSDLiteKernels.c.obj
                0x000000001c039f36                S291_Conv2d_512x1x3x3_Relu6
 .text.S295_Conv2d_256x1x3x3_Relu6
                0x000000001c03a406      0x4d0 CMakeFiles/Mobv3SSDLite.dir/BUILD_MODEL/Mobv3SSDLiteKernels.c.obj
                0x000000001c03a406                S295_Conv2d_256x1x3x3_Relu6
 .text.S301_Conv2d_128x1x3x3_Relu6
                0x000000001c03a8d6      0x5c0 CMakeFiles/Mobv3SSDLite.dir/BUILD_MODEL/Mobv3SSDLiteKernels.c.obj
                0x000000001c03a8d6                S301_Conv2d_128x1x3x3_Relu6
 .text.S322_Conv2d_186x672x1x1
                0x000000001c03ae96      0x758 CMakeFiles/Mobv3SSDLite.dir/BUILD_MODEL/Mobv3SSDLiteKernels.c.obj
                0x000000001c03ae96                S322_Conv2d_186x672x1x1
 .text.S325_Conv2d_24x480x1x1_Custom
                0x000000001c03b5ee      0x578 CMakeFiles/Mobv3SSDLite.dir/BUILD_MODEL/Mobv3SSDLiteKernels.c.obj
                0x000000001c03b5ee                S325_Conv2d_24x480x1x1_Custom
 .text.S328_Conv2d_24x512x1x1_Custom
                0x000000001c03bb66      0x56c CMakeFiles/Mobv3SSDLite.dir/BUILD_MODEL/Mobv3SSDLiteKernels.c.obj
                0x000000001c03bb66                S328_Conv2d_24x512x1x1_Custom
 .text.S331_Conv2d_24x256x1x1_Custom
                0x000000001c03c0d2      0x5e8 CMakeFiles/Mobv3SSDLite.dir/BUILD_MODEL/Mobv3SSDLiteKernels.c.obj
                0x000000001c03c0d2                S331_Conv2d_24x256x1x1_Custom
 .text.S335_Conv2d_24x128x1x1_Custom
                0x000000001c03c6ba      0x51c CMakeFiles/Mobv3SSDLite.dir/BUILD_MODEL/Mobv3SSDLiteKernels.c.obj
                0x000000001c03c6ba                S335_Conv2d_24x128x1x1_Custom
 .text.S342_Conv2d_256x1x3x3_Relu6
                0x000000001c03cbd6      0x536 CMakeFiles/Mobv3SSDLite.dir/BUILD_MODEL/Mobv3SSDLiteKernels.c.obj
                0x000000001c03cbd6                S342_Conv2d_256x1x3x3_Relu6
 .text.S343_Conv2d_24x256x1x1_Custom
                0x000000001c03d10c      0x56a CMakeFiles/Mobv3SSDLite.dir/BUILD_MODEL/Mobv3SSDLiteKernels.c.obj
                0x000000001c03d10c                S343_Conv2d_24x256x1x1_Custom
 .text.S346_Op__Split
                0x000000001c03d676      0x342 CMakeFiles/Mobv3SSDLite.dir/BUILD_MODEL/Mobv3SSDLiteKernels.c.obj
                0x000000001c03d676                S346_Op__Split
 .text.S356_Conv2d_128x1x3x3_Relu6
                0x000000001c03d9b8      0x5c0 CMakeFiles/Mobv3SSDLite.dir/BUILD_MODEL/Mobv3SSDLiteKernels.c.obj
                0x000000001c03d9b8                S356_Conv2d_128x1x3x3_Relu6
 .text.S358_Conv2d_186x480x1x1
                0x000000001c03df78      0x79e CMakeFiles/Mobv3SSDLite.dir/BUILD_MODEL/Mobv3SSDLiteKernels.c.obj
                0x000000001c03df78                S358_Conv2d_186x480x1x1
 .text.S361_Conv2d_186x512x1x1
                0x000000001c03e716      0x4d8 CMakeFiles/Mobv3SSDLite.dir/BUILD_MODEL/Mobv3SSDLiteKernels.c.obj
                0x000000001c03e716                S361_Conv2d_186x512x1x1
 .text.S364_Conv2d_186x256x1x1
                0x000000001c03ebee      0x54e CMakeFiles/Mobv3SSDLite.dir/BUILD_MODEL/Mobv3SSDLiteKernels.c.obj
                0x000000001c03ebee                S364_Conv2d_186x256x1x1
 .text.S367_Conv2d_186x256x1x1
                0x000000001c03f13c      0x546 CMakeFiles/Mobv3SSDLite.dir/BUILD_MODEL/Mobv3SSDLiteKernels.c.obj
                0x000000001c03f13c                S367_Conv2d_186x256x1x1
 .text.S370_Conv2d_186x128x1x1
                0x000000001c03f682      0x500 CMakeFiles/Mobv3SSDLite.dir/BUILD_MODEL/Mobv3SSDLiteKernels.c.obj
                0x000000001c03f682                S370_Conv2d_186x128x1x1
 .text.S373_SoftMax
                0x000000001c03fb82      0x334 CMakeFiles/Mobv3SSDLite.dir/BUILD_MODEL/Mobv3SSDLiteKernels.c.obj
                0x000000001c03fb82                S373_SoftMax
 .text.S376_Op_expr_1
                0x000000001c03feb6      0x452 CMakeFiles/Mobv3SSDLite.dir/BUILD_MODEL/Mobv3SSDLiteKernels.c.obj
                0x000000001c03feb6                S376_Op_expr_1
 .text.S382_Op_expr_0
                0x000000001c040308      0x452 CMakeFiles/Mobv3SSDLite.dir/BUILD_MODEL/Mobv3SSDLiteKernels.c.obj
                0x000000001c040308                S382_Op_expr_0
 .text.Mobv3SSDLiteCNN_Construct
                0x000000001c04075a    0x10408 CMakeFiles/Mobv3SSDLite.dir/BUILD_MODEL/Mobv3SSDLiteKernels.c.obj
                0x000000001c04075a                Mobv3SSDLiteCNN_Construct
 .text.Mobv3SSDLiteCNN_Destruct
                0x000000001c050b62       0xe4 CMakeFiles/Mobv3SSDLite.dir/BUILD_MODEL/Mobv3SSDLiteKernels.c.obj
                0x000000001c050b62                Mobv3SSDLiteCNN_Destruct
 .text.Mobv3SSDLiteCNN
                0x000000001c050c46     0xaf04 CMakeFiles/Mobv3SSDLite.dir/BUILD_MODEL/Mobv3SSDLiteKernels.c.obj
                0x000000001c050c46                Mobv3SSDLiteCNN
 .text.s382_kernel
                0x000000001c05bb4a      0x14e CMakeFiles/Mobv3SSDLite.dir/Expression_Kernels.c.obj
                0x000000001c05bb4a                s382_kernel
 .text.s376_kernel
                0x000000001c05bc98      0x144 CMakeFiles/Mobv3SSDLite.dir/Expression_Kernels.c.obj
                0x000000001c05bc98                s376_kernel
 .text.s150_kernel
                0x000000001c05bddc       0x8c CMakeFiles/Mobv3SSDLite.dir/Expression_Kernels.c.obj
                0x000000001c05bddc                s150_kernel
 .text.s170_kernel
                0x000000001c05be68       0x8c CMakeFiles/Mobv3SSDLite.dir/Expression_Kernels.c.obj
                0x000000001c05be68                s170_kernel
 .text.s47_kernel
                0x000000001c05bef4       0x82 CMakeFiles/Mobv3SSDLite.dir/Expression_Kernels.c.obj
                0x000000001c05bef4                s47_kernel
 .text.s68_kernel
                0x000000001c05bf76       0x88 CMakeFiles/Mobv3SSDLite.dir/Expression_Kernels.c.obj
                0x000000001c05bf76                s68_kernel
 .text.s90_kernel
                0x000000001c05bffe       0x88 CMakeFiles/Mobv3SSDLite.dir/Expression_Kernels.c.obj
                0x000000001c05bffe                s90_kernel
 .text.s193_kernel
                0x000000001c05c086       0x8c CMakeFiles/Mobv3SSDLite.dir/Expression_Kernels.c.obj
                0x000000001c05c086                s193_kernel
 .text.s213_kernel
                0x000000001c05c112       0x8c CMakeFiles/Mobv3SSDLite.dir/Expression_Kernels.c.obj
                0x000000001c05c112                s213_kernel
 .text.s234_kernel
                0x000000001c05c19e       0x8c CMakeFiles/Mobv3SSDLite.dir/Expression_Kernels.c.obj
                0x000000001c05c19e                s234_kernel
 .text.expr_6   0x000000001c05c22a       0x8e CMakeFiles/Mobv3SSDLite.dir/Expression_Kernels.c.obj
                0x000000001c05c22a                expr_6
 .text.expr_19  0x000000001c05c2b8       0x8e CMakeFiles/Mobv3SSDLite.dir/Expression_Kernels.c.obj
                0x000000001c05c2b8                expr_19
 .text.expr_20  0x000000001c05c346       0x8e CMakeFiles/Mobv3SSDLite.dir/Expression_Kernels.c.obj
                0x000000001c05c346                expr_20
 .text.expr_21  0x000000001c05c3d4       0x8e CMakeFiles/Mobv3SSDLite.dir/Expression_Kernels.c.obj
                0x000000001c05c3d4                expr_21
 .text.expr_22  0x000000001c05c462       0x8e CMakeFiles/Mobv3SSDLite.dir/Expression_Kernels.c.obj
                0x000000001c05c462                expr_22
 .text.expr_23  0x000000001c05c4f0       0x88 CMakeFiles/Mobv3SSDLite.dir/Expression_Kernels.c.obj
                0x000000001c05c4f0                expr_23
 .text.expr_24  0x000000001c05c578       0x8e CMakeFiles/Mobv3SSDLite.dir/Expression_Kernels.c.obj
                0x000000001c05c578                expr_24
 .text.expr_7   0x000000001c05c606       0x8e CMakeFiles/Mobv3SSDLite.dir/Expression_Kernels.c.obj
                0x000000001c05c606                expr_7
 .text.expr_8   0x000000001c05c694       0x8e CMakeFiles/Mobv3SSDLite.dir/Expression_Kernels.c.obj
                0x000000001c05c694                expr_8
 .text.expr_9   0x000000001c05c722       0x8e CMakeFiles/Mobv3SSDLite.dir/Expression_Kernels.c.obj
                0x000000001c05c722                expr_9
 .text.expr_10  0x000000001c05c7b0       0x8a CMakeFiles/Mobv3SSDLite.dir/Expression_Kernels.c.obj
                0x000000001c05c7b0                expr_10
 .text.expr_12  0x000000001c05c83a       0x8e CMakeFiles/Mobv3SSDLite.dir/Expression_Kernels.c.obj
                0x000000001c05c83a                expr_12
 .text.expr_13  0x000000001c05c8c8       0x8a CMakeFiles/Mobv3SSDLite.dir/Expression_Kernels.c.obj
                0x000000001c05c8c8                expr_13
 .text.expr_15  0x000000001c05c952       0x8a CMakeFiles/Mobv3SSDLite.dir/Expression_Kernels.c.obj
                0x000000001c05c952                expr_15
 .text.expr_25  0x000000001c05c9dc       0x84 CMakeFiles/Mobv3SSDLite.dir/Expression_Kernels.c.obj
                0x000000001c05c9dc                expr_25
 .text.expr_27  0x000000001c05ca60       0x8a CMakeFiles/Mobv3SSDLite.dir/Expression_Kernels.c.obj
                0x000000001c05ca60                expr_27
 .text.expr_28  0x000000001c05caea       0x86 CMakeFiles/Mobv3SSDLite.dir/Expression_Kernels.c.obj
                0x000000001c05caea                expr_28
 .text.expr_30  0x000000001c05cb70       0x8a CMakeFiles/Mobv3SSDLite.dir/Expression_Kernels.c.obj
                0x000000001c05cb70                expr_30
 .text.expr_31  0x000000001c05cbfa       0x86 CMakeFiles/Mobv3SSDLite.dir/Expression_Kernels.c.obj
                0x000000001c05cbfa                expr_31
 .text.expr_33  0x000000001c05cc80       0x8e CMakeFiles/Mobv3SSDLite.dir/Expression_Kernels.c.obj
                0x000000001c05cc80                expr_33
 .text.expr_2   0x000000001c05cd0e       0x76 CMakeFiles/Mobv3SSDLite.dir/Expression_Kernels.c.obj
                0x000000001c05cd0e                expr_2
 .text.expr_2_1
                0x000000001c05cd84       0x76 CMakeFiles/Mobv3SSDLite.dir/Expression_Kernels.c.obj
                0x000000001c05cd84                expr_2_1
 .text.expr_2_2
                0x000000001c05cdfa       0x76 CMakeFiles/Mobv3SSDLite.dir/Expression_Kernels.c.obj
                0x000000001c05cdfa                expr_2_2
 .text.expr_2_3
                0x000000001c05ce70       0x76 CMakeFiles/Mobv3SSDLite.dir/Expression_Kernels.c.obj
                0x000000001c05ce70                expr_2_3
 .text.expr_2_4
                0x000000001c05cee6       0x76 CMakeFiles/Mobv3SSDLite.dir/Expression_Kernels.c.obj
                0x000000001c05cee6                expr_2_4
 .text.expr_2_5
                0x000000001c05cf5c       0x76 CMakeFiles/Mobv3SSDLite.dir/Expression_Kernels.c.obj
                0x000000001c05cf5c                expr_2_5
 .text.system_init
                0x000000001c05cfd2      0x124 freertos/vendors/gwt/gap9/libfreertos_gap9.a(system_gap9.c.obj)
                0x000000001c05cfd2                system_init
 .text.system_init_finalize
                0x000000001c05d0f6       0x18 freertos/vendors/gwt/gap9/libfreertos_gap9.a(system_gap9.c.obj)
                0x000000001c05d0f6                system_init_finalize
 .text._system_init_from_sleep_with_retention
                0x000000001c05d10e       0xda freertos/vendors/gwt/gap9/libfreertos_gap9.a(system_gap9.c.obj)
                0x000000001c05d10e                _system_init_from_sleep_with_retention
 .text.system_printf_uart_close
                0x000000001c05d1e8        0x2 freertos/vendors/gwt/gap9/libfreertos_gap9.a(system_gap9.c.obj)
                0x000000001c05d1e8                system_printf_uart_close
 .text.deallocate_init_stack
                0x000000001c05d1ea        0xc freertos/vendors/gwt/gap9/libfreertos_gap9.a(system_gap9.c.obj)
                0x000000001c05d1ea                deallocate_init_stack
 .text.system_setup_systick
                0x000000001c05d1f6       0xb0 freertos/vendors/gwt/gap9/libfreertos_gap9.a(system_gap9.c.obj)
                0x000000001c05d1f6                system_setup_systick
 .text.system_core_clock_update
                0x000000001c05d2a6       0x5c freertos/vendors/gwt/gap9/libfreertos_gap9.a(system_gap9.c.obj)
                0x000000001c05d2a6                system_core_clock_update
 .text.system_exit
                0x000000001c05d302       0x52 freertos/vendors/gwt/gap9/libfreertos_gap9.a(system_gap9.c.obj)
                0x000000001c05d302                system_exit
 .text.__semihost_putc_cluster_req
                0x000000001c05d354       0x3a freertos/vendors/gwt/gap9/libfreertos_gap9.a(gap_io.c.obj)
 .text.__io_lock
                0x000000001c05d38e       0xca freertos/vendors/gwt/gap9/libfreertos_gap9.a(gap_io.c.obj)
                0x000000001c05d38e                __io_lock
 .text.__io_unlock
                0x000000001c05d458       0x5e freertos/vendors/gwt/gap9/libfreertos_gap9.a(gap_io.c.obj)
                0x000000001c05d458                __io_unlock
 .text._putchar
                0x000000001c05d4b6      0x156 freertos/vendors/gwt/gap9/libfreertos_gap9.a(gap_io.c.obj)
                0x000000001c05d4b6                _putchar
 .text.puts     0x000000001c05d60c      0x26c freertos/vendors/gwt/gap9/libfreertos_gap9.a(gap_io.c.obj)
                0x000000001c05d60c                puts
 .text.system_exit_printf_flush
                0x000000001c05d878       0x3e freertos/vendors/gwt/gap9/libfreertos_gap9.a(gap_io.c.obj)
                0x000000001c05d878                system_exit_printf_flush
 .text._procid  0x000000001c05d8b6        0xa freertos/vendors/gwt/gap9/libfreertos_gap9.a(gap9_it.c.obj)
                0x000000001c05d8b6                _procid
 .text._clusterid
                0x000000001c05d8c0        0x8 freertos/vendors/gwt/gap9/libfreertos_gap9.a(gap9_it.c.obj)
                0x000000001c05d8c0                _clusterid
 .text._priv_drop
                0x000000001c05d8c8       0x10 freertos/vendors/gwt/gap9/libfreertos_gap9.a(gap9_it.c.obj)
                0x000000001c05d8c8                _priv_drop
 .text._isr_default
                0x000000001c05d8d8       0x18 freertos/vendors/gwt/gap9/libfreertos_gap9.a(gap9_it.c.obj)
                0x000000001c05d8d8                _isr_default
 .text._puts    0x000000001c05d8f0       0x10 freertos/vendors/gwt/gap9/libfreertos_gap9.a(gap9_it.c.obj)
                0x000000001c05d8f0                _puts
 .text.vSetPendSV
                0x000000001c05d900        0xa freertos/vendors/gwt/gap9/libfreertos_gap9.a(gap9_it.c.obj)
                0x000000001c05d900                vSetPendSV
 .text.pmp_exception_handler
                0x000000001c05d90a       0x22 freertos/vendors/gwt/gap9/libfreertos_gap9.a(gap9_it.c.obj)
                0x000000001c05d90a                pmp_exception_handler
 .text.xip_insn_exception_handler
                0x000000001c05d92c       0x56 freertos/vendors/gwt/gap9/libfreertos_gap9.a(gap9_it.c.obj)
                0x000000001c05d92c                xip_insn_exception_handler
 .text.xip_data_exception_handler
                0x000000001c05d982       0x5c freertos/vendors/gwt/gap9/libfreertos_gap9.a(gap9_it.c.obj)
                0x000000001c05d982                xip_data_exception_handler
 .text._ill_insn_print
                0x000000001c05d9de        0xc freertos/vendors/gwt/gap9/libfreertos_gap9.a(gap9_it.c.obj)
                0x000000001c05d9de                _ill_insn_print
 .text.startup.__pi_timer_init__
                0x000000001c05d9ea        0x8 freertos/vendors/gwt/gap9/pmsis/libpmsis_implem_gap9.a(timer.c.obj)
                0x000000001c05d9ea                __pi_timer_init__
 .text.__pi_timer_fc_0_1_handler
                0x000000001c05d9f2       0xa0 freertos/vendors/gwt/gap9/pmsis/libpmsis_implem_gap9.a(timer.c.obj)
                0x000000001c05d9f2                __pi_timer_fc_0_1_handler
 .text.__pi_timer_fc_1_1_handler
                0x000000001c05da92       0xfc freertos/vendors/gwt/gap9/pmsis/libpmsis_implem_gap9.a(timer.c.obj)
                0x000000001c05da92                __pi_timer_fc_1_1_handler
 .text.__pi_timer_conf_init
                0x000000001c05db8e        0x6 freertos/vendors/gwt/gap9/pmsis/libpmsis_implem_gap9.a(timer.c.obj)
                0x000000001c05db8e                __pi_timer_conf_init
 .text.__pi_timer_init
                0x000000001c05db94       0x52 freertos/vendors/gwt/gap9/pmsis/libpmsis_implem_gap9.a(timer.c.obj)
                0x000000001c05db94                __pi_timer_init
 .text.__pi_timer_stop
                0x000000001c05dbe6       0x42 freertos/vendors/gwt/gap9/pmsis/libpmsis_implem_gap9.a(timer.c.obj)
                0x000000001c05dbe6                __pi_timer_stop
 .text.pi_timer_conf_init
                0x000000001c05dc28       0x12 freertos/vendors/gwt/gap9/pmsis/libpmsis_implem_gap9.a(timer.c.obj)
                0x000000001c05dc28                pi_timer_conf_init
 .text.pi_timer_open
                0x000000001c05dc3a      0x19e freertos/vendors/gwt/gap9/pmsis/libpmsis_implem_gap9.a(timer.c.obj)
                0x000000001c05dc3a                pi_timer_open
 .text.pi_timer_start
                0x000000001c05ddd8       0x2a freertos/vendors/gwt/gap9/pmsis/libpmsis_implem_gap9.a(timer.c.obj)
                0x000000001c05ddd8                pi_timer_start
 .text.pi_timer_task_add
                0x000000001c05de02       0xbe freertos/vendors/gwt/gap9/pmsis/libpmsis_implem_gap9.a(timer.c.obj)
                0x000000001c05de02                pi_timer_task_add
 .text.pi_pad_function_set
                0x000000001c05dec0       0x3c freertos/vendors/gwt/gap9/pmsis/libpmsis_implem_gap9.a(pad.c.obj)
                0x000000001c05dec0                pi_pad_function_set
 .text.pi_pad_init
                0x000000001c05defc       0x2a freertos/vendors/gwt/gap9/pmsis/libpmsis_implem_gap9.a(pad.c.obj)
                0x000000001c05defc                pi_pad_init
 .text.__do_ctors__
                0x000000001c05df26       0x32 freertos/vendors/gwt/gap9/pmsis/libpmsis_implem_gap9.a(ctors_dtors.c.obj)
                0x000000001c05df26                __do_ctors__
 .text.__do_dtors__
                0x000000001c05df58       0x32 freertos/vendors/gwt/gap9/pmsis/libpmsis_implem_gap9.a(ctors_dtors.c.obj)
                0x000000001c05df58                __do_dtors__
 .text.__pi_gpio_handler
                0x000000001c05df8a      0x124 freertos/vendors/gwt/gap9/pmsis/libpmsis_implem_gap9.a(gpio.c.obj)
                0x000000001c05df8a                __pi_gpio_handler
 .text.__pi_gpio_init
                0x000000001c05e0ae      0x180 freertos/vendors/gwt/gap9/pmsis/libpmsis_implem_gap9.a(gpio.c.obj)
                0x000000001c05e0ae                __pi_gpio_init
 .text.__pi_gpio_deinit
                0x000000001c05e22e       0x6c freertos/vendors/gwt/gap9/pmsis/libpmsis_implem_gap9.a(gpio.c.obj)
                0x000000001c05e22e                __pi_gpio_deinit
 .text.pi_gpio_pin_configure
                0x000000001c05e29a       0xa8 freertos/vendors/gwt/gap9/pmsis/libpmsis_implem_gap9.a(gpio.c.obj)
                0x000000001c05e29a                pi_gpio_pin_configure
 .text.pi_gpio_pin_write
                0x000000001c05e342       0x5e freertos/vendors/gwt/gap9/pmsis/libpmsis_implem_gap9.a(gpio.c.obj)
                0x000000001c05e342                pi_gpio_pin_write
 .text.exit     0x000000001c05e3a0        0xa freertos/vendors/gwt/libs/libfreertos_libs.a(stdlib.c.obj)
                0x000000001c05e3a0                exit
 .text.memcpy   0x000000001c05e3aa      0x10a freertos/vendors/gwt/libs/libfreertos_libs.a(string.c.obj)
                0x000000001c05e3aa                memcpy
 .text.memset   0x000000001c05e4b4       0xb6 freertos/vendors/gwt/libs/libfreertos_libs.a(string.c.obj)
                0x000000001c05e4b4                memset
 .text.strcmp   0x000000001c05e56a       0x36 freertos/vendors/gwt/libs/libfreertos_libs.a(string.c.obj)
                0x000000001c05e56a                strcmp
 .text.strncmp  0x000000001c05e5a0       0x3c freertos/vendors/gwt/libs/libfreertos_libs.a(string.c.obj)
                0x000000001c05e5a0                strncmp
 .text.strlen   0x000000001c05e5dc       0x1c freertos/vendors/gwt/libs/libfreertos_libs.a(string.c.obj)
                0x000000001c05e5dc                strlen
 .text.pi_ref_fast_clock_frequency_set
                0x000000001c05e5f8       0x4e freertos/pmsis/implem/libpmsis_implem.a(fll.c.obj)
                0x000000001c05e5f8                pi_ref_fast_clock_frequency_set
 .text.pi_ref_fast_clock_frequency_get
                0x000000001c05e646       0x1a freertos/pmsis/implem/libpmsis_implem.a(fll.c.obj)
                0x000000001c05e646                pi_ref_fast_clock_frequency_get
 .text.__pi_pmu_change_domain_power_async
                0x000000001c05e660       0xf2 freertos/pmsis/implem/libpmsis_implem.a(maestro.c.obj)
 .text.pi_pmu_voltage_get
                0x000000001c05e752        0x6 freertos/pmsis/implem/libpmsis_implem.a(maestro.c.obj)
                0x000000001c05e752                pi_pmu_voltage_get
 .text.pi_pmu_domain_state_change
                0x000000001c05e758      0x284 freertos/pmsis/implem/libpmsis_implem.a(maestro.c.obj)
                0x000000001c05e758                pi_pmu_domain_state_change
 .text.__pi_pmu_init
                0x000000001c05e9dc       0xc4 freertos/pmsis/implem/libpmsis_implem.a(maestro.c.obj)
                0x000000001c05e9dc                __pi_pmu_init
 .text.pi_pmu_voltage_set
                0x000000001c05eaa0       0xc8 freertos/pmsis/implem/libpmsis_implem.a(maestro.c.obj)
                0x000000001c05eaa0                pi_pmu_voltage_set
 .text.pos_alloc_account.constprop.3
                0x000000001c05eb68      0x116 freertos/pmsis/implem/libpmsis_implem.a(alloc.c.obj)
 .text.pos_alloc_power_ctrl
                0x000000001c05ec7e       0x60 freertos/pmsis/implem/libpmsis_implem.a(alloc.c.obj)
                0x000000001c05ec7e                pos_alloc_power_ctrl
 .text.pos_alloc_dump
                0x000000001c05ecde       0x68 freertos/pmsis/implem/libpmsis_implem.a(alloc.c.obj)
                0x000000001c05ecde                pos_alloc_dump
 .text.pos_alloc_account_free
                0x000000001c05ed46        0xc freertos/pmsis/implem/libpmsis_implem.a(alloc.c.obj)
                0x000000001c05ed46                pos_alloc_account_free
 .text.pos_alloc_init
                0x000000001c05ed52       0x24 freertos/pmsis/implem/libpmsis_implem.a(alloc.c.obj)
                0x000000001c05ed52                pos_alloc_init
 .text.pos_alloc
                0x000000001c05ed76       0xc4 freertos/pmsis/implem/libpmsis_implem.a(alloc.c.obj)
                0x000000001c05ed76                pos_alloc
 .text.pos_free
                0x000000001c05ee3a       0xd2 freertos/pmsis/implem/libpmsis_implem.a(alloc.c.obj)
                0x000000001c05ee3a                pos_free
 .text.pi_alloc_fail
                0x000000001c05ef0c       0x7a freertos/pmsis/implem/libpmsis_implem.a(alloc_pool.c.obj)
                0x000000001c05ef0c                pi_alloc_fail
 .text.pos_alloc_init_l1
                0x000000001c05ef86       0x14 freertos/pmsis/implem/libpmsis_implem.a(alloc_pool.c.obj)
                0x000000001c05ef86                pos_alloc_init_l1
 .text.pos_allocs_init
                0x000000001c05ef9a       0xf8 freertos/pmsis/implem/libpmsis_implem.a(alloc_pool.c.obj)
                0x000000001c05ef9a                pos_allocs_init
 .text.pi_cl_l1_malloc
                0x000000001c05f092       0x70 freertos/pmsis/implem/libpmsis_implem.a(alloc_pool.c.obj)
                0x000000001c05f092                pi_cl_l1_malloc
 .text.pi_cl_l1_free
                0x000000001c05f102       0x2a freertos/pmsis/implem/libpmsis_implem.a(alloc_pool.c.obj)
                0x000000001c05f102                pi_cl_l1_free
 .text.pi_l2_malloc
                0x000000001c05f12c       0x50 freertos/pmsis/implem/libpmsis_implem.a(alloc_pool.c.obj)
                0x000000001c05f12c                pi_l2_malloc
 .text.pi_l2_free
                0x000000001c05f17c       0x26 freertos/pmsis/implem/libpmsis_implem.a(alloc_pool.c.obj)
                0x000000001c05f17c                pi_l2_free
 .text.pi_fc_l1_malloc
                0x000000001c05f1a2       0x4e freertos/pmsis/implem/libpmsis_implem.a(alloc_pool.c.obj)
                0x000000001c05f1a2                pi_fc_l1_malloc
 .text.pi_fc_l1_free
                0x000000001c05f1f0       0x26 freertos/pmsis/implem/libpmsis_implem.a(alloc_pool.c.obj)
                0x000000001c05f1f0                pi_fc_l1_free
 .text.pi_malloc_init
                0x000000001c05f216        0x4 freertos/pmsis/implem/libpmsis_implem.a(pi_malloc.c.obj)
                0x000000001c05f216                pi_malloc_init
 .text.pi_malloc
                0x000000001c05f21a       0x1c freertos/pmsis/implem/libpmsis_implem.a(pi_malloc.c.obj)
                0x000000001c05f21a                pi_malloc
 .text.pi_free  0x000000001c05f236       0x14 freertos/pmsis/implem/libpmsis_implem.a(pi_malloc.c.obj)
                0x000000001c05f236                pi_free
 .text.pi_task_remote_enqueue
                0x000000001c05f24a       0x6e freertos/pmsis/implem/libpmsis_implem.a(cluster.c.obj)
 .text.__pi_cluster_task_set_stack.isra.4
                0x000000001c05f2b8       0x5a freertos/pmsis/implem/libpmsis_implem.a(cluster.c.obj)
 .text.pi_cluster_conf_init
                0x000000001c05f312       0x16 freertos/pmsis/implem/libpmsis_implem.a(cluster.c.obj)
                0x000000001c05f312                pi_cluster_conf_init
 .text.pi_cluster_open
                0x000000001c05f328      0x268 freertos/pmsis/implem/libpmsis_implem.a(cluster.c.obj)
                0x000000001c05f328                pi_cluster_open
 .text.pi_cluster_send_task_to_cl
                0x000000001c05f590       0x88 freertos/pmsis/implem/libpmsis_implem.a(cluster.c.obj)
                0x000000001c05f590                pi_cluster_send_task_to_cl
 .text.pi_cl_send_task_to_fc
                0x000000001c05f618       0x66 freertos/pmsis/implem/libpmsis_implem.a(cluster.c.obj)
                0x000000001c05f618                pi_cl_send_task_to_fc
 .text.pi_bsp_init
                0x000000001c05f67e       0x2c freertos/pmsis/bsp/libbsp.a(bsp.c.obj)
                0x000000001c05f67e                pi_bsp_init
 .text.pi_flash_open
                0x000000001c05f6aa        0xc freertos/pmsis/bsp/libbsp.a(flash.c.obj)
                0x000000001c05f6aa                pi_flash_open
 .text.__flash_conf_init
                0x000000001c05f6b6        0x6 freertos/pmsis/bsp/libbsp.a(flash.c.obj)
                0x000000001c05f6b6                __flash_conf_init
 .text.mx25u_erase_chip_async
                0x000000001c05f6bc       0x7a freertos/pmsis/bsp/libbsp.a(mx25u51245g.c.obj)
 .text.mx25u_erase_sector_async
                0x000000001c05f736       0xde freertos/pmsis/bsp/libbsp.a(mx25u51245g.c.obj)
 .text.mx25u_read_async
                0x000000001c05f814       0x90 freertos/pmsis/bsp/libbsp.a(mx25u51245g.c.obj)
 .text.mx25u_close
                0x000000001c05f8a4       0x28 freertos/pmsis/bsp/libbsp.a(mx25u51245g.c.obj)
 .text.mx25u_open
                0x000000001c05f8cc      0x116 freertos/pmsis/bsp/libbsp.a(mx25u51245g.c.obj)
 .text.mx25u_ioctl
                0x000000001c05f9e2       0x3a freertos/pmsis/bsp/libbsp.a(mx25u51245g.c.obj)
 .text.mx25u_copy_2d_async
                0x000000001c05fa1c       0xb4 freertos/pmsis/bsp/libbsp.a(mx25u51245g.c.obj)
 .text.mx25u_copy_2d
                0x000000001c05fad0       0xc4 freertos/pmsis/bsp/libbsp.a(mx25u51245g.c.obj)
 .text.mx25u_erase_chip
                0x000000001c05fb94       0xa0 freertos/pmsis/bsp/libbsp.a(mx25u51245g.c.obj)
 .text.mx25u_read
                0x000000001c05fc34       0xbe freertos/pmsis/bsp/libbsp.a(mx25u51245g.c.obj)
 .text.mx25u_erase_sector
                0x000000001c05fcf2       0xe2 freertos/pmsis/bsp/libbsp.a(mx25u51245g.c.obj)
 .text.mx25u_erase
                0x000000001c05fdd4       0x70 freertos/pmsis/bsp/libbsp.a(mx25u51245g.c.obj)
 .text.mx25u_handle_pending_task
                0x000000001c05fe44      0x332 freertos/pmsis/bsp/libbsp.a(mx25u51245g.c.obj)
 .text.mx25u_reg_get_async
                0x000000001c060176       0x4e freertos/pmsis/bsp/libbsp.a(mx25u51245g.c.obj)
 .text.mx25u_reg_set_async
                0x000000001c0601c4       0x4e freertos/pmsis/bsp/libbsp.a(mx25u51245g.c.obj)
 .text.mx25u_check_erase
                0x000000001c060212       0xa0 freertos/pmsis/bsp/libbsp.a(mx25u51245g.c.obj)
 .text.mx25u_check_program
                0x000000001c0602b2       0x9e freertos/pmsis/bsp/libbsp.a(mx25u51245g.c.obj)
 .text.mx25u_program
                0x000000001c060350       0x80 freertos/pmsis/bsp/libbsp.a(mx25u51245g.c.obj)
 .text.mx25u_copy_async
                0x000000001c0603d0       0xf6 freertos/pmsis/bsp/libbsp.a(mx25u51245g.c.obj)
 .text.mx25u_copy
                0x000000001c0604c6       0xfe freertos/pmsis/bsp/libbsp.a(mx25u51245g.c.obj)
 .text.mx25u_reg_set
                0x000000001c0605c4       0x76 freertos/pmsis/bsp/libbsp.a(mx25u51245g.c.obj)
 .text.mx25u_reg_get
                0x000000001c06063a       0x76 freertos/pmsis/bsp/libbsp.a(mx25u51245g.c.obj)
 .text.mx25u_erase_async
                0x000000001c0606b0      0x20a freertos/pmsis/bsp/libbsp.a(mx25u51245g.c.obj)
 .text.pi_mx25u51245g_conf_init
                0x000000001c0608ba       0x32 freertos/pmsis/bsp/libbsp.a(mx25u51245g.c.obj)
                0x000000001c0608ba                pi_mx25u51245g_conf_init
 .text.__pi_ram_cluster_req_done
                0x000000001c0608ec       0x28 freertos/pmsis/bsp/libbsp.a(ram.c.obj)
 .text.__pi_ram_cluster_req
                0x000000001c060914       0x7c freertos/pmsis/bsp/libbsp.a(ram.c.obj)
 .text.pi_ram_open
                0x000000001c060990        0xc freertos/pmsis/bsp/libbsp.a(ram.c.obj)
                0x000000001c060990                pi_ram_open
 .text.pi_cl_ram_copy
                0x000000001c06099c       0x50 freertos/pmsis/bsp/libbsp.a(ram.c.obj)
                0x000000001c06099c                pi_cl_ram_copy
 .text.pi_cl_ram_copy_2d
                0x000000001c0609ec       0x66 freertos/pmsis/bsp/libbsp.a(ram.c.obj)
                0x000000001c0609ec                pi_cl_ram_copy_2d
 .text.aps256xxn_alloc
                0x000000001c060a52       0x22 freertos/pmsis/bsp/libbsp.a(aps256xxn.c.obj)
                0x000000001c060a52                aps256xxn_alloc
 .text.aps256xxn_free
                0x000000001c060a74        0xe freertos/pmsis/bsp/libbsp.a(aps256xxn.c.obj)
                0x000000001c060a74                aps256xxn_free
 .text.aps256xxn_copy_2d_async
                0x000000001c060a82       0x10 freertos/pmsis/bsp/libbsp.a(aps256xxn.c.obj)
 .text.aps256xxn_copy_async
                0x000000001c060a92        0xe freertos/pmsis/bsp/libbsp.a(aps256xxn.c.obj)
 .text.aps256xxn_close
                0x000000001c060aa0       0x36 freertos/pmsis/bsp/libbsp.a(aps256xxn.c.obj)
 .text.aps256xxn_open
                0x000000001c060ad6      0x140 freertos/pmsis/bsp/libbsp.a(aps256xxn.c.obj)
 .text.aps256xxn_ioctl
                0x000000001c060c16       0x28 freertos/pmsis/bsp/libbsp.a(aps256xxn.c.obj)
 .text.pi_aps256xxn_conf_init
                0x000000001c060c3e       0x28 freertos/pmsis/bsp/libbsp.a(aps256xxn.c.obj)
                0x000000001c060c3e                pi_aps256xxn_conf_init
 .text.pi_fs_conf_init
                0x000000001c060c66       0x1a freertos/pmsis/bsp/libbsp.a(fs.c.obj)
                0x000000001c060c66                pi_fs_conf_init
 .text.pi_fs_mount
                0x000000001c060c80       0x2e freertos/pmsis/bsp/libbsp.a(fs.c.obj)
                0x000000001c060c80                pi_fs_mount
 .text.pi_fs_unmount
                0x000000001c060cae        0x8 freertos/pmsis/bsp/libbsp.a(fs.c.obj)
                0x000000001c060cae                pi_fs_unmount
 .text.pi_fs_open
                0x000000001c060cb6        0xe freertos/pmsis/bsp/libbsp.a(fs.c.obj)
                0x000000001c060cb6                pi_fs_open
 .text.pi_fs_close
                0x000000001c060cc4        0x8 freertos/pmsis/bsp/libbsp.a(fs.c.obj)
                0x000000001c060cc4                pi_fs_close
 .text.pi_fs_read
                0x000000001c060ccc       0x3a freertos/pmsis/bsp/libbsp.a(fs.c.obj)
                0x000000001c060ccc                pi_fs_read
 .text.pi_fs_write
                0x000000001c060d06       0x3a freertos/pmsis/bsp/libbsp.a(fs.c.obj)
                0x000000001c060d06                pi_fs_write
 .text.pi_fs_copy_async
                0x000000001c060d40        0xa freertos/pmsis/bsp/libbsp.a(fs.c.obj)
                0x000000001c060d40                pi_fs_copy_async
 .text.__pi_host_fs_mount
                0x000000001c060d4a        0xc freertos/pmsis/bsp/libbsp.a(host_fs.c.obj)
 .text.__pi_host_fs_unmount
                0x000000001c060d56        0x2 freertos/pmsis/bsp/libbsp.a(host_fs.c.obj)
 .text.__pi_host_fs_seek
                0x000000001c060d58       0x1c freertos/pmsis/bsp/libbsp.a(host_fs.c.obj)
 .text.__pi_host_fs_ls
                0x000000001c060d74        0x6 freertos/pmsis/bsp/libbsp.a(host_fs.c.obj)
 .text.__pi_host_fs_dir_open
                0x000000001c060d7a        0x4 freertos/pmsis/bsp/libbsp.a(host_fs.c.obj)
 .text.__pi_host_fs_close
                0x000000001c060d7e       0x1a freertos/pmsis/bsp/libbsp.a(host_fs.c.obj)
 .text.__pi_host_fs_open
                0x000000001c060d98       0x92 freertos/pmsis/bsp/libbsp.a(host_fs.c.obj)
 .text.__pi_host_fs_remove
                0x000000001c060e2a        0x6 freertos/pmsis/bsp/libbsp.a(host_fs.c.obj)
 .text.__pi_host_fs_dir_close
                0x000000001c060e30        0x2 freertos/pmsis/bsp/libbsp.a(host_fs.c.obj)
 .text.__pi_host_fs_dir_read
                0x000000001c060e32        0x6 freertos/pmsis/bsp/libbsp.a(host_fs.c.obj)
 .text.__pi_host_fs_mkdir
                0x000000001c060e38        0x6 freertos/pmsis/bsp/libbsp.a(host_fs.c.obj)
 .text.__pi_host_fs_direct_read_async
                0x000000001c060e3e       0x9c freertos/pmsis/bsp/libbsp.a(host_fs.c.obj)
 .text.__pi_host_fs_write_async
                0x000000001c060eda       0x9a freertos/pmsis/bsp/libbsp.a(host_fs.c.obj)
 .text.__pi_host_fs_read_async
                0x000000001c060f74       0x9c freertos/pmsis/bsp/libbsp.a(host_fs.c.obj)
 .text.__pi_host_fs_copy_2d_async
                0x000000001c061010      0x132 freertos/pmsis/bsp/libbsp.a(host_fs.c.obj)
 .text.__pi_host_fs_copy_async
                0x000000001c061142       0xc4 freertos/pmsis/bsp/libbsp.a(host_fs.c.obj)
 .text.__pi_read_fs_copy_async
                0x000000001c061206       0x1a freertos/pmsis/bsp/libbsp.a(read_fs.c.obj)
 .text.__pi_read_fs_copy_2d_async
                0x000000001c061220       0x1a freertos/pmsis/bsp/libbsp.a(read_fs.c.obj)
 .text.__pi_read_fs_ls
                0x000000001c06123a        0x6 freertos/pmsis/bsp/libbsp.a(read_fs.c.obj)
 .text.__pi_read_fs_dir_open
                0x000000001c061240        0x4 freertos/pmsis/bsp/libbsp.a(read_fs.c.obj)
 .text.__pi_read_fs_dir_close
                0x000000001c061244        0x2 freertos/pmsis/bsp/libbsp.a(read_fs.c.obj)
 .text.__pi_read_fs_write
                0x000000001c061246       0x4a freertos/pmsis/bsp/libbsp.a(read_fs.c.obj)
 .text.__pi_read_fs_seek
                0x000000001c061290       0x1c freertos/pmsis/bsp/libbsp.a(read_fs.c.obj)
 .text.__pi_read_fs_open
                0x000000001c0612ac      0x11a freertos/pmsis/bsp/libbsp.a(read_fs.c.obj)
 .text.__pi_read_fs_close
                0x000000001c0613c6       0x58 freertos/pmsis/bsp/libbsp.a(read_fs.c.obj)
 .text.__pi_read_fs_remove
                0x000000001c06141e        0x6 freertos/pmsis/bsp/libbsp.a(read_fs.c.obj)
 .text.__pi_read_fs_dir_read
                0x000000001c061424        0x6 freertos/pmsis/bsp/libbsp.a(read_fs.c.obj)
 .text.__pi_read_fs_mkdir
                0x000000001c06142a        0x6 freertos/pmsis/bsp/libbsp.a(read_fs.c.obj)
 .text.__pi_read_fs_unmount
                0x000000001c061430       0x3a freertos/pmsis/bsp/libbsp.a(read_fs.c.obj)
 .text.__pi_read_fs_direct_read_async
                0x000000001c06146a       0x98 freertos/pmsis/bsp/libbsp.a(read_fs.c.obj)
 .text.__pi_fs_mount_step
                0x000000001c061502      0x19a freertos/pmsis/bsp/libbsp.a(read_fs.c.obj)
 .text.__pi_read_fs_seek_and_read
                0x000000001c06169c       0xae freertos/pmsis/bsp/libbsp.a(read_fs.c.obj)
 .text.__pi_read_fs_mount
                0x000000001c06174a      0x250 freertos/pmsis/bsp/libbsp.a(read_fs.c.obj)
 .text.pi_partition_get_flash_offset
                0x000000001c06199a        0xa freertos/pmsis/bsp/libbsp.a(partition.c.obj)
                0x000000001c06199a                pi_partition_get_flash_offset
 .text.pi_partition_table_free
                0x000000001c0619a4        0x2 freertos/pmsis/bsp/libbsp.a(partition.c.obj)
                0x000000001c0619a4                pi_partition_table_free
 .text.pi_partition_table_load
                0x000000001c0619a6        0x4 freertos/pmsis/bsp/libbsp.a(partition.c.obj)
                0x000000001c0619a6                pi_partition_table_load
 .text.pi_partition_find_first
                0x000000001c0619aa       0x5e freertos/pmsis/bsp/libbsp.a(partition.c.obj)
                0x000000001c0619aa                pi_partition_find_first
 .text.flash_partition_table_load
                0x000000001c061a08      0x166 freertos/pmsis/bsp/libbsp.a(flash_partition.c.obj)
                0x000000001c061a08                flash_partition_table_load
 .text.flash_partition_table_free
                0x000000001c061b6e       0x24 freertos/pmsis/bsp/libbsp.a(flash_partition.c.obj)
                0x000000001c061b6e                flash_partition_table_free
 .text.flash_partition_find_first
                0x000000001c061b92       0xb0 freertos/pmsis/bsp/libbsp.a(flash_partition.c.obj)
                0x000000001c061b92                flash_partition_find_first
 .text.bsp_mx25u51245g_conf_init
                0x000000001c061c42       0x18 freertos/pmsis/bsp/libbsp.a(bsp_gap9mod_v1_0_b.c.obj)
                0x000000001c061c42                bsp_mx25u51245g_conf_init
 .text.bsp_aps256xxn_conf_init
                0x000000001c061c5a       0x1a freertos/pmsis/bsp/libbsp.a(bsp_gap9mod_v1_0_b.c.obj)
                0x000000001c061c5a                bsp_aps256xxn_conf_init
 .text.extern_alloc_init
                0x000000001c061c74       0x60 freertos/pmsis/bsp/libbsp.a(alloc_extern.c.obj)
                0x000000001c061c74                extern_alloc_init
 .text.extern_alloc_deinit
                0x000000001c061cd4        0x8 freertos/pmsis/bsp/libbsp.a(alloc_extern.c.obj)
                0x000000001c061cd4                extern_alloc_deinit
 .text.extern_alloc
                0x000000001c061cdc       0x6e freertos/pmsis/bsp/libbsp.a(alloc_extern.c.obj)
                0x000000001c061cdc                extern_alloc
 .text.extern_free
                0x000000001c061d4a       0xbe freertos/pmsis/bsp/libbsp.a(alloc_extern.c.obj)
                0x000000001c061d4a                extern_free
 .text.body     0x000000001c061e08      0x8f0 freertos/pmsis/bsp/libbsp.a(md5.c.obj)
 .text.MD5_Init
                0x000000001c0626f8       0x32 freertos/pmsis/bsp/libbsp.a(md5.c.obj)
                0x000000001c0626f8                MD5_Init
 .text.MD5_Update